Component: ARM Compiler 5.06 update 6 (build 750) Tool: armlink [4d35ed]

==============================================================================

Section Cross References

    main.o(i.main) refers to led.o(i.LED_Init) for LED_Init
    main.o(i.main) refers to delay.o(i.delay_init) for delay_init
    main.o(i.main) refers to misc.o(i.NVIC_PriorityGroupConfig) for NVIC_PriorityGroupConfig
    main.o(i.main) refers to usart.o(i.uart_init) for uart_init
    main.o(i.main) refers to ccd.o(i.CCD_Init) for CCD_Init
    main.o(i.main) refers to oled.o(i.OLED_Init) for OLED_Init
    main.o(i.main) refers to oled.o(i.Screen_Init) for Screen_Init
    main.o(i.main) refers to timer.o(i.TIM2_Int_Init) for TIM2_Int_Init
    main.o(i.main) refers to oled.o(i.OLED_Show_CCD) for OLED_Show_CCD
    main.o(i.main) refers to debug.o(i.Debug) for Debug
    main.o(i.main) refers to debug.o(i.Multi_CCD_Data) for Multi_CCD_Data
    system_stm32f10x.o(i.SetSysClock) refers to system_stm32f10x.o(i.SetSysClockTo72) for SetSysClockTo72
    system_stm32f10x.o(i.SystemCoreClockUpdate) refers to system_stm32f10x.o(.data) for SystemCoreClock
    system_stm32f10x.o(i.SystemInit) refers to system_stm32f10x.o(i.SetSysClock) for SetSysClock
    delay.o(i.delay_init) refers to misc.o(i.SysTick_CLKSourceConfig) for SysTick_CLKSourceConfig
    delay.o(i.delay_init) refers to system_stm32f10x.o(.data) for SystemCoreClock
    delay.o(i.delay_init) refers to delay.o(.data) for fac_us
    delay.o(i.delay_ms) refers to delay.o(.data) for fac_ms
    delay.o(i.delay_us) refers to delay.o(.data) for fac_us
    sys.o(i.NVIC_Configuration) refers to misc.o(i.NVIC_PriorityGroupConfig) for NVIC_PriorityGroupConfig
    usart.o(i.USART1_IRQHandler) refers (Special) to use_no_semi_2.o(.text) for __use_no_semihosting
    usart.o(i.USART1_IRQHandler) refers to stm32f10x_usart.o(i.USART_GetITStatus) for USART_GetITStatus
    usart.o(i.USART1_IRQHandler) refers to stm32f10x_usart.o(i.USART_ReceiveData) for USART_ReceiveData
    usart.o(i.USART1_IRQHandler) refers to usart.o(.data) for USART_RX_STA
    usart.o(i.USART1_IRQHandler) refers to usart.o(.bss) for USART_RX_BUF
    usart.o(i._sys_exit) refers (Special) to use_no_semi_2.o(.text) for __use_no_semihosting
    usart.o(i.fputc) refers (Special) to use_no_semi_2.o(.text) for __use_no_semihosting
    usart.o(i.uart_init) refers (Special) to use_no_semi_2.o(.text) for __use_no_semihosting
    usart.o(i.uart_init) refers to stm32f10x_rcc.o(i.RCC_APB2PeriphClockCmd) for RCC_APB2PeriphClockCmd
    usart.o(i.uart_init) refers to stm32f10x_gpio.o(i.GPIO_Init) for GPIO_Init
    usart.o(i.uart_init) refers to misc.o(i.NVIC_Init) for NVIC_Init
    usart.o(i.uart_init) refers to stm32f10x_usart.o(i.USART_Init) for USART_Init
    usart.o(i.uart_init) refers to stm32f10x_usart.o(i.USART_ITConfig) for USART_ITConfig
    usart.o(i.uart_init) refers to stm32f10x_usart.o(i.USART_Cmd) for USART_Cmd
    usart.o(.bss) refers (Special) to use_no_semi_2.o(.text) for __use_no_semihosting
    usart.o(.data) refers (Special) to use_no_semi_2.o(.text) for __use_no_semihosting
    startup_stm32f10x_md.o(STACK) refers (Special) to heapauxi.o(.text) for __use_two_region_memory
    startup_stm32f10x_md.o(HEAP) refers (Special) to heapauxi.o(.text) for __use_two_region_memory
    startup_stm32f10x_md.o(RESET) refers (Special) to heapauxi.o(.text) for __use_two_region_memory
    startup_stm32f10x_md.o(RESET) refers to startup_stm32f10x_md.o(STACK) for __initial_sp
    startup_stm32f10x_md.o(RESET) refers to startup_stm32f10x_md.o(.text) for Reset_Handler
    startup_stm32f10x_md.o(RESET) refers to stm32f10x_it.o(i.NMI_Handler) for NMI_Handler
    startup_stm32f10x_md.o(RESET) refers to stm32f10x_it.o(i.HardFault_Handler) for HardFault_Handler
    startup_stm32f10x_md.o(RESET) refers to stm32f10x_it.o(i.MemManage_Handler) for MemManage_Handler
    startup_stm32f10x_md.o(RESET) refers to stm32f10x_it.o(i.BusFault_Handler) for BusFault_Handler
    startup_stm32f10x_md.o(RESET) refers to stm32f10x_it.o(i.UsageFault_Handler) for UsageFault_Handler
    startup_stm32f10x_md.o(RESET) refers to stm32f10x_it.o(i.SVC_Handler) for SVC_Handler
    startup_stm32f10x_md.o(RESET) refers to stm32f10x_it.o(i.DebugMon_Handler) for DebugMon_Handler
    startup_stm32f10x_md.o(RESET) refers to stm32f10x_it.o(i.PendSV_Handler) for PendSV_Handler
    startup_stm32f10x_md.o(RESET) refers to stm32f10x_it.o(i.SysTick_Handler) for SysTick_Handler
    startup_stm32f10x_md.o(RESET) refers to control.o(i.TIM2_IRQHandler) for TIM2_IRQHandler
    startup_stm32f10x_md.o(RESET) refers to usart.o(i.USART1_IRQHandler) for USART1_IRQHandler
    startup_stm32f10x_md.o(.text) refers (Special) to heapauxi.o(.text) for __use_two_region_memory
    startup_stm32f10x_md.o(.text) refers to system_stm32f10x.o(i.SystemInit) for SystemInit
    startup_stm32f10x_md.o(.text) refers to __main.o(!!!main) for __main
[...]
    Removing stm32f10x_dma.o(i.DMA_StructInit), (26 bytes).
    Removing adc.o(i.ADC1_init), (172 bytes).
    Removing adc.o(i.Get_Adc_Averge), (40 bytes).
    Removing adc.o(.data), (2 bytes).
    Removing key.o(i.KEY_Init), (96 bytes).
    Removing key.o(i.KEY_Scan), (168 bytes).
    Removing key.o(.data), (1 bytes).
    Removing debug.o(i.LPLD_CCD_Data), (68 bytes).
    Removing debug.o(i.Landzo_CCD_Data), (112 bytes).
    Removing debug.o(i.binToHex_high), (24 bytes).
    Removing debug.o(i.binToHex_low), (26 bytes).
    Removing debug.o(i.slove_data), (64 bytes).
    Removing debug.o(.bss), (200 bytes).
    Removing debug.o(.data), (256 bytes).
    Removing oled.o(i.ssd1331_DrawCircle), (174 bytes).
    Removing oled.o(i.ssd1331_DrawLine), (224 bytes).
    Removing oled.o(i.ssd1331_clear_screen), (14 bytes).
    Removing oled.o(i.ssd1331_copy), (44 bytes).
    Removing oled.o(i.ssd1331_display_string_screen_center), (154 bytes).
    Removing oled.o(i.ssd1331_draw_64Kpattern), (38 bytes).
    Removing oled.o(i.ssd1331_draw_bitmap), (112 bytes).
    Removing oled.o(i.ssd1331_draw_h_line), (64 bytes).
    Removing oled.o(i.ssd1331_draw_v_line), (64 bytes).
    Removing oled.o(i.ssd1331_vertical_scroll), (20 bytes).
    Removing ssd1331.o(i.Checkerboard), (104 bytes).
    Removing ssd1331.o(i.Clear_Windows), (46 bytes).
    Removing ssd1331.o(i.Deactivate_Scroll), (10 bytes).
    Removing ssd1331.o(i.Draw_Line), (72 bytes).
    Removing ssd1331.o(i.Fade_In), (38 bytes).
    Removing ssd1331.o(i.Fade_Out), (38 bytes).
    Removing ssd1331.o(i.Fill_Enable_Disable), (18 bytes).
    Removing ssd1331.o(i.OLED_Delay), (48 bytes).
    Removing ssd1331.o(i.Rainbow), (160 bytes).
    Removing ssd1331.o(i.Set_Brightness), (12 bytes).
    Removing ssd1331.o(i.Set_Command_Lock), (18 bytes).
    Removing ssd1331.o(i.Set_Gray_Scale_Table), (388 bytes).
    Removing ssd1331.o(i.Set_Linear_Gray_Scale_Table), (10 bytes).
    Removing ssd1331.o(i.Show_256k_Pattern), (108 bytes).
    Removing ssd1331.o(i.Show_64k_Pattern), (82 bytes).
    Removing ssd1331.o(i.Sleep_Wake), (34 bytes).
    Removing ssd1331.o(i.Vertical_Scroll), (72 bytes).
    Removing ssd1331.o(i.copy), (62 bytes).
    Removing dma.o(i.MYDMA_Config), (100 bytes).
    Removing dma.o(.data), (2 bytes).

241 unused section(s) (total 10775 bytes) removed from the image.

==============================================================================

Image Symbol Table

    Local Symbols

    Symbol Name                              Value     Ov Type        Size  Object(Section)

    ../clib/angel/boardlib.s                 0x00000000   Number         0  boardinit1.o ABSOLUTE
    ../clib/angel/boardlib.s                 0x00000000   Number         0  boardinit2.o ABSOLUTE
    ../clib/angel/boardlib.s                 0x00000000   Number         0  boardinit3.o ABSOLUTE
    ../clib/angel/boardlib.s                 0x00000000   Number         0  boardshut.o ABSOLUTE
    ../clib/angel/dczerorl2.s                0x00000000   Number         0  __dczerorl2.o ABSOLUTE
    ../clib/angel/handlers.s                 0x00000000   Number         0  __scatter_zi.o ABSOLUTE
    ../clib/angel/kernel.s                   0x00000000   Number         0  rtexit2.o ABSOLUTE
    ../clib/angel/kernel.s                   0x00000000   Number         0  rtexit.o ABSOLUTE
    ../clib/angel/kernel.s                   0x00000000   Number         0  __rtentry.o ABSOLUTE
    ../clib/angel/kernel.s                   0x00000000   Number         0  __rtentry2.o ABSOLUTE
    ../clib/angel/kernel.s                   0x00000000   Number         0  __rtentry4.o ABSOLUTE
    ../clib/angel/rt.s                       0x00000000   Number         0  rt_raise.o ABSOLUTE
    ../clib/angel/scatter.s                  0x00000000   Number         0  __scatter.o ABSOLUTE
    ../clib/angel/startup.s                  0x00000000   Number         0  __main.o ABSOLUTE
    ../clib/angel/sys.s                      0x00000000   Number         0  libspace.o ABSOLUTE
    ../clib/angel/sys.s                      0x00000000   Number         0  indicate_semi.o ABSOLUTE
    ../clib/angel/sys.s                      0x00000000   Number         0  use_no_semi.o ABSOLUTE
    ../clib/angel/sys.s                      0x00000000   Number         0  sys_stackheap_outer.o ABSOLUTE
    ../clib/angel/sys.s                      0x00000000   Number         0  use_no_semi_2.o ABSOLUTE
    ../clib/angel/sysapp.c                   0x00000000   Number         0  sys_command.o ABSOLUTE
    ../clib/angel/sysapp.c                   0x00000000   Number         0  sys_wrch.o ABSOLUTE
    ../clib/armsys.c                         0x00000000   Number         0  argv_veneer.o ABSOLUTE
    ../clib/armsys.c                         0x00000000   Number         0  argv_veneer.o ABSOLUTE
    ../clib/armsys.c                         0x00000000   Number         0  _get_argv_nomalloc.o ABSOLUTE
    ../clib/armsys.c                         0x00000000   Number         0  no_argv.o ABSOLUTE
    ../clib/heapalloc.c                      0x00000000   Number         0  hrguard.o ABSOLUTE
    ../clib/heapaux.c                        0x00000000   Number         0  heapauxi.o ABSOLUTE
    ../clib/libinit.s                        0x00000000   Number         0  libinit.o ABSOLUTE
    ../clib/libinit.s                        0x00000000   Number         0  libshutdown.o ABSOLUTE
    ../clib/libinit.s                        0x00000000   Number         0  libinit2.o ABSOLUTE
    ../clib/libinit.s                        0x00000000   Number         0  libshutdown2.o ABSOLUTE
    ../clib/printf.c                         0x00000000   Number         0  __printf_flags.o ABSOLUTE
    ../clib/printf.c                         0x00000000   Number         0  __printf_ss.o ABSOLUTE
    ../clib/printf.c                         0x00000000   Number         0  __printf_wp.o ABSOLUTE
    ../clib/printf.c                         0x00000000   Number         0  __printf_flags_ss.o ABSOLUTE
    ../clib/printf.c                         0x00000000   Number         0  __printf_nopercent.o ABSOLUTE
    ../clib/printf.c                         0x00000000   Number         0  _printf_char_common.o ABSOLUTE
    ../clib/printf.c                         0x00000000   Number         0  __printf_ss_wp.o ABSOLUTE
    ../clib/printf.c                         0x00000000   Number         0  _printf_char_file.o ABSOLUTE
    ../clib/printf.c                         0x00000000   Number         0  __printf_flags_ss_wp.o ABSOLUTE
    ../clib/printf.c                         0x00000000   Number         0  __printf_flags_wp.o ABSOLUTE
    ../clib/printf.c                         0x00000000   Number         0  __2printf.o ABSOLUTE
    ../clib/printf.c                         0x00000000   Number         0  _printf_char.o ABSOLUTE
    ../clib/printf.c                         0x00000000   Number         0  noretval__2printf.o ABSOLUTE
    ../clib/printf.c                         0x00000000   Number         0  __printf.o ABSOLUTE
    ../clib/printf.c                         0x00000000   Number         0  _printf_str.o ABSOLUTE
    ../clib/printf_percent.s                 0x00000000   Number         0  _printf_percent_end.o ABSOLUTE
    ../clib/printf_percent.s                 0x00000000   Number         0  _printf_percent.o ABSOLUTE
    ../clib/printf_percent.s                 0x00000000   Number         0  _printf_c.o ABSOLUTE
    ../clib/signal.c                         0x00000000   Number         0  defsig_abrt_inner.o ABSOLUTE
    ../clib/signal.c                         0x00000000   Number         0  defsig_general.o ABSOLUTE
    ../clib/signal.c                         0x00000000   Number         0  __raise.o ABSOLUTE
    ../clib/signal.c                         0x00000000   Number         0  defsig_rtmem_inner.o ABSOLUTE
    ../clib/signal.c                         0x00000000   Number         0  defsig_exit.o ABSOLUTE
    ../clib/signal.c                         0x00000000   Number         0  defsig_rtmem_formal.o ABSOLUTE
    ../clib/signal.c                         0x00000000   Number         0  defsig_rtmem_outer.o ABSOLUTE
    ../clib/signal.c                         0x00000000   Number         0  defsig_other.o ABSOLUTE
    ../clib/signal.c                         0x00000000   Number         0  defsig_segv_inner.o ABSOLUTE
    ../clib/signal.c                         0x00000000   Number         0  defsig_cppl_inner.o ABSOLUTE
    ../clib/signal.c                         0x00000000   Number         0  defsig_pvfn_inner.o ABSOLUTE
    ../clib/signal.c                         0x00000000   Number         0  defsig_stak_inner.o ABSOLUTE
    ../clib/signal.c                         0x00000000   Number         0  defsig_rtred_inner.o ABSOLUTE
    ../clib/signal.c                         0x00000000   Number         0  defsig_fpe_inner.o ABSOLUTE
    ../clib/signal.s                         0x00000000   Number         0  defsig.o ABSOLUTE
    ../clib/stdio.c                          0x00000000   Number         0  ferror.o ABSOLUTE
    ../clib/stdio.c                          0x00000000   Number         0  ferror_locked.o ABSOLUTE
    ../clib/stdlib.c                         0x00000000   Number         0  exit.o ABSOLUTE
    ../clib/string.c                         0x00000000   Number         0  strlen.o ABSOLUTE
    ../fplib/d2f.s                           0x00000000   Number         0  d2f.o ABSOLUTE
    ../fplib/dcmpi.s                         0x00000000   Number         0  dcmpi.o ABSOLUTE
    ../fplib/dfixu.s                         0x00000000   Number         0  dfixu.o ABSOLUTE
    ../fplib/dflt.s                          0x00000000   Number         0  dflt_clz.o ABSOLUTE
    ../fplib/dleqf.s                         0x00000000   Number         0  dleqf.o ABSOLUTE
    ../fplib/dmul.s                          0x00000000   Number         0  dmul.o ABSOLUTE
    ../fplib/dnaninf.s                       0x00000000   Number         0  dnaninf.o ABSOLUTE
    ../fplib/dretinf.s                       0x00000000   Number         0  dretinf.o ABSOLUTE
    ../fplib/drleqf.s                        0x00000000   Number         0  drleqf.o ABSOLUTE
    ../fplib/f2d.s                           0x00000000   Number         0  f2d.o ABSOLUTE
    ../fplib/faddsub.s                       0x00000000   Number         0  faddsub_clz.o ABSOLUTE
    ../fplib/fcmpi.s                         0x00000000   Number         0  fcmpi.o ABSOLUTE
    ../fplib/fdiv.s                          0x00000000   Number         0  fdiv.o ABSOLUTE
    ../fplib/feqf.s                          0x00000000   Number         0  feqf.o ABSOLUTE
    ../fplib/ffixu.s                         0x00000000   Number         0  ffixu.o ABSOLUTE
    ../fplib/fflt.s                          0x00000000   Number         0  fflt_clz.o ABSOLUTE
    ../fplib/fleqf.s                         0x00000000   Number         0  fleqf.o ABSOLUTE
    ../fplib/fmul.s                          0x00000000   Number         0  fmul.o ABSOLUTE
    ../fplib/fnaninf.s                       0x00000000   Number         0  fnaninf.o ABSOLUTE
    ../fplib/fpinit.s                        0x00000000   Number         0  fpinit.o ABSOLUTE
    ../fplib/fretinf.s                       0x00000000   Number         0  fretinf.o ABSOLUTE
    ../fplib/frleqf.s                        0x00000000   Number         0  frleqf.o ABSOLUTE
    ../fplib/usenofp.s                       0x00000000   Number         0  usenofp.o ABSOLUTE
    ..\CORE\core_cm3.c                       0x00000000   Number         0  core_cm3.o ABSOLUTE
    ..\CORE\startup_stm32f10x_md.s           0x00000000   Number         0  startup_stm32f10x_md.o ABSOLUTE
    ..\HARDWARE\ADC\adc.c                    0x00000000   Number         0  adc.o ABSOLUTE
    ..\HARDWARE\CCD\ccd.c                    0x00000000   Number         0  ccd.o ABSOLUTE
    ..\HARDWARE\CONTROL\control.c            0x00000000   Number         0  control.o ABSOLUTE
    ..\HARDWARE\DEBUG\debug.c                0x00000000   Number         0  debug.o ABSOLUTE
    ..\HARDWARE\DMA\dma.c                    0x00000000   Number         0  dma.o ABSOLUTE
    ..\HARDWARE\KEY\key.c                    0x00000000   Number         0  key.o ABSOLUTE
    ..\HARDWARE\LED\led.c                    0x00000000   Number         0  led.o ABSOLUTE
    ..\HARDWARE\OLED\font.c                  0x00000000   Number         0  font.o ABSOLUTE
    ..\HARDWARE\OLED\oled.c                  0x00000000   Number         0  oled.o ABSOLUTE
    ..\HARDWARE\OLED\ssd1331.c               0x00000000   Number         0  ssd1331.o ABSOLUTE
    ..\HARDWARE\TIMER\timer.c                0x00000000   Number         0  timer.o ABSOLUTE
    ..\STM3210X\src\misc.c                   0x00000000   Number         0  misc.o ABSOLUTE
    ..\STM3210X\src\stm32f10x_adc.c          0x00000000   Number         0  stm32f10x_adc.o ABSOLUTE
    ..\STM3210X\src\stm32f10x_dma.c          0x00000000   Number         0  stm32f10x_dma.o ABSOLUTE
    ..\STM3210X\src\stm32f10x_gpio.c         0x00000000   Number         0  stm32f10x_gpio.o ABSOLUTE
    ..\STM3210X\src\stm32f10x_rcc.c          0x00000000   Number         0  stm32f10x_rcc.o ABSOLUTE
    ..\STM3210X\src\stm32f10x_tim.c          0x00000000   Number         0  stm32f10x_tim.o ABSOLUTE
    ..\STM3210X\src\stm32f10x_usart.c        0x00000000   Number         0  stm32f10x_usart.o ABSOLUTE
    ..\SYSTEM\delay\delay.c                  0x00000000   Number         0  delay.o ABSOLUTE
    ..\SYSTEM\sys\sys.c                      0x00000000   Number         0  sys.o ABSOLUTE
    ..\SYSTEM\usart\usart.c                  0x00000000   Number         0  usart.o ABSOLUTE
    ..\\CORE\\core_cm3.c                     0x00000000   Number         0  core_cm3.o ABSOLUTE
    dc.s                                     0x00000000   Number         0  dc.o ABSOLUTE
    main.c                                   0x00000000   Number         0  main.o ABSOLUTE
    stm32f10x_it.c                           0x00000000   Number         0  stm32f10x_it.o ABSOLUTE
    system_stm32f10x.c                       0x00000000   Number         0  system_stm32f10x.o ABSOLUTE
    RESET                                    0x08000000   Section      236  startup_stm32f10x_md.o(RESET)
    !!!main                                  0x080000ec   Section        8  __main.o(!!!main)
    !!!scatter                               0x080000f4   Section       52  __scatter.o(!!!scatter)
    !!dczerorl2                              0x08000128   Section       90  __dczerorl2.o(!!dczerorl2)
    !!handler_zi                             0x08000184   Section       28  __scatter_zi.o(!!handler_zi)
    .ARM.Collect$$libinit$$00000000          0x080001a0   Section        2  libinit.o(.ARM.Collect$$libinit$$00000000)
    .ARM.Collect$$libinit$$00000002          0x080001a2   Section        0  libinit2.o(.ARM.Collect$$libinit$$00000002)
    .ARM.Collect$$libinit$$00000004          0x080001a2   Section        0  libinit2.o(.ARM.Collect$$libinit$$00000004)
    .ARM.Collect$$libinit$$0000000A          0x080001a2   Section        0  libinit2.o(.ARM.Collect$$libinit$$0000000A)
    .ARM.Collect$$libinit$$0000000C          0x080001a2   Section        0  libinit2.o(.ARM.Collect$$libinit$$0000000C)
    .ARM.Collect$$libinit$$0000000E          0x080001a2   Section        0  libinit2.o(.ARM.Collect$$libinit$$0000000E)
    .ARM.Collect$$libinit$$00000011          0x080001a2   Section        0  libinit2.o(.ARM.Collect$$libinit$$00000011)
    .ARM.Collect$$libinit$$00000013          0x080001a2   Section        0  libinit2.o(.ARM.Collect$$libinit$$00000013)
    .ARM.Collect$$libinit$$00000015          0x080001a2   Section        0  libinit2.o(.ARM.Collect$$libinit$$00000015)
    .ARM.Collect$$libinit$$00000017          0x080001a2   Section        0  libinit2.o(.ARM.Collect$$libinit$$00000017)
    .ARM.Collect$$libinit$$00000019          0x080001a2   Section        0  libinit2.o(.ARM.Collect$$libinit$$00000019)
    .ARM.Collect$$libinit$$0000001B          0x080001a2   Section        0  libinit2.o(.ARM.Collect$$libinit$$0000001B)
    .ARM.Collect$$libinit$$0000001D          0x080001a2   Section        0  libinit2.o(.ARM.Collect$$libinit$$0000001D)
    .ARM.Collect$$libinit$$0000001F          0x080001a2   Section        0  libinit2.o(.ARM.Collect$$libinit$$0000001F)
    .ARM.Collect$$libinit$$00000021          0x080001a2   Section        0  libinit2.o(.ARM.Collect$$libinit$$00000021)
    .ARM.Collect$$libinit$$00000023          0x080001a2   Section        0  libinit2.o(.ARM.Collect$$libinit$$00000023)
    .ARM.Collect$$libinit$$00000025          0x080001a2   Section        0  libinit2.o(.ARM.Collect$$libinit$$00000025)
    .ARM.Collect$$libinit$$0000002C          0x080001a2   Section        0  libinit2.o(.ARM.Collect$$libinit$$0000002C)
    .ARM.Collect$$libinit$$0000002E          0x080001a2   Section        0  libinit2.o(.ARM.Collect$$libinit$$0000002E)
    .ARM.Collect$$libinit$$00000030          0x080001a2   Section        0  libinit2.o(.ARM.Collect$$libinit$$00000030)
    .ARM.Collect$$libinit$$00000032          0x080001a2   Section        0  libinit2.o(.ARM.Collect$$libinit$$00000032)
    .ARM.Collect$$libinit$$00000033          0x080001a2   Section        2  libinit2.o(.ARM.Collect$$libinit$$00000033)
    .ARM.Collect$$libshutdown$$00000000      0x080001a4   Section        2  libshutdown.o(.ARM.Collect$$libshutdown$$00000000)
    .ARM.Collect$$libshutdown$$00000002      0x080001a6   Section        0  libshutdown2.o(.ARM.Collect$$libshutdown$$00000002)
    .ARM.Collect$$libshutdown$$00000004      0x080001a6   Section        0  libshutdown2.o(.ARM.Collect$$libshutdown$$00000004)
    .ARM.Collect$$libshutdown$$00000007      0x080001a6   Section        0  libshutdown2.o(.ARM.Collect$$libshutdown$$00000007)
    .ARM.Collect$$libshutdown$$0000000A      0x080001a6   Section        0  libshutdown2.o(.ARM.Collect$$libshutdown$$0000000A)
    .ARM.Collect$$libshutdown$$0000000C      0x080001a6   Section        0  libshutdown2.o(.ARM.Collect$$libshutdown$$0000000C)
    .ARM.Collect$$libshutdown$$0000000F      0x080001a6   Section        0  libshutdown2.o(.ARM.Collect$$libshutdown$$0000000F)
    .ARM.Collect$$libshutdown$$00000010      0x080001a6   Section        2  libshutdown2.o(.ARM.Collect$$libshutdown$$00000010)
    .ARM.Collect$$rtentry$$00000000          0x080001a8   Section        0  __rtentry.o(.ARM.Collect$$rtentry$$00000000)
    .ARM.Collect$$rtentry$$00000002          0x080001a8   Section        0  __rtentry2.o(.ARM.Collect$$rtentry$$00000002)
    .ARM.Collect$$rtentry$$00000004          0x080001a8   Section        6  __rtentry4.o(.ARM.Collect$$rtentry$$00000004)
    .ARM.Collect$$rtentry$$00000009          0x080001ae   Section        0  __rtentry2.o(.ARM.Collect$$rtentry$$00000009)
    .ARM.Collect$$rtentry$$0000000A          0x080001ae   Section        4  __rtentry2.o(.ARM.Collect$$rtentry$$0000000A)
    .ARM.Collect$$rtentry$$0000000C          0x080001b2   Section        0  __rtentry2.o(.ARM.Collect$$rtentry$$0000000C)
    .ARM.Collect$$rtentry$$0000000D          0x080001b2   Section        8  __rtentry2.o(.ARM.Collect$$rtentry$$0000000D)
    .ARM.Collect$$rtexit$$00000000           0x080001ba   Section        2  rtexit.o(.ARM.Collect$$rtexit$$00000000)
    .ARM.Collect$$rtexit$$00000002           0x080001bc   Section        0  rtexit2.o(.ARM.Collect$$rtexit$$00000002)
    .ARM.Collect$$rtexit$$00000003           0x080001bc   Section        4  rtexit2.o(.ARM.Collect$$rtexit$$00000003)
    .ARM.Collect$$rtexit$$00000004           0x080001c0   Section        6  rtexit2.o(.ARM.Collect$$rtexit$$00000004)
    .text                                    0x080001c8   Section       64  startup_stm32f10x_md.o(.text)
    .text                                    0x08000208   Section        2  use_no_semi_2.o(.text)
    .text                                    0x0800020a   Section        0  heapauxi.o(.text)
    .text                                    0x08000210   Section        2  use_no_semi.o(.text)
    .text                                    0x08000212   Section       74  sys_stackheap_outer.o(.text)
    .text                                    0x0800025c   Section        0  exit.o(.text)
    .text                                    0x08000270   Section        8  libspace.o(.text)
    i.ADC_Cmd                                0x08000278   Section        0  stm32f10x_adc.o(i.ADC_Cmd)
    i.ADC_DeInit                             0x08000290   Section        0  stm32f10x_adc.o(i.ADC_DeInit)
    i.ADC_GetCalibrationStatus               0x080002ec   Section        0  stm32f10x_adc.o(i.ADC_GetCalibrationStatus)
    i.ADC_GetConversionValue                 0x08000300   Section        0  stm32f10x_adc.o(i.ADC_GetConversionValue)
    i.ADC_GetFlagStatus                      0x08000308   Section        0  stm32f10x_adc.o(i.ADC_GetFlagStatus)
    i.ADC_GetResetCalibrationStatus          0x0800031a   Section        0  stm32f10x_adc.o(i.ADC_GetResetCalibrationStatus)
    i.ADC_Init                               0x08000330   Section        0  stm32f10x_adc.o(i.ADC_Init)
    i.ADC_RegularChannelConfig               0x08000380   Section        0  stm32f10x_adc.o(i.ADC_RegularChannelConfig)
    i.ADC_ResetCalibration                   0x08000438   Section        0  stm32f10x_adc.o(i.ADC_ResetCalibration)
    i.ADC_SoftwareStartConvCmd               0x08000442   Section        0  stm32f10x_adc.o(i.ADC_SoftwareStartConvCmd)
    i.ADC_StartCalibration                   0x08000458   Section        0  stm32f10x_adc.o(i.ADC_StartCalibration)
    i.ADC_init                               0x08000464   Section        0  adc.o(i.ADC_init)
    i.BusFault_Handler                       0x080004fc   Section        0  stm32f10x_it.o(i.BusFault_Handler)
    i.CCD_Init                               0x08000500   Section        0  ccd.o(i.CCD_Init)
    i.Debug                                  0x0800054c   Section        0  debug.o(i.Debug)
    i.DebugMon_Handler                       0x0800054e   Section        0  stm32f10x_it.o(i.DebugMon_Handler)
    i.Dly_us                                 0x08000550   Section        0  ccd.o(i.Dly_us)
    i.Draw_Rectangle                         0x0800055c   Section        0  ssd1331.o(i.Draw_Rectangle)
    i.Fill_Block                             0x080005b6   Section        0  ssd1331.o(i.Fill_Block)
    i.Fill_RAM                               0x08000612   Section        0  ssd1331.o(i.Fill_RAM)
    i.GPIO_Init                              0x08000652   Section        0  stm32f10x_gpio.o(i.GPIO_Init)
    i.GPIO_ResetBits                         0x08000768   Section        0  stm32f10x_gpio.o(i.GPIO_ResetBits)
    i.GPIO_SetBits                           0x0800076c   Section        0  stm32f10x_gpio.o(i.GPIO_SetBits)
    i.Get_Adc                                0x08000770   Section        0  adc.o(i.Get_Adc)
    i.HardFault_Handler                      0x08000798   Section        0  stm32f10x_it.o(i.HardFault_Handler)
    i.LED_Init                               0x0800079c   Section        0  led.o(i.LED_Init)
    i.MemManage_Handler                      0x080007d0   Section        0  stm32f10x_it.o(i.MemManage_Handler)
    i.Multi_CCD_Data                         0x080007d4   Section        0  debug.o(i.Multi_CCD_Data)
    i.NMI_Handler                            0x08000810   Section        0  stm32f10x_it.o(i.NMI_Handler)
    i.NVIC_Init                              0x08000814   Section        0  misc.o(i.NVIC_Init)
    i.NVIC_PriorityGroupConfig               0x08000884   Section        0  misc.o(i.NVIC_PriorityGroupConfig)
    i.OLED_Init                              0x08000898   Section        0  oled.o(i.OLED_Init)
    i.OLED_Show_CCD                          0x0800097c   Section        0  oled.o(i.OLED_Show_CCD)
    i.PendSV_Handler                         0x08000ad8   Section        0  stm32f10x_it.o(i.PendSV_Handler)
    i.RCC_ADCCLKConfig                       0x08000adc   Section        0  stm32f10x_rcc.o(i.RCC_ADCCLKConfig)
    i.RCC_APB1PeriphClockCmd                 0x08000af4   Section        0  stm32f10x_rcc.o(i.RCC_APB1PeriphClockCmd)
    i.RCC_APB2PeriphClockCmd                 0x08000b14   Section        0  stm32f10x_rcc.o(i.RCC_APB2PeriphClockCmd)
    i.RCC_APB2PeriphResetCmd                 0x08000b34   Section        0  stm32f10x_rcc.o(i.RCC_APB2PeriphResetCmd)
    i.RCC_GetClocksFreq                      0x08000b54   Section        0  stm32f10x_rcc.o(i.RCC_GetClocksFreq)
    i.RD_TSL                                 0x08000c28   Section        0  ccd.o(i.RD_TSL)
    i.SVC_Handler                            0x08000cd8   Section        0  stm32f10x_it.o(i.SVC_Handler)
    i.Screen_Init                            0x08000cdc   Section        0  oled.o(i.Screen_Init)
    i.SetSysClock                            0x08000db0   Section        0  system_stm32f10x.o(i.SetSysClock)
    SetSysClock                              0x08000db1   Thumb Code     8  system_stm32f10x.o(i.SetSysClock)
    i.SetSysClockTo72                        0x08000db8   Section        0  system_stm32f10x.o(i.SetSysClockTo72)
    SetSysClockTo72                          0x08000db9   Thumb Code   214  system_stm32f10x.o(i.SetSysClockTo72)
    i.Set_Column_Address                     0x08000e98   Section        0  ssd1331.o(i.Set_Column_Address)
    i.Set_Contrast_Color                     0x08000eb2   Section        0  ssd1331.o(i.Set_Contrast_Color)
    i.Set_Display_Mode                       0x08000ee0   Section        0  ssd1331.o(i.Set_Display_Mode)
    i.Set_Display_Offset                     0x08000eee   Section        0  ssd1331.o(i.Set_Display_Offset)
    i.Set_Display_On_Off                     0x08000f00   Section        0  ssd1331.o(i.Set_Display_On_Off)
    i.Set_Master_Configuration               0x08000f0e   Section        0  ssd1331.o(i.Set_Master_Configuration)
    i.Set_Master_Current                     0x08000f20   Section        0  ssd1331.o(i.Set_Master_Current)
    i.Set_Multiplex_Ratio                    0x08000f32   Section        0  ssd1331.o(i.Set_Multiplex_Ratio)
    i.Set_Oscillator_Frequency_Clock_Divider 0x08000f44   Section        0  ssd1331.o(i.Set_Oscillator_Frequency_Clock_Divider)
    i.Set_Power_Saving_Mode                  0x08000f56   Section        0  ssd1331.o(i.Set_Power_Saving_Mode)
    i.Set_Pre_charge_Level                   0x08000f68   Section        0  ssd1331.o(i.Set_Pre_charge_Level)
    i.Set_Remap_Format                       0x08000f7a   Section        0  ssd1331.o(i.Set_Remap_Format)
    i.Set_Reset_Pre_charge_period            0x08000f8c   Section        0  ssd1331.o(i.Set_Reset_Pre_charge_period)
    i.Set_Row_Address                        0x08000f9e   Section        0  ssd1331.o(i.Set_Row_Address)
    i.Set_Second_Pre_charge_Speed_of_Color   0x08000fb8   Section        0  ssd1331.o(i.Set_Second_Pre_charge_Speed_of_Color)
    i.Set_Start_Line                         0x08000fe6   Section        0  ssd1331.o(i.Set_Start_Line)
    i.Set_VCOMH                              0x08000ff8   Section        0  ssd1331.o(i.Set_VCOMH)
    i.SysTick_CLKSourceConfig                0x0800100a   Section        0  misc.o(i.SysTick_CLKSourceConfig)
    i.SysTick_Handler                        0x08001032   Section        0  stm32f10x_it.o(i.SysTick_Handler)
    i.SystemInit                             0x08001034   Section        0  system_stm32f10x.o(i.SystemInit)
    i.TIM2_IRQHandler                        0x08001094   Section        0  control.o(i.TIM2_IRQHandler)
    i.TIM2_Int_Init                          0x080010d8   Section        0  timer.o(i.TIM2_Int_Init)
    i.TIM_Cmd                                0x08001134   Section        0  stm32f10x_tim.o(i.TIM_Cmd)
    i.TIM_ITConfig                           0x0800114c   Section        0  stm32f10x_tim.o(i.TIM_ITConfig)
    i.TIM_TimeBaseInit                       0x08001160   Section        0  stm32f10x_tim.o(i.TIM_TimeBaseInit)
    i.USART1_IRQHandler                      0x08001204   Section        0  usart.o(i.USART1_IRQHandler)
    i.USART_Cmd                              0x0800128c   Section        0  stm32f10x_usart.o(i.USART_Cmd)
    i.USART_GetITStatus                      0x080012a4   Section        0  stm32f10x_usart.o(i.USART_GetITStatus)
    i.USART_ITConfig                         0x080012f8   Section        0  stm32f10x_usart.o(i.USART_ITConfig)
    i.USART_Init                             0x08001344   Section        0  stm32f10x_usart.o(i.USART_Init)
    i.USART_ReceiveData                      0x0800141c   Section        0  stm32f10x_usart.o(i.USART_ReceiveData)
    i.UsageFault_Handler                     0x08001426   Section        0  stm32f10x_it.o(i.UsageFault_Handler)
    i.Write_Command                          0x0800142c   Section        0  ssd1331.o(i.Write_Command)
    i.Write_Data                             0x08001490   Section        0  ssd1331.o(i.Write_Data)
    i._sys_exit                              0x080014f4   Section        0  usart.o(i._sys_exit)
    i.delay_init                             0x080014fc   Section        0  delay.o(i.delay_init)
    i.getCCDMedian                           0x08001540   Section        0  ccd.o(i.getCCDMedian)
    i.main                                   0x080017d0   Section        0  main.o(i.main)
    i.ssd1331_DrawRectangle                  0x08001810   Section        0  oled.o(i.ssd1331_DrawRectangle)
    i.ssd1331_display_Chinese                0x08001858   Section        0  oled.o(i.ssd1331_display_Chinese)
    i.ssd1331_display_char                   0x080018d0   Section        0  oled.o(i.ssd1331_display_char)
    i.ssd1331_display_number                 0x080019cc   Section        0  oled.o(i.ssd1331_display_number)
    i.ssd1331_display_string                 0x08001a62   Section        0  oled.o(i.ssd1331_display_string)
    i.ssd1331_draw_point                     0x08001ae4   Section        0  oled.o(i.ssd1331_draw_point)
    i.ssd1331_fill_black                     0x08001b10   Section        0  oled.o(i.ssd1331_fill_black)
    i.ssd1331_pow                            0x08001b3c   Section        0  oled.o(i.ssd1331_pow)
    i.ssd1331_set_color                      0x08001b52   Section        0  oled.o(i.ssd1331_set_color)
    i.uOLED_Delay                            0x08001b64   Section        0  ssd1331.o(i.uOLED_Delay)
    i.uart_init                              0x08001b74   Section        0  usart.o(i.uart_init)
    i.usart1_send                            0x08001c14   Section        0  debug.o(i.usart1_send)
    x$fpl$d2f                                0x08001c30   Section       98  d2f.o(x$fpl$d2f)
    x$fpl$dcmpinf                            0x08001c92   Section       24  dcmpi.o(x$fpl$dcmpinf)
    x$fpl$dfixu                              0x08001cac   Section       90  dfixu.o(x$fpl$dfixu)
    x$fpl$dfltu                              0x08001d06   Section       38  dflt_clz.o(x$fpl$dfltu)
    x$fpl$dleqf                              0x08001d2c   Section      120  dleqf.o(x$fpl$dleqf)
    x$fpl$dmul                               0x08001da4   Section      340  dmul.o(x$fpl$dmul)
    x$fpl$dnaninf                            0x08001ef8   Section      156  dnaninf.o(x$fpl$dnaninf)
    x$fpl$dretinf                            0x08001f94   Section       12  dretinf.o(x$fpl$dretinf)
    x$fpl$drleqf                             0x08001fa0   Section      108  drleqf.o(x$fpl$drleqf)
    x$fpl$f2d                                0x0800200c   Section       86  f2d.o(x$fpl$f2d)
    x$fpl$fadd                               0x08002064   Section      196  faddsub_clz.o(x$fpl$fadd)
    _fadd1                                   0x08002073   Thumb Code     0  faddsub_clz.o(x$fpl$fadd)
    x$fpl$fcmpinf                            0x08002128   Section       24  fcmpi.o(x$fpl$fcmpinf)
    x$fpl$fdiv                               0x08002140   Section      388  fdiv.o(x$fpl$fdiv)
    _fdiv1                                   0x08002141   Thumb Code     0  fdiv.o(x$fpl$fdiv)
    x$fpl$ffixu                              0x080022c4   Section       62  ffixu.o(x$fpl$ffixu)
    x$fpl$ffltu                              0x08002304   Section       38  fflt_clz.o(x$fpl$ffltu)
    x$fpl$fleqf                              0x0800232c   Section      104  fleqf.o(x$fpl$fleqf)
    x$fpl$fmul                               0x08002394   Section      258  fmul.o(x$fpl$fmul)
    x$fpl$fnaninf                            0x08002496   Section      140  fnaninf.o(x$fpl$fnaninf)
    x$fpl$fretinf                            0x08002522   Section       10  fretinf.o(x$fpl$fretinf)
    x$fpl$frleqf                             0x0800252c   Section       98  frleqf.o(x$fpl$frleqf)
    x$fpl$frsb                               0x0800258e   Section       20  faddsub_clz.o(x$fpl$frsb)
    x$fpl$fsub                               0x080025a4   Section      234  faddsub_clz.o(x$fpl$fsub)
    _fsub1                                   0x080025b3   Thumb Code     0  faddsub_clz.o(x$fpl$fsub)
    x$fpl$usenofp                            0x0800268e   Section        0  usenofp.o(x$fpl$usenofp)
    .data                                    0x20000000   Section       20  system_stm32f10x.o(.data)
    .data                                    0x20000014   Section        4  delay.o(.data)
    fac_us                                   0x20000014   Data           1  delay.o(.data)
    fac_ms                                   0x20000016   Data           2  delay.o(.data)
    .data                                    0x20000018   Section        6  usart.o(.data)
    .data                                    0x2000001e   Section       20  stm32f10x_rcc.o(.data)
    APBAHBPrescTable                         0x2000001e   Data          16  stm32f10x_rcc.o(.data)
    ADCPrescTable                            0x2000002e   Data           4  stm32f10x_rcc.o(.data)
    .data                                    0x20000034   Section       44  ccd.o(.data)
    i                                        0x2000004c   Data           2  ccd.o(.data)
    j                                        0x2000004e   Data           2  ccd.o(.data)
    Left                                     0x20000050   Data           4  ccd.o(.data)
    Right                                    0x20000054   Data           4  ccd.o(.data)
    value1_max                               0x20000058   Data           4  ccd.o(.data)
    value1_min                               0x2000005c   Data           4  ccd.o(.data)
    .data                                    0x20000060   Section        1  control.o(.data)
    .data                                    0x20000061   Section     4052  font.o(.data)
    .bss                                     0x20001038   Section      200  usart.o(.bss)
    .bss                                     0x20001100   Section      512  ccd.o(.bss)
    .bss                                     0x20001300   Section       96  libspace.o(.bss)
    HEAP                                     0x20001360   Section      512  startup_stm32f10x_md.o(HEAP)
    Heap_Mem                                 0x20001360   Data         512  startup_stm32f10x_md.o(HEAP)
    STACK                                    0x20001560   Section     1024  startup_stm32f10x_md.o(STACK)
    Stack_Mem                                0x20001560   Data        1024  startup_stm32f10x_md.o(STACK)
    __initial_sp                             0x20001960   Data           0  startup_stm32f10x_md.o(STACK)

    Global Symbols

    Symbol Name                              Value     Ov Type        Size  Object(Section)

    BuildAttributes$$THM_ISAv4$P$D$K$B$S$PE$A:L22UL41UL21$X:L11$S22US41US21$IEEE1$IW$USESV6$~STKCKD$USESV7$~SHL$OSPACE$ROPI$EBA8$UX$STANDARDLIB$REQ8$PRES8$EABIv2 0x00000000   Number         0  anon$$obj.o ABSOLUTE
    __ARM_use_no_argv                        0x00000000   Number         0  main.o ABSOLUTE
    __ARM_exceptions_init                     - Undefined Weak Reference
    __alloca_initialize                       - Undefined Weak Reference
    __arm_preinit_                            - Undefined Weak Reference
    __cpp_initialize__aeabi_                  - Undefined Weak Reference
    __cxa_finalize                            - Undefined Weak Reference
    __rt_locale                               - Undefined Weak Reference
    __sigvec_lookup                           - Undefined Weak Reference
    _atexit_init                              - Undefined Weak Reference
    _call_atexit_fns                          - Undefined Weak Reference
    _clock_init                               - Undefined Weak Reference
    _fp_trap_init                             - Undefined Weak Reference
    _fp_trap_shutdown                         - Undefined Weak Reference
    _get_lc_collate                           - Undefined Weak Reference
    _get_lc_ctype                             - Undefined Weak Reference
    _get_lc_monetary                          - Undefined Weak Reference
    _get_lc_numeric                           - Undefined Weak Reference
    _get_lc_time                              - Undefined Weak Reference
    _getenv_init                              - Undefined Weak Reference
    _handle_redirection                       - Undefined Weak Reference
    _init_alloc                               - Undefined Weak Reference
    _init_user_alloc                          - Undefined Weak Reference
    _initio                                   - Undefined Weak Reference
    _mutex_acquire                            - Undefined Weak Reference
    _mutex_release                            - Undefined Weak Reference
    _printf_mbtowc                            - Undefined Weak Reference
    _printf_post_padding                      - Undefined Weak Reference
    _printf_pre_padding                       - Undefined Weak Reference
    _rand_init                                - Undefined Weak Reference
    _signal_finish                            - Undefined Weak Reference
    _signal_init                              - Undefined Weak Reference
    _terminate_alloc                          - Undefined Weak Reference
    _terminate_user_alloc                     - Undefined Weak Reference
    _terminateio                              - Undefined Weak Reference
    __Vectors_Size                           0x000000ec   Number         0  startup_stm32f10x_md.o ABSOLUTE
    __Vectors                                0x08000000   Data           4  startup_stm32f10x_md.o(RESET)
    __Vectors_End                            0x080000ec   Data           0  startup_stm32f10x_md.o(RESET)
    __main                                   0x080000ed   Thumb Code     8  __main.o(!!!main)
    __scatterload                            0x080000f5   Thumb Code     0  __scatter.o(!!!scatter)
    __scatterload_rt2                        0x080000f5   Thumb Code    44  __scatter.o(!!!scatter)
    __scatterload_rt2_thumb_only             0x080000f5   Thumb Code     0  __scatter.o(!!!scatter)
    __scatterload_null                       0x08000103   Thumb Code     0  __scatter.o(!!!scatter)
    __decompress                             0x08000129   Thumb Code    90  __dczerorl2.o(!!dczerorl2)
    __decompress1                            0x08000129   Thumb Code     0  __dczerorl2.o(!!dczerorl2)
    __scatterload_zeroinit                   0x08000185   Thumb Code    28  __scatter_zi.o(!!handler_zi)
    __rt_lib_init                            0x080001a1   Thumb Code     0  libinit.o(.ARM.Collect$$libinit$$00000000)
    __rt_lib_init_alloca_1                   0x080001a3   Thumb Code     0  libinit2.o(.ARM.Collect$$libinit$$0000002E)
    __rt_lib_init_argv_1                     0x080001a3   Thumb Code     0  libinit2.o(.ARM.Collect$$libinit$$0000002C)
    __rt_lib_init_atexit_1                   0x080001a3   Thumb Code     0  libinit2.o(.ARM.Collect$$libinit$$0000001B)
    __rt_lib_init_clock_1                    0x080001a3   Thumb Code     0  libinit2.o(.ARM.Collect$$libinit$$00000021)
    __rt_lib_init_cpp_1                      0x080001a3   Thumb Code     0  libinit2.o(.ARM.Collect$$libinit$$00000032)
    __rt_lib_init_exceptions_1               0x080001a3   Thumb Code     0  libinit2.o(.ARM.Collect$$libinit$$00000030)
    __rt_lib_init_fp_1                       0x080001a3   Thumb Code     0  libinit2.o(.ARM.Collect$$libinit$$00000002)
    __rt_lib_init_fp_trap_1                  0x080001a3   Thumb Code     0  libinit2.o(.ARM.Collect$$libinit$$0000001F)
    __rt_lib_init_getenv_1                   0x080001a3   Thumb Code     0  libinit2.o(.ARM.Collect$$libinit$$00000023)
    __rt_lib_init_heap_1                     0x080001a3   Thumb Code     0  libinit2.o(.ARM.Collect$$libinit$$0000000A)
    __rt_lib_init_lc_collate_1               0x080001a3   Thumb Code     0  libinit2.o(.ARM.Collect$$libinit$$00000011)
    __rt_lib_init_lc_ctype_1                 0x080001a3   Thumb Code     0  libinit2.o(.ARM.Collect$$libinit$$00000013)
    __rt_lib_init_lc_monetary_1              0x080001a3   Thumb Code     0  libinit2.o(.ARM.Collect$$libinit$$00000015)
    __rt_lib_init_lc_numeric_1               0x080001a3   Thumb Code     0  libinit2.o(.ARM.Collect$$libinit$$00000017)
    __rt_lib_init_lc_time_1                  0x080001a3   Thumb Code     0  libinit2.o(.ARM.Collect$$libinit$$00000019)
    __rt_lib_init_preinit_1                  0x080001a3   Thumb Code     0  libinit2.o(.ARM.Collect$$libinit$$00000004)
    __rt_lib_init_rand_1                     0x080001a3   Thumb Code     0  libinit2.o(.ARM.Collect$$libinit$$0000000E)
    __rt_lib_init_return                     0x080001a3   Thumb Code     0  libinit2.o(.ARM.Collect$$libinit$$00000033)
    __rt_lib_init_signal_1                   0x080001a3   Thumb Code     0  libinit2.o(.ARM.Collect$$libinit$$0000001D)
    __rt_lib_init_stdio_1                    0x080001a3   Thumb Code     0  libinit2.o(.ARM.Collect$$libinit$$00000025)
    __rt_lib_init_user_alloc_1               0x080001a3   Thumb Code     0  libinit2.o(.ARM.Collect$$libinit$$0000000C)
    __rt_lib_shutdown                        0x080001a5   Thumb Code     0  libshutdown.o(.ARM.Collect$$libshutdown$$00000000)
    __rt_lib_shutdown_cpp_1                  0x080001a7   Thumb Code     0  libshutdown2.o(.ARM.Collect$$libshutdown$$00000002)
    __rt_lib_shutdown_fp_trap_1              0x080001a7   Thumb Code     0  libshutdown2.o(.ARM.Collect$$libshutdown$$00000007)
    __rt_lib_shutdown_heap_1                 0x080001a7   Thumb Code     0  libshutdown2.o(.ARM.Collect$$libshutdown$$0000000F)
    __rt_lib_shutdown_return                 0x080001a7   Thumb Code     0  libshutdown2.o(.ARM.Collect$$libshutdown$$00000010)
    __rt_lib_shutdown_signal_1               0x080001a7   Thumb Code     0  libshutdown2.o(.ARM.Collect$$libshutdown$$0000000A)
    __rt_lib_shutdown_stdio_1                0x080001a7   Thumb Code     0  libshutdown2.o(.ARM.Collect$$libshutdown$$00000004)
    __rt_lib_shutdown_user_alloc_1           0x080001a7   Thumb Code     0  libshutdown2.o(.ARM.Collect$$libshutdown$$0000000C)
    __rt_entry                               0x080001a9   Thumb Code     0  __rtentry.o(.ARM.Collect$$rtentry$$00000000)
    __rt_entry_presh_1                       0x080001a9   Thumb Code     0  __rtentry2.o(.ARM.Collect$$rtentry$$00000002)
    __rt_entry_sh                            0x080001a9   Thumb Code     0  __rtentry4.o(.ARM.Collect$$rtentry$$00000004)
    __rt_entry_li                            0x080001af   Thumb Code     0  __rtentry2.o(.ARM.Collect$$rtentry$$0000000A)
    __rt_entry_postsh_1                      0x080001af   Thumb Code     0  __rtentry2.o(.ARM.Collect$$rtentry$$00000009)
    __rt_entry_main                          0x080001b3   Thumb Code     0  __rtentry2.o(.ARM.Collect$$rtentry$$0000000D)
    __rt_entry_postli_1                      0x080001b3   Thumb Code     0  __rtentry2.o(.ARM.Collect$$rtentry$$0000000C)
    __rt_exit                                0x080001bb   Thumb Code     0  rtexit.o(.ARM.Collect$$rtexit$$00000000)
    __rt_exit_ls                             0x080001bd   Thumb Code     0  rtexit2.o(.ARM.Collect$$rtexit$$00000003)
    __rt_exit_prels_1                        0x080001bd   Thumb Code     0  rtexit2.o(.ARM.Collect$$rtexit$$00000002)
    __rt_exit_exit                           0x080001c1   Thumb Code     0  rtexit2.o(.ARM.Collect$$rtexit$$00000004)
    Reset_Handler                            0x080001c9   Thumb Code     8  startup_stm32f10x_md.o(.text)
    ADC1_2_IRQHandler                        0x080001e3   Thumb Code     0  startup_stm32f10x_md.o(.text)
    CAN1_RX1_IRQHandler                      0x080001e3   Thumb Code     0  startup_stm32f10x_md.o(.text)
    CAN1_SCE_IRQHandler                      0x080001e3   Thumb Code     0  startup_stm32f10x_md.o(.text)
    DMA1_Channel1_IRQHandler                 0x080001e3   Thumb Code     0  startup_stm32f10x_md.o(.text)
    DMA1_Channel2_IRQHandler                 0x080001e3   Thumb Code     0  startup_stm32f10x_md.o(.text)
    DMA1_Channel3_IRQHandler                 0x080001e3   Thumb Code     0  startup_stm32f10x_md.o(.text)
    DMA1_Channel4_IRQHandler                 0x080001e3   Thumb Code     0  startup_stm32f10x_md.o(.text)
    DMA1_Channel5_IRQHandler                 0x080001e3   Thumb Code     0  startup_stm32f10x_md.o(.text)
    DMA1_Channel6_IRQHandler                 0x080001e3   Thumb Code     0  startup_stm32f10x_md.o(.text)
    DMA1_Channel7_IRQHandler                 0x080001e3   Thumb Code     0  startup_stm32f10x_md.o(.text)
    EXTI0_IRQHandler                         0x080001e3   Thumb Code     0  startup_stm32f10x_md.o(.text)
    EXTI15_10_IRQHandler                     0x080001e3   Thumb Code     0  startup_stm32f10x_md.o(.text)
    EXTI1_IRQHandler                         0x080001e3   Thumb Code     0  startup_stm32f10x_md.o(.text)
    EXTI2_IRQHandler                         0x080001e3   Thumb Code     0  startup_stm32f10x_md.o(.text)
    EXTI3_IRQHandler                         0x080001e3   Thumb Code     0  startup_stm32f10x_md.o(.text)
    EXTI4_IRQHandler                         0x080001e3   Thumb Code     0  startup_stm32f10x_md.o(.text)
    EXTI9_5_IRQHandler                       0x080001e3   Thumb Code     0  startup_stm32f10x_md.o(.text)
    FLASH_IRQHandler                         0x080001e3   Thumb Code     0  startup_stm32f10x_md.o(.text)
    I2C1_ER_IRQHandler                       0x080001e3   Thumb Code     0  startup_stm32f10x_md.o(.text)
    I2C1_EV_IRQHandler                       0x080001e3   Thumb Code     0  startup_stm32f10x_md.o(.text)
    I2C2_ER_IRQHandler                       0x080001e3   Thumb Code     0  startup_stm32f10x_md.o(.text)
    I2C2_EV_IRQHandler                       0x080001e3   Thumb Code     0  startup_stm32f10x_md.o(.text)
    PVD_IRQHandler                           0x080001e3   Thumb Code     0  startup_stm32f10x_md.o(.text)
    RCC_IRQHandler                           0x080001e3   Thumb Code     0  startup_stm32f10x_md.o(.text)
    RTCAlarm_IRQHandler                      0x080001e3   Thumb Code     0  startup_stm32f10x_md.o(.text)
    RTC_IRQHandler                           0x080001e3   Thumb Code     0  startup_stm32f10x_md.o(.text)
    SPI1_IRQHandler                          0x080001e3   Thumb Code     0  startup_stm32f10x_md.o(.text)
    SPI2_IRQHandler                          0x080001e3   Thumb Code     0  startup_stm32f10x_md.o(.text)
    TAMPER_IRQHandler                        0x080001e3   Thumb Code     0  startup_stm32f10x_md.o(.text)
    TIM1_BRK_IRQHandler                      0x080001e3   Thumb Code     0  startup_stm32f10x_md.o(.text)
    TIM1_CC_IRQHandler                       0x080001e3   Thumb Code     0  startup_stm32f10x_md.o(.text)
    TIM1_TRG_COM_IRQHandler                  0x080001e3   Thumb Code     0  startup_stm32f10x_md.o(.text)
    TIM1_UP_IRQHandler                       0x080001e3   Thumb Code     0  startup_stm32f10x_md.o(.text)
    TIM3_IRQHandler                          0x080001e3   Thumb Code     0  startup_stm32f10x_md.o(.text)
    TIM4_IRQHandler                          0x080001e3   Thumb Code     0  startup_stm32f10x_md.o(.text)
    USART2_IRQHandler                        0x080001e3   Thumb Code     0  startup_stm32f10x_md.o(.text)
    USART3_IRQHandler                        0x080001e3   Thumb Code     0  startup_stm32f10x_md.o(.text)
    USBWakeUp_IRQHandler                     0x080001e3   Thumb Code     0  startup_stm32f10x_md.o(.text)
    USB_HP_CAN1_TX_IRQHandler                0x080001e3   Thumb Code     0  startup_stm32f10x_md.o(.text)
    USB_LP_CAN1_RX0_IRQHandler               0x080001e3   Thumb Code     0  startup_stm32f10x_md.o(.text)
    WWDG_IRQHandler                          0x080001e3   Thumb Code     0  startup_stm32f10x_md.o(.text)
    __user_initial_stackheap                 0x080001e5   Thumb Code     0  startup_stm32f10x_md.o(.text)
    __use_no_semihosting                     0x08000209   Thumb Code     2  use_no_semi_2.o(.text)
    __use_two_region_memory                  0x0800020b   Thumb Code     2  heapauxi.o(.text)
    __rt_heap_escrow$2region                 0x0800020d   Thumb Code     2  heapauxi.o(.text)
    __rt_heap_expand$2region                 0x0800020f   Thumb Code     2  heapauxi.o(.text)
    __I$use$semihosting                      0x08000211   Thumb Code     0  use_no_semi.o(.text)
    __use_no_semihosting_swi                 0x08000211   Thumb Code     2  use_no_semi.o(.text)
    __user_setup_stackheap                   0x08000213   Thumb Code    74  sys_stackheap_outer.o(.text)
    exit                                     0x0800025d   Thumb Code    18  exit.o(.text)
    __user_libspace                          0x08000271   Thumb Code     8  libspace.o(.text)
    __user_perproc_libspace                  0x08000271   Thumb Code     0  libspace.o(.text)
    __user_perthread_libspace                0x08000271   Thumb Code     0  libspace.o(.text)
    ADC_Cmd                                  0x08000279   Thumb Code    22  stm32f10x_adc.o(i.ADC_Cmd)
    ADC_DeInit                               0x08000291   Thumb Code    78  stm32f10x_adc.o(i.ADC_DeInit)
    ADC_GetCalibrationStatus                 0x080002ed   Thumb Code    20  stm32f10x_adc.o(i.ADC_GetCalibrationStatus)
    ADC_GetConversionValue                   0x08000301   Thumb Code     8  stm32f10x_adc.o(i.ADC_GetConversionValue)
    ADC_GetFlagStatus                        0x08000309   Thumb Code    18  stm32f10x_adc.o(i.ADC_GetFlagStatus)
    ADC_GetResetCalibrationStatus            0x0800031b   Thumb Code    20  stm32f10x_adc.o(i.ADC_GetResetCalibrationStatus)
    ADC_Init                                 0x08000331   Thumb Code    70  stm32f10x_adc.o(i.ADC_Init)
    ADC_RegularChannelConfig                 0x08000381   Thumb Code   184  stm32f10x_adc.o(i.ADC_RegularChannelConfig)
    ADC_ResetCalibration                     0x08000439   Thumb Code    10  stm32f10x_adc.o(i.ADC_ResetCalibration)
    ADC_SoftwareStartConvCmd                 0x08000443   Thumb Code    22  stm32f10x_adc.o(i.ADC_SoftwareStartConvCmd)
    ADC_StartCalibration                     0x08000459   Thumb Code    10  stm32f10x_adc.o(i.ADC_StartCalibration)
    ADC_init                                 0x08000465   Thumb Code   144  adc.o(i.ADC_init)
    BusFault_Handler                         0x080004fd   Thumb Code     4  stm32f10x_it.o(i.BusFault_Handler)
    CCD_Init                                 0x08000501   Thumb Code    72  ccd.o(i.CCD_Init)
    Debug                                    0x0800054d   Thumb Code     2  debug.o(i.Debug)
    DebugMon_Handler                         0x0800054f   Thumb Code     2  stm32f10x_it.o(i.DebugMon_Handler)
    Dly_us                                   0x08000551   Thumb Code    12  ccd.o(i.Dly_us)
    Draw_Rectangle                           0x0800055d   Thumb Code    90  ssd1331.o(i.Draw_Rectangle)
    Fill_Block                               0x080005b7   Thumb Code    92  ssd1331.o(i.Fill_Block)
    Fill_RAM                                 0x08000613   Thumb Code    64  ssd1331.o(i.Fill_RAM)
    GPIO_Init                                0x08000653   Thumb Code   278  stm32f10x_gpio.o(i.GPIO_Init)
    GPIO_ResetBits                           0x08000769   Thumb Code     4  stm32f10x_gpio.o(i.GPIO_ResetBits)
    GPIO_SetBits                             0x0800076d   Thumb Code     4  stm32f10x_gpio.o(i.GPIO_SetBits)
    Get_Adc                                  0x08000771   Thumb Code    34  adc.o(i.Get_Adc)
    HardFault_Handler                        0x08000799   Thumb Code     4  stm32f10x_it.o(i.HardFault_Handler)
    LED_Init                                 0x0800079d   Thumb Code    48  led.o(i.LED_Init)
    MemManage_Handler                        0x080007d1   Thumb Code     4  stm32f10x_it.o(i.MemManage_Handler)
    Multi_CCD_Data                           0x080007d5   Thumb Code    56  debug.o(i.Multi_CCD_Data)
    NMI_Handler                              0x08000811   Thumb Code     2  stm32f10x_it.o(i.NMI_Handler)
    NVIC_Init                                0x08000815   Thumb Code   100  misc.o(i.NVIC_Init)
    NVIC_PriorityGroupConfig                 0x08000885   Thumb Code    10  misc.o(i.NVIC_PriorityGroupConfig)
    OLED_Init                                0x08000899   Thumb Code   222  oled.o(i.OLED_Init)
    OLED_Show_CCD                            0x0800097d   Thumb Code   328  oled.o(i.OLED_Show_CCD)
    PendSV_Handler                           0x08000ad9   Thumb Code     2  stm32f10x_it.o(i.PendSV_Handler)
    RCC_ADCCLKConfig                         0x08000add   Thumb Code    18  stm32f10x_rcc.o(i.RCC_ADCCLKConfig)
    RCC_APB1PeriphClockCmd                   0x08000af5   Thumb Code    26  stm32f10x_rcc.o(i.RCC_APB1PeriphClockCmd)
    RCC_APB2PeriphClockCmd                   0x08000b15   Thumb Code    26  stm32f10x_rcc.o(i.RCC_APB2PeriphClockCmd)
    RCC_APB2PeriphResetCmd                   0x08000b35   Thumb Code    26  stm32f10x_rcc.o(i.RCC_APB2PeriphResetCmd)
    RCC_GetClocksFreq                        0x08000b55   Thumb Code   192  stm32f10x_rcc.o(i.RCC_GetClocksFreq)
    RD_TSL                                   0x08000c29   Thumb Code   160  ccd.o(i.RD_TSL)
    SVC_Handler                              0x08000cd9   Thumb Code     2  stm32f10x_it.o(i.SVC_Handler)
    Screen_Init                              0x08000cdd   Thumb Code   198  oled.o(i.Screen_Init)
    Set_Column_Address                       0x08000e99   Thumb Code    26  ssd1331.o(i.Set_Column_Address)
    Set_Contrast_Color                       0x08000eb3   Thumb Code    46  ssd1331.o(i.Set_Contrast_Color)
    Set_Display_Mode                         0x08000ee1   Thumb Code    14  ssd1331.o(i.Set_Display_Mode)
    Set_Display_Offset                       0x08000eef   Thumb Code    18  ssd1331.o(i.Set_Display_Offset)
    Set_Display_On_Off                       0x08000f01   Thumb Code    14  ssd1331.o(i.Set_Display_On_Off)
    Set_Master_Configuration                 0x08000f0f   Thumb Code    18  ssd1331.o(i.Set_Master_Configuration)
    Set_Master_Current                       0x08000f21   Thumb Code    18  ssd1331.o(i.Set_Master_Current)
    Set_Multiplex_Ratio                      0x08000f33   Thumb Code    18  ssd1331.o(i.Set_Multiplex_Ratio)
    Set_Oscillator_Frequency_Clock_Divider   0x08000f45   Thumb Code    18  ssd1331.o(i.Set_Oscillator_Frequency_Clock_Divider)
    Set_Power_Saving_Mode                    0x08000f57   Thumb Code    18  ssd1331.o(i.Set_Power_Saving_Mode)
    Set_Pre_charge_Level                     0x08000f69   Thumb Code    18  ssd1331.o(i.Set_Pre_charge_Level)
    Set_Remap_Format                         0x08000f7b   Thumb Code    18  ssd1331.o(i.Set_Remap_Format)
    Set_Reset_Pre_charge_period              0x08000f8d   Thumb Code    18  ssd1331.o(i.Set_Reset_Pre_charge_period)
    Set_Row_Address                          0x08000f9f   Thumb Code    26  ssd1331.o(i.Set_Row_Address)
    Set_Second_Pre_charge_Speed_of_Color     0x08000fb9   Thumb Code    46  ssd1331.o(i.Set_Second_Pre_charge_Speed_of_Color)
    Set_Start_Line                           0x08000fe7   Thumb Code    18  ssd1331.o(i.Set_Start_Line)
    Set_VCOMH                                0x08000ff9   Thumb Code    18  ssd1331.o(i.Set_VCOMH)
    SysTick_CLKSourceConfig                  0x0800100b   Thumb Code    40  misc.o(i.SysTick_CLKSourceConfig)
    SysTick_Handler                          0x08001033   Thumb Code     2  stm32f10x_it.o(i.SysTick_Handler)
    SystemInit                               0x08001035   Thumb Code    78  system_stm32f10x.o(i.SystemInit)
    TIM2_IRQHandler                          0x08001095   Thumb Code    64  control.o(i.TIM2_IRQHandler)
    TIM2_Int_Init                            0x080010d9   Thumb Code    92  timer.o(i.TIM2_Int_Init)
    TIM_Cmd                                  0x08001135   Thumb Code    24  stm32f10x_tim.o(i.TIM_Cmd)
    TIM_ITConfig                             0x0800114d   Thumb Code    18  stm32f10x_tim.o(i.TIM_ITConfig)
    TIM_TimeBaseInit                         0x08001161   Thumb Code   122  stm32f10x_tim.o(i.TIM_TimeBaseInit)
    USART1_IRQHandler                        0x08001205   Thumb Code   122  usart.o(i.USART1_IRQHandler)
    USART_Cmd                                0x0800128d   Thumb Code    24  stm32f10x_usart.o(i.USART_Cmd)
    USART_GetITStatus                        0x080012a5   Thumb Code    84  stm32f10x_usart.o(i.USART_GetITStatus)
    USART_ITConfig                           0x080012f9   Thumb Code    74  stm32f10x_usart.o(i.USART_ITConfig)
    USART_Init                               0x08001345   Thumb Code   210  stm32f10x_usart.o(i.USART_Init)
    USART_ReceiveData                        0x0800141d   Thumb Code    10  stm32f10x_usart.o(i.USART_ReceiveData)
    UsageFault_Handler                       0x08001427   Thumb Code     4  stm32f10x_it.o(i.UsageFault_Handler)
    Write_Command                            0x0800142d   Thumb Code    94  ssd1331.o(i.Write_Command)
    Write_Data                               0x08001491   Thumb Code    94  ssd1331.o(i.Write_Data)
    _sys_exit                                0x080014f5   Thumb Code     6  usart.o(i._sys_exit)
    delay_init                               0x080014fd   Thumb Code    50  delay.o(i.delay_init)
    getCCDMedian                             0x08001541   Thumb Code   602  ccd.o(i.getCCDMedian)
    main                                     0x080017d1   Thumb Code    60  main.o(i.main)
    ssd1331_DrawRectangle                    0x08001811   Thumb Code    72  oled.o(i.ssd1331_DrawRectangle)
    ssd1331_display_Chinese                  0x08001859   Thumb Code   114  oled.o(i.ssd1331_display_Chinese)
    ssd1331_display_char                     0x080018d1   Thumb Code   236  oled.o(i.ssd1331_display_char)
    ssd1331_display_number                   0x080019cd   Thumb Code   150  oled.o(i.ssd1331_display_number)
    ssd1331_display_string                   0x08001a63   Thumb Code   130  oled.o(i.ssd1331_display_string)
    ssd1331_draw_point                       0x08001ae5   Thumb Code    44  oled.o(i.ssd1331_draw_point)
    ssd1331_fill_black                       0x08001b11   Thumb Code    44  oled.o(i.ssd1331_fill_black)
    ssd1331_pow                              0x08001b3d   Thumb Code    22  oled.o(i.ssd1331_pow)
    ssd1331_set_color                        0x08001b53   Thumb Code    18  oled.o(i.ssd1331_set_color)
    uOLED_Delay                              0x08001b65   Thumb Code    14  ssd1331.o(i.uOLED_Delay)
    uart_init                                0x08001b75   Thumb Code   152  usart.o(i.uart_init)
    usart1_send                              0x08001c15   Thumb Code    22  debug.o(i.usart1_send)
    __aeabi_d2f                              0x08001c31   Thumb Code     0  d2f.o(x$fpl$d2f)
    _d2f                                     0x08001c31   Thumb Code    98  d2f.o(x$fpl$d2f)
    __fpl_dcmp_Inf                           0x08001c93   Thumb Code    24  dcmpi.o(x$fpl$dcmpinf)
    __aeabi_d2uiz                            0x08001cad   Thumb Code     0  dfixu.o(x$fpl$dfixu)
    _dfixu                                   0x08001cad   Thumb Code    90  dfixu.o(x$fpl$dfixu)
    __aeabi_ui2d                             0x08001d07   Thumb Code     0  dflt_clz.o(x$fpl$dfltu)
    _dfltu                                   0x08001d07   Thumb Code    38  dflt_clz.o(x$fpl$dfltu)
    __aeabi_cdcmple                          0x08001d2d   Thumb Code     0  dleqf.o(x$fpl$dleqf)
    _dcmple                                  0x08001d2d   Thumb Code   120  dleqf.o(x$fpl$dleqf)
    __fpl_dcmple_InfNaN                      0x08001d8f   Thumb Code     0  dleqf.o(x$fpl$dleqf)
    __aeabi_dmul                             0x08001da5   Thumb Code     0  dmul.o(x$fpl$dmul)
    _dmul                                    0x08001da5   Thumb Code   332  dmul.o(x$fpl$dmul)
    __fpl_dnaninf                            0x08001ef9   Thumb Code   156  dnaninf.o(x$fpl$dnaninf)
    __fpl_dretinf                            0x08001f95   Thumb Code    12  dretinf.o(x$fpl$dretinf)
    __aeabi_cdrcmple                         0x08001fa1   Thumb Code     0  drleqf.o(x$fpl$drleqf)
    _drcmple                                 0x08001fa1   Thumb Code   108  drleqf.o(x$fpl$drleqf)
    __aeabi_f2d                              0x0800200d   Thumb Code     0  f2d.o(x$fpl$f2d)
    _f2d                                     0x0800200d   Thumb Code    86  f2d.o(x$fpl$f2d)
    __aeabi_fadd                             0x08002065   Thumb Code     0  faddsub_clz.o(x$fpl$fadd)
    _fadd                                    0x08002065   Thumb Code   196  faddsub_clz.o(x$fpl$fadd)
    __fpl_fcmp_Inf                           0x08002129   Thumb Code    24  fcmpi.o(x$fpl$fcmpinf)
    __aeabi_fdiv                             0x08002141   Thumb Code     0  fdiv.o(x$fpl$fdiv)
    _fdiv                                    0x08002141   Thumb Code   384  fdiv.o(x$fpl$fdiv)
    __aeabi_f2uiz                            0x080022c5   Thumb Code     0  ffixu.o(x$fpl$ffixu)
    _ffixu                                   0x080022c5   Thumb Code    62  ffixu.o(x$fpl$ffixu)
    __aeabi_ui2f                             0x08002305   Thumb Code     0  fflt_clz.o(x$fpl$ffltu)
    _ffltu                                   0x08002305   Thumb Code    38  fflt_clz.o(x$fpl$ffltu)
    __aeabi_cfcmple                          0x0800232d   Thumb Code     0  fleqf.o(x$fpl$fleqf)
    _fcmple                                  0x0800232d   Thumb Code   104  fleqf.o(x$fpl$fleqf)
    __fpl_fcmple_InfNaN                      0x0800237f   Thumb Code     0  fleqf.o(x$fpl$fleqf)
    __aeabi_fmul                             0x08002395   Thumb Code     0  fmul.o(x$fpl$fmul)
    _fmul                                    0x08002395   Thumb Code   258  fmul.o(x$fpl$fmul)
    __fpl_fnaninf                            0x08002497   Thumb Code   140  fnaninf.o(x$fpl$fnaninf)
    __fpl_fretinf                            0x08002523   Thumb Code    10  fretinf.o(x$fpl$fretinf)
    __aeabi_cfrcmple                         0x0800252d   Thumb Code     0  frleqf.o(x$fpl$frleqf)
    _frcmple                                 0x0800252d   Thumb Code    98  frleqf.o(x$fpl$frleqf)
    __aeabi_frsub                            0x0800258f   Thumb Code     0  faddsub_clz.o(x$fpl$frsb)
    _frsb                                    0x0800258f   Thumb Code    20  faddsub_clz.o(x$fpl$frsb)
    __aeabi_fsub                             0x080025a5   Thumb Code     0  faddsub_clz.o(x$fpl$fsub)
    _fsub                                    0x080025a5   Thumb Code   234  faddsub_clz.o(x$fpl$fsub)
    __I$use$fp                               0x0800268e   Number         0  usenofp.o(x$fpl$usenofp)
    Region$$Table$$Base                      0x08002690   Number         0  anon$$obj.o(Region$$Table)
    Region$$Table$$Limit                     0x080026b0   Number         0  anon$$obj.o(Region$$Table)
    SystemCoreClock                          0x20000000   Data           4  system_stm32f10x.o(.data)
    AHBPrescTable                            0x20000004   Data          16  system_stm32f10x.o(.data)
    __stdout                                 0x20000018   Data           4  usart.o(.data)
    USART_RX_STA                             0x2000001c   Data           2  usart.o(.data)
    ccd_adc                                  0x20000034   Data           2  ccd.o(.data)
    Median                                   0x20000038   Data           4  ccd.o(.data)
    Threshold                                0x2000003c   Data           4  ccd.o(.data)
    Last_Median                              0x20000040   Data           4  ccd.o(.data)
    Left_Side                                0x20000044   Data           4  ccd.o(.data)
    Right_Side                               0x20000048   Data           4  ccd.o(.data)
    Flag_Target                              0x20000060   Data           1  control.o(.data)
    oled_asc2_1206                           0x20000061   Data        1140  font.o(.data)
    oled_asc2_1608                           0x200004d5   Data        1520  font.o(.data)
    oled_asc2_1612                           0x20000ac5   Data         352  font.o(.data)
    oled_asc2_3216                           0x20000c25   Data         704  font.o(.data)
    HEBUST                                   0x20000ee5   Data         144  font.o(.data)
    CHINESE                                  0x20000f75   Data         192  font.o(.data)
    USART_RX_BUF                             0x20001038   Data         200  usart.o(.bss)
    ccd_piexl                                0x20001100   Data         512  ccd.o(.bss)
    __libspace_start                         0x20001300   Data          96  libspace.o(.bss)
    __temporary_stack_top$libspace           0x20001360   Data           0  libspace.o(.bss)



==============================================================================

Memory Map of the image

  Image Entry point : 0x080001c9

  Load Region LR_1 (Base: 0x08000000, Size: 0x000036e8, Max: 0xffffffff, ABSOLUTE, COMPRESSED[0x00002eec])

    Execution Region ER_RO (Exec base: 0x08000000, Load base: 0x08000000, Size: 0x000026b0, Max: 0xffffffff, ABSOLUTE)

    Exec Addr    Load Addr    Size         Type   Attr      Idx    E Section Name        Object

    0x08000000   0x08000000   0x000000ec   Data   RO          312    RESET               startup_stm32f10x_md.o
    0x080000ec   0x080000ec   0x00000008   Code   RO         2353  * !!!main             c_w.l(__main.o)
    0x080000f4   0x080000f4   0x00000034   Code   RO         2584    !!!scatter          c_w.l(__scatter.o)
    0x08000128   0x08000128   0x0000005a   Code   RO         2582    !!dczerorl2         c_w.l(__dczerorl2.o)
    0x08000182   0x08000182   0x00000002   PAD
    0x08000184   0x08000184   0x0000001c   Code   RO         2586    !!handler_zi        c_w.l(__scatter_zi.o)
    0x080001a0   0x080001a0   0x00000002   Code   RO         2456    .ARM.Collect$$libinit$$00000000  c_w.l(libinit.o)
    0x080001a2   0x080001a2   0x00000000   Code   RO         2463    .ARM.Collect$$libinit$$00000002  c_w.l(libinit2.o)
    0x080001a2   0x080001a2   0x00000000   Code   RO         2465    .ARM.Collect$$libinit$$00000004  c_w.l(libinit2.o)
    0x080001a2   0x080001a2   0x00000000   Code   RO         2468    .ARM.Collect$$libinit$$0000000A  c_w.l(libinit2.o)
    0x080001a2   0x080001a2   0x00000000   Code   RO         2470    .ARM.Collect$$libinit$$0000000C  c_w.l(libinit2.o)
    0x080001a2   0x080001a2   0x00000000   Code   RO         2472    .ARM.Collect$$libinit$$0000000E  c_w.l(libinit2.o)
    0x080001a2   0x080001a2   0x00000000   Code   RO         2475    .ARM.Collect$$libinit$$00000011  c_w.l(libinit2.o)
    0x080001a2   0x080001a2   0x00000000   Code   RO         2477    .ARM.Collect$$libinit$$00000013  c_w.l(libinit2.o)
    0x080001a2   0x080001a2   0x00000000   Code   RO         2479    .ARM.Collect$$libinit$$00000015  c_w.l(libinit2.o)
    0x080001a2   0x080001a2   0x00000000   Code   RO         2481    .ARM.Collect$$libinit$$00000017  c_w.l(libinit2.o)
    0x080001a2   0x080001a2   0x00000000   Code   RO         2483    .ARM.Collect$$libinit$$00000019  c_w.l(libinit2.o)
    0x080001a2   0x080001a2   0x00000000   Code   RO         2485    .ARM.Collect$$libinit$$0000001B  c_w.l(libinit2.o)
    0x080001a2   0x080001a2   0x00000000   Code   RO         2487    .ARM.Collect$$libinit$$0000001D  c_w.l(libinit2.o)
    0x080001a2   0x080001a2   0x00000000   Code   RO         2489    .ARM.Collect$$libinit$$0000001F  c_w.l(libinit2.o)
    0x080001a2   0x080001a2   0x00000000   Code   RO         2491    .ARM.Collect$$libinit$$00000021  c_w.l(libinit2.o)
    0x080001a2   0x080001a2   0x00000000   Code   RO         2493    .ARM.Collect$$libinit$$00000023  c_w.l(libinit2.o)
    0x080001a2   0x080001a2   0x00000000   Code   RO         2495    .ARM.Collect$$libinit$$00000025  c_w.l(libinit2.o)
    0x080001a2   0x080001a2   0x00000000   Code   RO         2499    .ARM.Collect$$libinit$$0000002C  c_w.l(libinit2.o)
    0x080001a2   0x080001a2   0x00000000   Code   RO         2501    .ARM.Collect$$libinit$$0000002E  c_w.l(libinit2.o)
    0x080001a2   0x080001a2   0x00000000   Code   RO         2503    .ARM.Collect$$libinit$$00000030  c_w.l(libinit2.o)
    0x080001a2   0x080001a2   0x00000000   Code   RO         2505    .ARM.Collect$$libinit$$00000032  c_w.l(libinit2.o)
    0x080001a2   0x080001a2   0x00000002   Code   RO         2506    .ARM.Collect$$libinit$$00000033  c_w.l(libinit2.o)
    0x080001a4   0x080001a4   0x00000002   Code   RO         2524    .ARM.Collect$$libshutdown$$00000000  c_w.l(libshutdown.o)
    0x080001a6   0x080001a6   0x00000000   Code   RO         2534    .ARM.Collect$$libshutdown$$00000002  c_w.l(libshutdown2.o)
    0x080001a6   0x080001a6   0x00000000   Code   RO         2536    .ARM.Collect$$libshutdown$$00000004  c_w.l(libshutdown2.o)
    0x080001a6   0x080001a6   0x00000000   Code   RO         2539    .ARM.Collect$$libshutdown$$00000007  c_w.l(libshutdown2.o)
    0x080001a6   0x080001a6   0x00000000   Code   RO         2542    .ARM.Collect$$libshutdown$$0000000A  c_w.l(libshutdown2.o)
    0x080001a6   0x080001a6   0x00000000   Code   RO         2544    .ARM.Collect$$libshutdown$$0000000C  c_w.l(libshutdown2.o)
    0x080001a6   0x080001a6   0x00000000   Code   RO         2547    .ARM.Collect$$libshutdown$$0000000F  c_w.l(libshutdown2.o)
    0x080001a6   0x080001a6   0x00000002   Code   RO         2548    .ARM.Collect$$libshutdown$$00000010  c_w.l(libshutdown2.o)
    0x080001a8   0x080001a8   0x00000000   Code   RO         2403    .ARM.Collect$$rtentry$$00000000  c_w.l(__rtentry.o)
    0x080001a8   0x080001a8   0x00000000   Code   RO         2423    .ARM.Collect$$rtentry$$00000002  c_w.l(__rtentry2.o)
    0x080001a8   0x080001a8   0x00000006   Code   RO         2435    .ARM.Collect$$rtentry$$00000004  c_w.l(__rtentry4.o)
    0x080001ae   0x080001ae   0x00000000   Code   RO         2425    .ARM.Collect$$rtentry$$00000009  c_w.l(__rtentry2.o)
    0x080001ae   0x080001ae   0x00000004   Code   RO         2426    .ARM.Collect$$rtentry$$0000000A  c_w.l(__rtentry2.o)
    0x080001b2   0x080001b2   0x00000000   Code   RO         2428    .ARM.Collect$$rtentry$$0000000C  c_w.l(__rtentry2.o)
    0x080001b2   0x080001b2   0x00000008   Code   RO         2429    .ARM.Collect$$rtentry$$0000000D  c_w.l(__rtentry2.o)
    0x080001ba   0x080001ba   0x00000002   Code   RO         2460    .ARM.Collect$$rtexit$$00000000  c_w.l(rtexit.o)
    0x080001bc   0x080001bc   0x00000000   Code   RO         2508    .ARM.Collect$$rtexit$$00000002  c_w.l(rtexit2.o)
    0x080001bc   0x080001bc   0x00000004   Code   RO         2509    .ARM.Collect$$rtexit$$00000003  c_w.l(rtexit2.o)
    0x080001c0   0x080001c0   0x00000006   Code   RO         2510    .ARM.Collect$$rtexit$$00000004  c_w.l(rtexit2.o)
    0x080001c6   0x080001c6   0x00000002   PAD
    0x080001c8   0x080001c8   0x00000040   Code   RO          313  * .text               startup_stm32f10x_md.o
    0x08000208   0x08000208   0x00000002   Code   RO         2317    .text               c_w.l(use_no_semi_2.o)
    0x0800020a   0x0800020a   0x00000006   Code   RO         2351    .text               c_w.l(heapauxi.o)
    0x08000210   0x08000210   0x00000002   Code   RO         2401    .text               c_w.l(use_no_semi.o)
    0x08000212   0x08000212   0x0000004a   Code   RO         2445    .text               c_w.l(sys_stackheap_outer.o)
    0x0800025c   0x0800025c   0x00000012   Code   RO         2449    .text               c_w.l(exit.o)
    0x0800026e   0x0800026e   0x00000002   PAD
    0x08000270   0x08000270   0x00000008   Code   RO         2457    .text               c_w.l(libspace.o)
    0x08000278   0x08000278   0x00000016   Code   RO          853    i.ADC_Cmd           stm32f10x_adc.o
    0x0800028e   0x0800028e   0x00000002   PAD
    0x08000290   0x08000290   0x0000005c   Code   RO          855    i.ADC_DeInit        stm32f10x_adc.o
    0x080002ec   0x080002ec   0x00000014   Code   RO          861    i.ADC_GetCalibrationStatus  stm32f10x_adc.o
    0x08000300   0x08000300   0x00000008   Code   RO          862    i.ADC_GetConversionValue  stm32f10x_adc.o
    0x08000308   0x08000308   0x00000012   Code   RO          864    i.ADC_GetFlagStatus  stm32f10x_adc.o
    0x0800031a   0x0800031a   0x00000014   Code   RO          867    i.ADC_GetResetCalibrationStatus  stm32f10x_adc.o
    0x0800032e   0x0800032e   0x00000002   PAD
    0x08000330   0x08000330   0x00000050   Code   RO          871    i.ADC_Init          stm32f10x_adc.o
    0x08000380   0x08000380   0x000000b8   Code   RO          875    i.ADC_RegularChannelConfig  stm32f10x_adc.o
    0x08000438   0x08000438   0x0000000a   Code   RO          876    i.ADC_ResetCalibration  stm32f10x_adc.o
    0x08000442   0x08000442   0x00000016   Code   RO          878    i.ADC_SoftwareStartConvCmd  stm32f10x_adc.o
    0x08000458   0x08000458   0x0000000a   Code   RO          880    i.ADC_StartCalibration  stm32f10x_adc.o
    0x08000462   0x08000462   0x00000002   PAD
    0x08000464   0x08000464   0x00000098   Code   RO         1702    i.ADC_init          adc.o
    0x080004fc   0x080004fc   0x00000004   Code   RO          106    i.BusFault_Handler  stm32f10x_it.o
    0x08000500   0x08000500   0x0000004c   Code   RO         1737    i.CCD_Init          ccd.o
    0x0800054c   0x0800054c   0x00000002   Code   RO         1826    i.Debug             debug.o
    0x0800054e   0x0800054e   0x00000002   Code   RO          107    i.DebugMon_Handler  stm32f10x_it.o
    0x08000550   0x08000550   0x0000000c   Code   RO         1738    i.Dly_us            ccd.o
    0x0800055c   0x0800055c   0x0000005a   Code   RO         2052    i.Draw_Rectangle    ssd1331.o
    0x080005b6   0x080005b6   0x0000005c   Code   RO         2055    i.Fill_Block        ssd1331.o
    0x08000612   0x08000612   0x00000040   Code   RO         2057    i.Fill_RAM          ssd1331.o
    0x08000652   0x08000652   0x00000116   Code   RO          323    i.GPIO_Init         stm32f10x_gpio.o
    0x08000768   0x08000768   0x00000004   Code   RO          330    i.GPIO_ResetBits    stm32f10x_gpio.o
    0x0800076c   0x0800076c   0x00000004   Code   RO          331    i.GPIO_SetBits      stm32f10x_gpio.o
    0x08000770   0x08000770   0x00000028   Code   RO         1703    i.Get_Adc           adc.o
    0x08000798   0x08000798   0x00000004   Code   RO          108    i.HardFault_Handler  stm32f10x_it.o
    0x0800079c   0x0800079c   0x00000034   Code   RO         1689    i.LED_Init          led.o
    0x080007d0   0x080007d0   0x00000004   Code   RO          109    i.MemManage_Handler  stm32f10x_it.o
    0x080007d4   0x080007d4   0x0000003c   Code   RO         1829    i.Multi_CCD_Data    debug.o
    0x08000810   0x08000810   0x00000002   Code   RO          110    i.NMI_Handler       stm32f10x_it.o
    0x08000812   0x08000812   0x00000002   PAD
    0x08000814   0x08000814   0x00000070   Code   RO          811    i.NVIC_Init         misc.o
    0x08000884   0x08000884   0x00000014   Code   RO          812    i.NVIC_PriorityGroupConfig  misc.o
    0x08000898   0x08000898   0x000000e4   Code   RO         1897    i.OLED_Init         oled.o
    0x0800097c   0x0800097c   0x0000015c   Code   RO         1898    i.OLED_Show_CCD     oled.o
    0x08000ad8   0x08000ad8   0x00000002   Code   RO          111    i.PendSV_Handler    stm32f10x_it.o
    0x08000ada   0x08000ada   0x00000002   PAD
    0x08000adc   0x08000adc   0x00000018   Code   RO          431    i.RCC_ADCCLKConfig  stm32f10x_rcc.o
    0x08000af4   0x08000af4   0x00000020   Code   RO          433    i.RCC_APB1PeriphClockCmd  stm32f10x_rcc.o
    0x08000b14   0x08000b14   0x00000020   Code   RO          435    i.RCC_APB2PeriphClockCmd  stm32f10x_rcc.o
    0x08000b34   0x08000b34   0x00000020   Code   RO          436    i.RCC_APB2PeriphResetCmd  stm32f10x_rcc.o
    0x08000b54   0x08000b54   0x000000d4   Code   RO          443    i.RCC_GetClocksFreq  stm32f10x_rcc.o
    0x08000c28   0x08000c28   0x000000b0   Code   RO         1739    i.RD_TSL            ccd.o
    0x08000cd8   0x08000cd8   0x00000002   Code   RO          112    i.SVC_Handler       stm32f10x_it.o
    0x08000cda   0x08000cda   0x00000002   PAD
    0x08000cdc   0x08000cdc   0x000000d4   Code   RO         1899    i.Screen_Init       oled.o
    0x08000db0   0x08000db0   0x00000008   Code   RO          186    i.SetSysClock       system_stm32f10x.o
    0x08000db8   0x08000db8   0x000000e0   Code   RO          187    i.SetSysClockTo72   system_stm32f10x.o
    0x08000e98   0x08000e98   0x0000001a   Code   RO         2061    i.Set_Column_Address  ssd1331.o
    0x08000eb2   0x08000eb2   0x0000002e   Code   RO         2063    i.Set_Contrast_Color  ssd1331.o
    0x08000ee0   0x08000ee0   0x0000000e   Code   RO         2064    i.Set_Display_Mode  ssd1331.o
    0x08000eee   0x08000eee   0x00000012   Code   RO         2065    i.Set_Display_Offset  ssd1331.o
    0x08000f00   0x08000f00   0x0000000e   Code   RO         2066    i.Set_Display_On_Off  ssd1331.o
    0x08000f0e   0x08000f0e   0x00000012   Code   RO         2069    i.Set_Master_Configuration  ssd1331.o
    0x08000f20   0x08000f20   0x00000012   Code   RO         2070    i.Set_Master_Current  ssd1331.o
    0x08000f32   0x08000f32   0x00000012   Code   RO         2071    i.Set_Multiplex_Ratio  ssd1331.o
    0x08000f44   0x08000f44   0x00000012   Code   RO         2072    i.Set_Oscillator_Frequency_Clock_Divider  ssd1331.o
    0x08000f56   0x08000f56   0x00000012   Code   RO         2073    i.Set_Power_Saving_Mode  ssd1331.o
    0x08000f68   0x08000f68   0x00000012   Code   RO         2074    i.Set_Pre_charge_Level  ssd1331.o
    0x08000f7a   0x08000f7a   0x00000012   Code   RO         2075    i.Set_Remap_Format  ssd1331.o
    0x08000f8c   0x08000f8c   0x00000012   Code   RO         2076    i.Set_Reset_Pre_charge_period  ssd1331.o
    0x08000f9e   0x08000f9e   0x0000001a   Code   RO         2077    i.Set_Row_Address   ssd1331.o
    0x08000fb8   0x08000fb8   0x0000002e   Code   RO         2078    i.Set_Second_Pre_charge_Speed_of_Color  ssd1331.o
    0x08000fe6   0x08000fe6   0x00000012   Code   RO         2079    i.Set_Start_Line    ssd1331.o
    0x08000ff8   0x08000ff8   0x00000012   Code   RO         2080    i.Set_VCOMH         ssd1331.o
    0x0800100a   0x0800100a   0x00000028   Code   RO          815    i.SysTick_CLKSourceConfig  misc.o
    0x08001032   0x08001032   0x00000002   Code   RO          113    i.SysTick_Handler   stm32f10x_it.o
    0x08001034   0x08001034   0x00000060   Code   RO          189    i.SystemInit        system_stm32f10x.o
    0x08001094   0x08001094   0x00000044   Code   RO         1811    i.TIM2_IRQHandler   control.o
    0x080010d8   0x080010d8   0x0000005c   Code   RO         1799    i.TIM2_Int_Init     timer.o
    0x08001134   0x08001134   0x00000018   Code   RO         1085    i.TIM_Cmd           stm32f10x_tim.o
    0x0800114c   0x0800114c   0x00000012   Code   RO         1110    i.TIM_ITConfig      stm32f10x_tim.o
    0x0800115e   0x0800115e   0x00000002   PAD
    0x08001160   0x08001160   0x000000a4   Code   RO         1156    i.TIM_TimeBaseInit  stm32f10x_tim.o
    0x08001204   0x08001204   0x00000088   Code   RO          258    i.USART1_IRQHandler  usart.o
    0x0800128c   0x0800128c   0x00000018   Code   RO          635    i.USART_Cmd         stm32f10x_usart.o
    0x080012a4   0x080012a4   0x00000054   Code   RO          639    i.USART_GetITStatus  stm32f10x_usart.o
    0x080012f8   0x080012f8   0x0000004a   Code   RO          641    i.USART_ITConfig    stm32f10x_usart.o
    0x08001342   0x08001342   0x00000002   PAD
    0x08001344   0x08001344   0x000000d8   Code   RO          642    i.USART_Init        stm32f10x_usart.o
    0x0800141c   0x0800141c   0x0000000a   Code   RO          649    i.USART_ReceiveData  stm32f10x_usart.o
    0x08001426   0x08001426   0x00000004   Code   RO          114    i.UsageFault_Handler  stm32f10x_it.o
    0x0800142a   0x0800142a   0x00000002   PAD
    0x0800142c   0x0800142c   0x00000064   Code   RO         2085    i.Write_Command     ssd1331.o
    0x08001490   0x08001490   0x00000064   Code   RO         2086    i.Write_Data        ssd1331.o
    0x080014f4   0x080014f4   0x00000006   Code   RO          259    i._sys_exit         usart.o
    0x080014fa   0x080014fa   0x00000002   PAD
    0x080014fc   0x080014fc   0x00000044   Code   RO          220    i.delay_init        delay.o
    0x08001540   0x08001540   0x00000290   Code   RO         1740    i.getCCDMedian      ccd.o
    0x080017d0   0x080017d0   0x00000040   Code   RO            1    i.main              main.o
    0x08001810   0x08001810   0x00000048   Code   RO         1902    i.ssd1331_DrawRectangle  oled.o
    0x08001858   0x08001858   0x00000078   Code   RO         1905    i.ssd1331_display_Chinese  oled.o
    0x080018d0   0x080018d0   0x000000fc   Code   RO         1906    i.ssd1331_display_char  oled.o
    0x080019cc   0x080019cc   0x00000096   Code   RO         1907    i.ssd1331_display_number  oled.o
    0x08001a62   0x08001a62   0x00000082   Code   RO         1908    i.ssd1331_display_string  oled.o
    0x08001ae4   0x08001ae4   0x0000002c   Code   RO         1913    i.ssd1331_draw_point  oled.o
    0x08001b10   0x08001b10   0x0000002c   Code   RO         1915    i.ssd1331_fill_black  oled.o
    0x08001b3c   0x08001b3c   0x00000016   Code   RO         1916    i.ssd1331_pow       oled.o
    0x08001b52   0x08001b52   0x00000012   Code   RO         1917    i.ssd1331_set_color  oled.o
    0x08001b64   0x08001b64   0x0000000e   Code   RO         2088    i.uOLED_Delay       ssd1331.o
    0x08001b72   0x08001b72   0x00000002   PAD
    0x08001b74   0x08001b74   0x000000a0   Code   RO          261    i.uart_init         usart.o
    0x08001c14   0x08001c14   0x0000001c   Code   RO         1833    i.usart1_send       debug.o
    0x08001c30   0x08001c30   0x00000062   Code   RO         2355    x$fpl$d2f           fz_ws.l(d2f.o)
    0x08001c92   0x08001c92   0x00000018   Code   RO         2443    x$fpl$dcmpinf       fz_ws.l(dcmpi.o)
    0x08001caa   0x08001caa   0x00000002   PAD
    0x08001cac   0x08001cac   0x0000005a   Code   RO         2357    x$fpl$dfixu         fz_ws.l(dfixu.o)
    0x08001d06   0x08001d06   0x00000026   Code   RO         2361    x$fpl$dfltu         fz_ws.l(dflt_clz.o)
    0x08001d2c   0x08001d2c   0x00000078   Code   RO         2409    x$fpl$dleqf         fz_ws.l(dleqf.o)
    0x08001da4   0x08001da4   0x00000154   Code   RO         2367    x$fpl$dmul          fz_ws.l(dmul.o)
    0x08001ef8   0x08001ef8   0x0000009c   Code   RO         2411    x$fpl$dnaninf       fz_ws.l(dnaninf.o)
    0x08001f94   0x08001f94   0x0000000c   Code   RO         2413    x$fpl$dretinf       fz_ws.l(dretinf.o)
    0x08001fa0   0x08001fa0   0x0000006c   Code   RO         2369    x$fpl$drleqf        fz_ws.l(drleqf.o)
    0x0800200c   0x0800200c   0x00000056   Code   RO         2371    x$fpl$f2d           fz_ws.l(f2d.o)
    0x08002062   0x08002062   0x00000002   PAD
    0x08002064   0x08002064   0x000000c4   Code   RO         2373    x$fpl$fadd          fz_ws.l(faddsub_clz.o)
    0x08002128   0x08002128   0x00000018   Code   RO         2415    x$fpl$fcmpinf       fz_ws.l(fcmpi.o)
    0x08002140   0x08002140   0x00000184   Code   RO         2380    x$fpl$fdiv          fz_ws.l(fdiv.o)
    0x080022c4   0x080022c4   0x0000003e   Code   RO         2385    x$fpl$ffixu         fz_ws.l(ffixu.o)
    0x08002302   0x08002302   0x00000002   PAD
    0x08002304   0x08002304   0x00000026   Code   RO         2389    x$fpl$ffltu         fz_ws.l(fflt_clz.o)
    0x0800232a   0x0800232a   0x00000002   PAD
    0x0800232c   0x0800232c   0x00000068   Code   RO         2395    x$fpl$fleqf         fz_ws.l(fleqf.o)
    0x08002394   0x08002394   0x00000102   Code   RO         2397    x$fpl$fmul          fz_ws.l(fmul.o)
    0x08002496   0x08002496   0x0000008c   Code   RO         2417    x$fpl$fnaninf       fz_ws.l(fnaninf.o)
    0x08002522   0x08002522   0x0000000a   Code   RO         2419    x$fpl$fretinf       fz_ws.l(fretinf.o)
    0x0800252c   0x0800252c   0x00000062   Code   RO         2399    x$fpl$frleqf        fz_ws.l(frleqf.o)
    0x0800258e   0x0800258e   0x00000014   Code   RO         2374    x$fpl$frsb          fz_ws.l(faddsub_clz.o)
    0x080025a2   0x080025a2   0x00000002   PAD
    0x080025a4   0x080025a4   0x000000ea   Code   RO         2375    x$fpl$fsub          fz_ws.l(faddsub_clz.o)
    0x0800268e   0x0800268e   0x00000000   Code   RO         2421    x$fpl$usenofp       fz_ws.l(usenofp.o)
    0x0800268e   0x0800268e   0x00000002   PAD
    0x08002690   0x08002690   0x00000020   Data   RO         2580    Region$$Table       anon$$obj.o


    Execution Region ER_RW (Exec base: 0x20000000, Load base: 0x080026b0, Size: 0x00001038, Max: 0xffffffff, ABSOLUTE, COMPRESSED[0x0000083c])

    Exec Addr    Load Addr    Size         Type   Attr      Idx    E Section Name        Object

    0x20000000   COMPRESSED   0x00000014   Data   RW          190    .data               system_stm32f10x.o
    0x20000014   COMPRESSED   0x00000004   Data   RW          223    .data               delay.o
    0x20000018   COMPRESSED   0x00000006   Data   RW          263    .data               usart.o
    0x2000001e   COMPRESSED   0x00000014   Data   RW          463    .data               stm32f10x_rcc.o
    0x20000032   COMPRESSED   0x00000002   PAD
    0x20000034   COMPRESSED   0x0000002c   Data   RW         1742    .data               ccd.o
    0x20000060   COMPRESSED   0x00000001   Data   RW         1812    .data               control.o
    0x20000061   COMPRESSED   0x00000fd4   Data   RW         1884    .data               font.o


    Execution Region ER_ZI (Exec base: 0x20001038, Load base: 0x08002eec, Size: 0x00000928, Max: 0xffffffff, ABSOLUTE)

    Exec Addr    Load Addr    Size         Type   Attr      Idx    E Section Name        Object

    0x20001038        -       0x000000c8   Zero   RW          262    .bss                usart.o
    0x20001100        -       0x00000200   Zero   RW         1741    .bss                ccd.o
    0x20001300        -       0x00000060   Zero   RW         2458    .bss                c_w.l(libspace.o)
    0x20001360        -       0x00000200   Zero   RW          311    HEAP                startup_stm32f10x_md.o
    0x20001560        -       0x00000400   Zero   RW          310    STACK               startup_stm32f10x_md.o


==============================================================================

Image component sizes


      Code (inc. data)   RO Data    RW Data    ZI Data      Debug   Object Name

       192         14          0          0          0       1145   adc.o
       920         74          0         44        512       3798   ccd.o
        68          4          0          1          0        752   control.o
         0          0          0          0          0         32   core_cm3.o
        90         10          0          0          0       1471   debug.o
        68         18          0          4          0        689   delay.o
         0          0          0       4052          0        877   font.o
        52          4          0          0          0        491   led.o
        64          4          0          0          0     261427   main.o
       172         22          0          0          0       2025   misc.o
      1640         62          0          0          0       9265   oled.o
       830         12          0          0          0      13748   ssd1331.o
        64         26        236          0       1536        808   startup_stm32f10x_md.o
       486         24          0          0          0       8526   stm32f10x_adc.o
       286          0          0          0          0       3000   stm32f10x_gpio.o
        26          0          0          0          0       3790   stm32f10x_it.o
       332         44          0         20          0       5514   stm32f10x_rcc.o
       206         42          0          0          0       2284   stm32f10x_tim.o
       408          6          0          0          0       4958   stm32f10x_usart.o
       328         28          0         20          0       2125   system_stm32f10x.o
        92          0          0          0          0        668   timer.o
       302         22          0          6        200       3676   usart.o

    ----------------------------------------------------------------------
      6648        416        268       4152       2248     331069   Object Totals
         0          0         32          0          0          0   (incl. Generated)
        22          0          0          5          0          0   (incl. Padding)

    ----------------------------------------------------------------------

      Code (inc. data)   RO Data    RW Data    ZI Data      Debug   Library Member Name

        90          0          0          0          0          0   __dczerorl2.o
         8          0          0          0          0         68   __main.o
         0          0          0          0          0          0   __rtentry.o
        12          0          0          0          0          0   __rtentry2.o
         6          0          0          0          0          0   __rtentry4.o
        52          8          0          0          0          0   __scatter.o
        28          0          0          0          0          0   __scatter_zi.o
        18          0          0          0          0         80   exit.o
         6          0          0          0          0        152   heapauxi.o
         2          0          0          0          0          0   libinit.o
         2          0          0          0          0          0   libinit2.o
         2          0          0          0          0          0   libshutdown.o
         2          0          0          0          0          0   libshutdown2.o
         8          4          0          0         96         68   libspace.o
         2          0          0          0          0          0   rtexit.o
        10          0          0          0          0          0   rtexit2.o
        74          0          0          0          0         80   sys_stackheap_outer.o
         2          0          0          0          0         68   use_no_semi.o
         2          0          0          0          0         68   use_no_semi_2.o
        98          4          0          0          0         92   d2f.o
        24          0          0          0          0         68   dcmpi.o
        90          4          0          0          0         92   dfixu.o
        38          0          0          0          0         68   dflt_clz.o
       120          4          0          0          0         92   dleqf.o
       340         12          0          0          0        104   dmul.o
       156          4          0          0          0         92   dnaninf.o
        12          0          0          0          0         68   dretinf.o
       108          0          0          0          0         80   drleqf.o
        86          4          0          0          0         84   f2d.o
       450          8          0          0          0        236   faddsub_clz.o
        24          0          0          0          0         68   fcmpi.o
       388         76          0          0          0         96   fdiv.o
        62          4          0          0          0         84   ffixu.o
        38          0          0          0          0         68   fflt_clz.o
       104          4          0          0          0         84   fleqf.o
       258          4          0          0          0         84   fmul.o
       140          4          0          0          0         84   fnaninf.o
        10          0          0          0          0         68   fretinf.o
        98          0          0          0          0         68   frleqf.o
         0          0          0          0          0          0   usenofp.o

    ----------------------------------------------------------------------
      2988        144          0          0         96       2364   Library Totals
        18          0          0          0          0          0   (incl. Padding)

    ----------------------------------------------------------------------

      Code (inc. data)   RO Data    RW Data    ZI Data      Debug   Library Name

       326         12          0          0         96        584   c_w.l
      2644        132          0          0          0       1780   fz_ws.l

    ----------------------------------------------------------------------
      2988        144          0          0         96       2364   Library Totals

    ----------------------------------------------------------------------

==============================================================================


      Code (inc. data)   RO Data    RW Data    ZI Data      Debug   

      9636        560        268       4152       2344     327501   Grand Totals
      9636        560        268       2108       2344     327501   ELF Image Totals (compressed)
      9636        560        268       2108          0          0   ROM Totals

==============================================================================

    Total RO  Size (Code + RO Data)                 9904 (   9.67kB)
    Total RW  Size (RW Data + ZI Data)              6496 (   6.34kB)
    Total ROM Size (Code + RO Data + RW Data)      12012 (  11.73kB)

==============================================================================

