Component: ARM Compiler 5.06 update 6 (build 750) Tool: armlink [4d35ed]

==============================================================================

Section Cross References

    main.o(i.main) refers to task.o(i.BSP_Init) for BSP_Init
    main.o(i.main) refers to os_core.o(i.OSInit) for OSInit
    main.o(i.main) refers to cpu_a.o(.text) for CPU_SR_Save
    main.o(i.main) refers to task.o(i.start_Task_create) for start_Task_create
    main.o(i.main) refers to os_core.o(i.OS_Sched0) for OS_Sched0
    main.o(i.main) refers to os_core.o(i.OSStart) for OSStart
    main.o(i.main) refers to os_var.o(.data) for OSSchedLockNestingCtr
    system_stm32f4xx.o(i.SystemCoreClockUpdate) refers to system_stm32f4xx.o(.data) for SystemCoreClock
    system_stm32f4xx.o(i.SystemInit) refers to system_stm32f4xx.o(i.SetSysClock) for SetSysClock
    led.o(i.LED_Init) refers to stm32f4xx_rcc.o(i.RCC_AHB1PeriphClockCmd) for RCC_AHB1PeriphClockCmd
    led.o(i.LED_Init) refers to stm32f4xx_gpio.o(i.GPIO_Init) for GPIO_Init
    led.o(i.LED_Init) refers to stm32f4xx_gpio.o(i.GPIO_SetBits) for GPIO_SetBits
    delay.o(i.SysTick_Handler) refers to os_core.o(i.OSIntEnter) for OSIntEnter
    delay.o(i.SysTick_Handler) refers to os_time.o(i.OSTimeTick) for OSTimeTick
    delay.o(i.SysTick_Handler) refers to os_core.o(i.OSIntExit) for OSIntExit
    delay.o(i.SysTick_Handler) refers to os_var.o(.data) for OSRunning
    delay.o(i.delay_init) refers to misc.o(i.SysTick_CLKSourceConfig) for SysTick_CLKSourceConfig
    delay.o(i.delay_init) refers to delay.o(.data) for fac_us
    delay.o(i.delay_init) refers to os_cfg_app.o(.constdata) for OSCfg_TickRate_Hz
    delay.o(i.delay_ms) refers to delay.o(i.delay_ostimedly) for delay_ostimedly
    delay.o(i.delay_ms) refers to delay.o(i.delay_us) for delay_us
    delay.o(i.delay_ms) refers to os_var.o(.data) for OSRunning
    delay.o(i.delay_ms) refers to delay.o(.data) for fac_ms
    delay.o(i.delay_osschedlock) refers to os_core.o(i.OSSchedLock) for OSSchedLock
    delay.o(i.delay_osschedunlock) refers to os_core.o(i.OSSchedUnlock) for OSSchedUnlock
    delay.o(i.delay_ostimedly) refers to os_time.o(i.OSTimeDly) for OSTimeDly
    delay.o(i.delay_us) refers to delay.o(i.delay_osschedlock) for delay_osschedlock
    delay.o(i.delay_us) refers to delay.o(i.delay_osschedunlock) for delay_osschedunlock
    delay.o(i.delay_us) refers to delay.o(.data) for fac_us
    usart.o(.rev16_text) refers (Special) to use_no_semi_2.o(.text) for __use_no_semihosting
    usart.o(.revsh_text) refers (Special) to use_no_semi_2.o(.text) for __use_no_semihosting
    usart.o(i.USART1_IRQHandler) refers (Special) to use_no_semi_2.o(.text) for __use_no_semihosting
    usart.o(i.USART1_IRQHandler) refers to os_core.o(i.OSIntEnter) for OSIntEnter
    usart.o(i.USART1_IRQHandler) refers to stm32f4xx_usart.o(i.USART_GetITStatus) for USART_GetITStatus
    usart.o(i.USART1_IRQHandler) refers to stm32f4xx_usart.o(i.USART_ReceiveData) for USART_ReceiveData
    usart.o(i.USART1_IRQHandler) refers to os_core.o(i.OSIntExit) for OSIntExit
    usart.o(i.USART1_IRQHandler) refers to usart.o(.data) for USART_RX_STA
    usart.o(i.USART1_IRQHandler) refers to usart.o(.bss) for USART_RX_BUF
    usart.o(i._sys_exit) refers (Special) to use_no_semi_2.o(.text) for __use_no_semihosting
    usart.o(i.fputc) refers (Special) to use_no_semi_2.o(.text) for __use_no_semihosting
    usart.o(i.uart_init) refers (Special) to use_no_semi_2.o(.text) for __use_no_semihosting
    usart.o(i.uart_init) refers to stm32f4xx_rcc.o(i.RCC_AHB1PeriphClockCmd) for RCC_AHB1PeriphClockCmd
    usart.o(i.uart_init) refers to stm32f4xx_rcc.o(i.RCC_APB2PeriphClockCmd) for RCC_APB2PeriphClockCmd
    usart.o(i.uart_init) refers to stm32f4xx_gpio.o(i.GPIO_PinAFConfig) for GPIO_PinAFConfig
    usart.o(i.uart_init) refers to stm32f4xx_gpio.o(i.GPIO_Init) for GPIO_Init
    usart.o(i.uart_init) refers to stm32f4xx_usart.o(i.USART_Init) for USART_Init
    usart.o(i.uart_init) refers to stm32f4xx_usart.o(i.USART_Cmd) for USART_Cmd
    usart.o(i.uart_init) refers to stm32f4xx_usart.o(i.USART_ClearFlag) for USART_ClearFlag
    usart.o(i.uart_init) refers to stm32f4xx_usart.o(i.USART_ITConfig) for USART_ITConfig
    usart.o(i.uart_init) refers to misc.o(i.NVIC_Init) for NVIC_Init
    usart.o(.bss) refers (Special) to use_no_semi_2.o(.text) for __use_no_semihosting
    usart.o(.data) refers (Special) to use_no_semi_2.o(.text) for __use_no_semihosting
    startup_stm32f40_41xxx.o(STACK) refers (Special) to heapauxi.o(.text) for __use_two_region_memory
    startup_stm32f40_41xxx.o(HEAP) refers (Special) to heapauxi.o(.text) for __use_two_region_memory
    startup_stm32f40_41xxx.o(RESET) refers (Special) to heapauxi.o(.text) for __use_two_region_memory
    startup_stm32f40_41xxx.o(RESET) refers to startup_stm32f40_41xxx.o(STACK) for __initial_sp
    startup_stm32f40_41xxx.o(RESET) refers to startup_stm32f40_41xxx.o(.text) for Reset_Handler
[...]
    i.OS_SemInit                             0x08003160   Section        0  os_sem.o(i.OS_SemInit)
    i.OS_SemPost                             0x08003178   Section        0  os_sem.o(i.OS_SemPost)
    i.OS_StatTask                            0x080032dc   Section        0  os_stat.o(i.OS_StatTask)
    i.OS_StatTaskInit                        0x08003638   Section        0  os_stat.o(i.OS_StatTaskInit)
    i.OS_TaskBlock                           0x08003704   Section        0  os_core.o(i.OS_TaskBlock)
    i.OS_TaskDbgListAdd                      0x0800373c   Section        0  os_task.o(i.OS_TaskDbgListAdd)
    i.OS_TaskDbgListRemove                   0x0800376c   Section        0  os_task.o(i.OS_TaskDbgListRemove)
    i.OS_TaskInit                            0x080037b0   Section        0  os_task.o(i.OS_TaskInit)
    i.OS_TaskInitTCB                         0x080037d0   Section        0  os_task.o(i.OS_TaskInitTCB)
    i.OS_TaskQPost                           0x08003898   Section        0  os_task.o(i.OS_TaskQPost)
    i.OS_TaskRdy                             0x08003aa4   Section        0  os_core.o(i.OS_TaskRdy)
    i.OS_TaskResume                          0x08003ac0   Section        0  os_task.o(i.OS_TaskResume)
    i.OS_TaskReturn                          0x08003c00   Section        0  os_task.o(i.OS_TaskReturn)
    i.OS_TaskSemPost                         0x08003c18   Section        0  os_task.o(i.OS_TaskSemPost)
    i.OS_TaskSuspend                         0x080040dc   Section        0  os_task.o(i.OS_TaskSuspend)
    i.OS_TickListInit                        0x0800422c   Section        0  os_tick.o(i.OS_TickListInit)
    i.OS_TickListInsert                      0x08004254   Section        0  os_tick.o(i.OS_TickListInsert)
    i.OS_TickListRemove                      0x08004410   Section        0  os_tick.o(i.OS_TickListRemove)
    i.OS_TickListResetPeak                   0x08004448   Section        0  os_tick.o(i.OS_TickListResetPeak)
    i.OS_TickListUpdate                      0x0800446c   Section        0  os_tick.o(i.OS_TickListUpdate)
    i.OS_TickTask                            0x08004664   Section        0  os_tick.o(i.OS_TickTask)
    i.OS_TickTaskInit                        0x08004690   Section        0  os_tick.o(i.OS_TickTaskInit)
    i.OS_TmrInit                             0x08004748   Section        0  os_tmr.o(i.OS_TmrInit)
    i.OS_TmrLink                             0x08004870   Section        0  os_tmr.o(i.OS_TmrLink)
    i.OS_TmrResetPeak                        0x08004940   Section        0  os_tmr.o(i.OS_TmrResetPeak)
    i.OS_TmrTask                             0x08004964   Section        0  os_tmr.o(i.OS_TmrTask)
    i.OS_TmrUnlink                           0x08004a24   Section        0  os_tmr.o(i.OS_TmrUnlink)
    i.RCC_AHB1PeriphClockCmd                 0x08004a74   Section        0  stm32f4xx_rcc.o(i.RCC_AHB1PeriphClockCmd)
    i.RCC_APB2PeriphClockCmd                 0x08004a94   Section        0  stm32f4xx_rcc.o(i.RCC_APB2PeriphClockCmd)
    i.RCC_GetClocksFreq                      0x08004ab4   Section        0  stm32f4xx_rcc.o(i.RCC_GetClocksFreq)
    i.SVC_Handler                            0x08004b9c   Section        0  stm32f4xx_it.o(i.SVC_Handler)
    i.SetSysClock                            0x08004ba0   Section        0  system_stm32f4xx.o(i.SetSysClock)
    SetSysClock                              0x08004ba1   Thumb Code   220  system_stm32f4xx.o(i.SetSysClock)
    i.SysTick_CLKSourceConfig                0x08004c8c   Section        0  misc.o(i.SysTick_CLKSourceConfig)
    i.SysTick_Handler                        0x08004cb4   Section        0  delay.o(i.SysTick_Handler)
    i.SystemInit                             0x08004cd0   Section        0  system_stm32f4xx.o(i.SystemInit)
    i.USART1_IRQHandler                      0x08004d38   Section        0  usart.o(i.USART1_IRQHandler)
    i.USART_ClearFlag                        0x08004dc8   Section        0  stm32f4xx_usart.o(i.USART_ClearFlag)
    i.USART_Cmd                              0x08004dda   Section        0  stm32f4xx_usart.o(i.USART_Cmd)
    i.USART_GetITStatus                      0x08004df2   Section        0  stm32f4xx_usart.o(i.USART_GetITStatus)
    i.USART_ITConfig                         0x08004e46   Section        0  stm32f4xx_usart.o(i.USART_ITConfig)
    i.USART_Init                             0x08004e90   Section        0  stm32f4xx_usart.o(i.USART_Init)
    i.USART_ReceiveData                      0x08004f64   Section        0  stm32f4xx_usart.o(i.USART_ReceiveData)
    i.UsageFault_Handler                     0x08004f6e   Section        0  stm32f4xx_it.o(i.UsageFault_Handler)
    i._sys_exit                              0x08004f72   Section        0  usart.o(i._sys_exit)
    i.delay_init                             0x08004f78   Section        0  delay.o(i.delay_init)
    i.fputc                                  0x08004fe8   Section        0  usart.o(i.fputc)
    i.led_task                               0x08005004   Section        0  led_task.o(i.led_task)
    i.led_task_create                        0x080050dc   Section        0  led_task.o(i.led_task_create)
    i.main                                   0x0800512c   Section        0  main.o(i.main)
    i.start_Task_create                      0x080051d4   Section        0  task.o(i.start_Task_create)
    i.start_task                             0x08005224   Section        0  task.o(i.start_task)
    i.uart_init                              0x080052e0   Section        0  usart.o(i.uart_init)
    x$fpl$fpinit                             0x08005394   Section       10  fpinit.o(x$fpl$fpinit)
    $v0                                      0x08005394   Number         0  fpinit.o(x$fpl$fpinit)
    .constdata                               0x080053a0   Section      164  os_cfg_app.o(.constdata)
    .constdata                               0x08005444   Section      364  os_dbg.o(.constdata)
    .data                                    0x20000000   Section        4  delay.o(.data)
    fac_us                                   0x20000000   Data           1  delay.o(.data)
    fac_ms                                   0x20000002   Data           2  delay.o(.data)
    .data                                    0x20000004   Section        6  usart.o(.data)
    .data                                    0x2000000a   Section       16  stm32f4xx_rcc.o(.data)
    APBAHBPrescTable                         0x2000000a   Data          16  stm32f4xx_rcc.o(.data)
    .data                                    0x2000001c   Section        4  cpu_core.o(.data)
    .data                                    0x20000020   Section        8  os_prio.o(.data)
    .data                                    0x20000028   Section      200  os_var.o(.data)
    .data                                    0x200000f0   Section        4  os_cpu_c.o(.data)
    .bss                                     0x200000f4   Section      200  usart.o(.bss)
    .bss                                     0x200001bc   Section     2244  task.o(.bss)
    .bss                                     0x20000a80   Section      708  led_task.o(.bss)
    .bss                                     0x20000d44   Section       16  cpu_core.o(.bss)
    .bss                                     0x20000d54   Section     5264  os_cfg_app.o(.bss)
    .bss                                     0x200021e4   Section     1760  os_var.o(.bss)
    .bss                                     0x200028c4   Section       96  libspace.o(.bss)
    HEAP                                     0x20002928   Section      512  startup_stm32f40_41xxx.o(HEAP)
    Heap_Mem                                 0x20002928   Data         512  startup_stm32f40_41xxx.o(HEAP)
    STACK                                    0x20002b28   Section     1024  startup_stm32f40_41xxx.o(STACK)
    Stack_Mem                                0x20002b28   Data        1024  startup_stm32f40_41xxx.o(STACK)
    __initial_sp                             0x20002f28   Data           0  startup_stm32f40_41xxx.o(STACK)

    Global Symbols

    Symbol Name                              Value     Ov Type        Size  Object(Section)

    BuildAttributes$$THM_ISAv4$E$P$D$K$B$S$7EM$VFPi3$EXTD16$VFPS$VFMA$PE$A:L22UL41UL21$X:L11$S22US41US21$IEEE1$IW$USESV6$~STKCKD$USESV7$~SHL$OSPACE$ROPI$EBA8$UX$STANDARDLIB$REQ8$PRES8$EABIv2 0x00000000   Number         0  anon$$obj.o ABSOLUTE
    __ARM_use_no_argv                        0x00000000   Number         0  main.o ABSOLUTE
    __ARM_exceptions_init                     - Undefined Weak Reference
    __alloca_initialize                       - Undefined Weak Reference
    __arm_preinit_                            - Undefined Weak Reference
    __cpp_initialize__aeabi_                  - Undefined Weak Reference
    __cxa_finalize                            - Undefined Weak Reference
    __rt_locale                               - Undefined Weak Reference
    __sigvec_lookup                           - Undefined Weak Reference
    _atexit_init                              - Undefined Weak Reference
    _call_atexit_fns                          - Undefined Weak Reference
    _clock_init                               - Undefined Weak Reference
    _fp_trap_init                             - Undefined Weak Reference
    _fp_trap_shutdown                         - Undefined Weak Reference
    _get_lc_collate                           - Undefined Weak Reference
    _get_lc_ctype                             - Undefined Weak Reference
    _get_lc_monetary                          - Undefined Weak Reference
    _get_lc_numeric                           - Undefined Weak Reference
    _get_lc_time                              - Undefined Weak Reference
    _getenv_init                              - Undefined Weak Reference
    _handle_redirection                       - Undefined Weak Reference
    _init_alloc                               - Undefined Weak Reference
    _init_user_alloc                          - Undefined Weak Reference
    _initio                                   - Undefined Weak Reference
    _mutex_acquire                            - Undefined Weak Reference
    _mutex_release                            - Undefined Weak Reference
    _rand_init                                - Undefined Weak Reference
    _signal_finish                            - Undefined Weak Reference
    _signal_init                              - Undefined Weak Reference
    _terminate_alloc                          - Undefined Weak Reference
    _terminate_user_alloc                     - Undefined Weak Reference
    _terminateio                              - Undefined Weak Reference
    __Vectors_Size                           0x00000188   Number         0  startup_stm32f40_41xxx.o ABSOLUTE
    __Vectors                                0x08000000   Data           4  startup_stm32f40_41xxx.o(RESET)
    __Vectors_End                            0x08000188   Data           0  startup_stm32f40_41xxx.o(RESET)
    __main                                   0x08000189   Thumb Code     8  __main.o(!!!main)
    __scatterload                            0x08000191   Thumb Code     0  __scatter.o(!!!scatter)
    __scatterload_rt2                        0x08000191   Thumb Code    44  __scatter.o(!!!scatter)
    __scatterload_rt2_thumb_only             0x08000191   Thumb Code     0  __scatter.o(!!!scatter)
    __scatterload_null                       0x0800019f   Thumb Code     0  __scatter.o(!!!scatter)
    __scatterload_copy                       0x080001c5   Thumb Code    26  __scatter_copy.o(!!handler_copy)
    __scatterload_zeroinit                   0x080001e1   Thumb Code    28  __scatter_zi.o(!!handler_zi)
    __rt_lib_init                            0x080001fd   Thumb Code     0  libinit.o(.ARM.Collect$$libinit$$00000000)
    __rt_lib_init_fp_1                       0x080001ff   Thumb Code     0  libinit2.o(.ARM.Collect$$libinit$$00000001)
    __rt_lib_init_alloca_1                   0x08000203   Thumb Code     0  libinit2.o(.ARM.Collect$$libinit$$0000002E)
    __rt_lib_init_argv_1                     0x08000203   Thumb Code     0  libinit2.o(.ARM.Collect$$libinit$$0000002C)
    __rt_lib_init_atexit_1                   0x08000203   Thumb Code     0  libinit2.o(.ARM.Collect$$libinit$$0000001B)
    __rt_lib_init_clock_1                    0x08000203   Thumb Code     0  libinit2.o(.ARM.Collect$$libinit$$00000021)
    __rt_lib_init_cpp_1                      0x08000203   Thumb Code     0  libinit2.o(.ARM.Collect$$libinit$$00000032)
    __rt_lib_init_exceptions_1               0x08000203   Thumb Code     0  libinit2.o(.ARM.Collect$$libinit$$00000030)
    __rt_lib_init_fp_trap_1                  0x08000203   Thumb Code     0  libinit2.o(.ARM.Collect$$libinit$$0000001F)
    __rt_lib_init_getenv_1                   0x08000203   Thumb Code     0  libinit2.o(.ARM.Collect$$libinit$$00000023)
    __rt_lib_init_heap_1                     0x08000203   Thumb Code     0  libinit2.o(.ARM.Collect$$libinit$$0000000A)
    __rt_lib_init_lc_collate_1               0x08000203   Thumb Code     0  libinit2.o(.ARM.Collect$$libinit$$00000011)
    __rt_lib_init_lc_ctype_1                 0x08000203   Thumb Code     0  libinit2.o(.ARM.Collect$$libinit$$00000013)
    __rt_lib_init_lc_monetary_1              0x08000203   Thumb Code     0  libinit2.o(.ARM.Collect$$libinit$$00000015)
    __rt_lib_init_lc_numeric_1               0x08000203   Thumb Code     0  libinit2.o(.ARM.Collect$$libinit$$00000017)
    __rt_lib_init_lc_time_1                  0x08000203   Thumb Code     0  libinit2.o(.ARM.Collect$$libinit$$00000019)
    __rt_lib_init_preinit_1                  0x08000203   Thumb Code     0  libinit2.o(.ARM.Collect$$libinit$$00000004)
    __rt_lib_init_rand_1                     0x08000203   Thumb Code     0  libinit2.o(.ARM.Collect$$libinit$$0000000E)
    __rt_lib_init_return                     0x08000203   Thumb Code     0  libinit2.o(.ARM.Collect$$libinit$$00000033)
    __rt_lib_init_signal_1                   0x08000203   Thumb Code     0  libinit2.o(.ARM.Collect$$libinit$$0000001D)
    __rt_lib_init_stdio_1                    0x08000203   Thumb Code     0  libinit2.o(.ARM.Collect$$libinit$$00000025)
    __rt_lib_init_user_alloc_1               0x08000203   Thumb Code     0  libinit2.o(.ARM.Collect$$libinit$$0000000C)
    __rt_lib_shutdown                        0x08000205   Thumb Code     0  libshutdown.o(.ARM.Collect$$libshutdown$$00000000)
    __rt_lib_shutdown_cpp_1                  0x08000207   Thumb Code     0  libshutdown2.o(.ARM.Collect$$libshutdown$$00000002)
    __rt_lib_shutdown_fp_trap_1              0x08000207   Thumb Code     0  libshutdown2.o(.ARM.Collect$$libshutdown$$00000007)
    __rt_lib_shutdown_heap_1                 0x08000207   Thumb Code     0  libshutdown2.o(.ARM.Collect$$libshutdown$$0000000F)
    __rt_lib_shutdown_return                 0x08000207   Thumb Code     0  libshutdown2.o(.ARM.Collect$$libshutdown$$00000010)
    __rt_lib_shutdown_signal_1               0x08000207   Thumb Code     0  libshutdown2.o(.ARM.Collect$$libshutdown$$0000000A)
    __rt_lib_shutdown_stdio_1                0x08000207   Thumb Code     0  libshutdown2.o(.ARM.Collect$$libshutdown$$00000004)
    __rt_lib_shutdown_user_alloc_1           0x08000207   Thumb Code     0  libshutdown2.o(.ARM.Collect$$libshutdown$$0000000C)
    __rt_entry                               0x08000209   Thumb Code     0  __rtentry.o(.ARM.Collect$$rtentry$$00000000)
    __rt_entry_presh_1                       0x08000209   Thumb Code     0  __rtentry2.o(.ARM.Collect$$rtentry$$00000002)
    __rt_entry_sh                            0x08000209   Thumb Code     0  __rtentry4.o(.ARM.Collect$$rtentry$$00000004)
    __rt_entry_li                            0x0800020f   Thumb Code     0  __rtentry2.o(.ARM.Collect$$rtentry$$0000000A)
    __rt_entry_postsh_1                      0x0800020f   Thumb Code     0  __rtentry2.o(.ARM.Collect$$rtentry$$00000009)
    __rt_entry_main                          0x08000213   Thumb Code     0  __rtentry2.o(.ARM.Collect$$rtentry$$0000000D)
    __rt_entry_postli_1                      0x08000213   Thumb Code     0  __rtentry2.o(.ARM.Collect$$rtentry$$0000000C)
    __rt_exit                                0x0800021b   Thumb Code     0  rtexit.o(.ARM.Collect$$rtexit$$00000000)
    __rt_exit_ls                             0x0800021d   Thumb Code     0  rtexit2.o(.ARM.Collect$$rtexit$$00000003)
    __rt_exit_prels_1                        0x0800021d   Thumb Code     0  rtexit2.o(.ARM.Collect$$rtexit$$00000002)
    __rt_exit_exit                           0x08000221   Thumb Code     0  rtexit2.o(.ARM.Collect$$rtexit$$00000004)
    Reset_Handler                            0x08000229   Thumb Code     8  startup_stm32f40_41xxx.o(.text)
    ADC_IRQHandler                           0x08000243   Thumb Code     0  startup_stm32f40_41xxx.o(.text)
    CAN1_RX0_IRQHandler                      0x08000243   Thumb Code     0  startup_stm32f40_41xxx.o(.text)
    CAN1_RX1_IRQHandler                      0x08000243   Thumb Code     0  startup_stm32f40_41xxx.o(.text)
    CAN1_SCE_IRQHandler                      0x08000243   Thumb Code     0  startup_stm32f40_41xxx.o(.text)
    CAN1_TX_IRQHandler                       0x08000243   Thumb Code     0  startup_stm32f40_41xxx.o(.text)
    CAN2_RX0_IRQHandler                      0x08000243   Thumb Code     0  startup_stm32f40_41xxx.o(.text)
    CAN2_RX1_IRQHandler                      0x08000243   Thumb Code     0  startup_stm32f40_41xxx.o(.text)
    CAN2_SCE_IRQHandler                      0x08000243   Thumb Code     0  startup_stm32f40_41xxx.o(.text)
    CAN2_TX_IRQHandler                       0x08000243   Thumb Code     0  startup_stm32f40_41xxx.o(.text)
    CRYP_IRQHandler                          0x08000243   Thumb Code     0  startup_stm32f40_41xxx.o(.text)
    DCMI_IRQHandler                          0x08000243   Thumb Code     0  startup_stm32f40_41xxx.o(.text)
    DMA1_Stream0_IRQHandler                  0x08000243   Thumb Code     0  startup_stm32f40_41xxx.o(.text)
    DMA1_Stream1_IRQHandler                  0x08000243   Thumb Code     0  startup_stm32f40_41xxx.o(.text)
    DMA1_Stream2_IRQHandler                  0x08000243   Thumb Code     0  startup_stm32f40_41xxx.o(.text)
    DMA1_Stream3_IRQHandler                  0x08000243   Thumb Code     0  startup_stm32f40_41xxx.o(.text)
    DMA1_Stream4_IRQHandler                  0x08000243   Thumb Code     0  startup_stm32f40_41xxx.o(.text)
    DMA1_Stream5_IRQHandler                  0x08000243   Thumb Code     0  startup_stm32f40_41xxx.o(.text)
    DMA1_Stream6_IRQHandler                  0x08000243   Thumb Code     0  startup_stm32f40_41xxx.o(.text)
    DMA1_Stream7_IRQHandler                  0x08000243   Thumb Code     0  startup_stm32f40_41xxx.o(.text)
    DMA2_Stream0_IRQHandler                  0x08000243   Thumb Code     0  startup_stm32f40_41xxx.o(.text)
    DMA2_Stream1_IRQHandler                  0x08000243   Thumb Code     0  startup_stm32f40_41xxx.o(.text)
    DMA2_Stream2_IRQHandler                  0x08000243   Thumb Code     0  startup_stm32f40_41xxx.o(.text)
    DMA2_Stream3_IRQHandler                  0x08000243   Thumb Code     0  startup_stm32f40_41xxx.o(.text)
    DMA2_Stream4_IRQHandler                  0x08000243   Thumb Code     0  startup_stm32f40_41xxx.o(.text)
    DMA2_Stream5_IRQHandler                  0x08000243   Thumb Code     0  startup_stm32f40_41xxx.o(.text)
    DMA2_Stream6_IRQHandler                  0x08000243   Thumb Code     0  startup_stm32f40_41xxx.o(.text)
    DMA2_Stream7_IRQHandler                  0x08000243   Thumb Code     0  startup_stm32f40_41xxx.o(.text)
    ETH_IRQHandler                           0x08000243   Thumb Code     0  startup_stm32f40_41xxx.o(.text)
    ETH_WKUP_IRQHandler                      0x08000243   Thumb Code     0  startup_stm32f40_41xxx.o(.text)
    EXTI0_IRQHandler                         0x08000243   Thumb Code     0  startup_stm32f40_41xxx.o(.text)
    EXTI15_10_IRQHandler                     0x08000243   Thumb Code     0  startup_stm32f40_41xxx.o(.text)
    EXTI1_IRQHandler                         0x08000243   Thumb Code     0  startup_stm32f40_41xxx.o(.text)
    EXTI2_IRQHandler                         0x08000243   Thumb Code     0  startup_stm32f40_41xxx.o(.text)
    EXTI3_IRQHandler                         0x08000243   Thumb Code     0  startup_stm32f40_41xxx.o(.text)
    EXTI4_IRQHandler                         0x08000243   Thumb Code     0  startup_stm32f40_41xxx.o(.text)
    EXTI9_5_IRQHandler                       0x08000243   Thumb Code     0  startup_stm32f40_41xxx.o(.text)
    FLASH_IRQHandler                         0x08000243   Thumb Code     0  startup_stm32f40_41xxx.o(.text)
    FPU_IRQHandler                           0x08000243   Thumb Code     0  startup_stm32f40_41xxx.o(.text)
    FSMC_IRQHandler                          0x08000243   Thumb Code     0  startup_stm32f40_41xxx.o(.text)
    HASH_RNG_IRQHandler                      0x08000243   Thumb Code     0  startup_stm32f40_41xxx.o(.text)
    I2C1_ER_IRQHandler                       0x08000243   Thumb Code     0  startup_stm32f40_41xxx.o(.text)
    I2C1_EV_IRQHandler                       0x08000243   Thumb Code     0  startup_stm32f40_41xxx.o(.text)
    I2C2_ER_IRQHandler                       0x08000243   Thumb Code     0  startup_stm32f40_41xxx.o(.text)
    I2C2_EV_IRQHandler                       0x08000243   Thumb Code     0  startup_stm32f40_41xxx.o(.text)
    I2C3_ER_IRQHandler                       0x08000243   Thumb Code     0  startup_stm32f40_41xxx.o(.text)
    I2C3_EV_IRQHandler                       0x08000243   Thumb Code     0  startup_stm32f40_41xxx.o(.text)
    OTG_FS_IRQHandler                        0x08000243   Thumb Code     0  startup_stm32f40_41xxx.o(.text)
    OTG_FS_WKUP_IRQHandler                   0x08000243   Thumb Code     0  startup_stm32f40_41xxx.o(.text)
    OTG_HS_EP1_IN_IRQHandler                 0x08000243   Thumb Code     0  startup_stm32f40_41xxx.o(.text)
    OTG_HS_EP1_OUT_IRQHandler                0x08000243   Thumb Code     0  startup_stm32f40_41xxx.o(.text)
    OTG_HS_IRQHandler                        0x08000243   Thumb Code     0  startup_stm32f40_41xxx.o(.text)
    OTG_HS_WKUP_IRQHandler                   0x08000243   Thumb Code     0  startup_stm32f40_41xxx.o(.text)
    PVD_IRQHandler                           0x08000243   Thumb Code     0  startup_stm32f40_41xxx.o(.text)
    RCC_IRQHandler                           0x08000243   Thumb Code     0  startup_stm32f40_41xxx.o(.text)
    RTC_Alarm_IRQHandler                     0x08000243   Thumb Code     0  startup_stm32f40_41xxx.o(.text)
    RTC_WKUP_IRQHandler                      0x08000243   Thumb Code     0  startup_stm32f40_41xxx.o(.text)
    SDIO_IRQHandler                          0x08000243   Thumb Code     0  startup_stm32f40_41xxx.o(.text)
    SPI1_IRQHandler                          0x08000243   Thumb Code     0  startup_stm32f40_41xxx.o(.text)
    SPI2_IRQHandler                          0x08000243   Thumb Code     0  startup_stm32f40_41xxx.o(.text)
    SPI3_IRQHandler                          0x08000243   Thumb Code     0  startup_stm32f40_41xxx.o(.text)
    TAMP_STAMP_IRQHandler                    0x08000243   Thumb Code     0  startup_stm32f40_41xxx.o(.text)
    TIM1_BRK_TIM9_IRQHandler                 0x08000243   Thumb Code     0  startup_stm32f40_41xxx.o(.text)
    TIM1_CC_IRQHandler                       0x08000243   Thumb Code     0  startup_stm32f40_41xxx.o(.text)
    TIM1_TRG_COM_TIM11_IRQHandler            0x08000243   Thumb Code     0  startup_stm32f40_41xxx.o(.text)
    TIM1_UP_TIM10_IRQHandler                 0x08000243   Thumb Code     0  startup_stm32f40_41xxx.o(.text)
    TIM2_IRQHandler                          0x08000243   Thumb Code     0  startup_stm32f40_41xxx.o(.text)
    TIM3_IRQHandler                          0x08000243   Thumb Code     0  startup_stm32f40_41xxx.o(.text)
    TIM4_IRQHandler                          0x08000243   Thumb Code     0  startup_stm32f40_41xxx.o(.text)
    TIM5_IRQHandler                          0x08000243   Thumb Code     0  startup_stm32f40_41xxx.o(.text)
    TIM6_DAC_IRQHandler                      0x08000243   Thumb Code     0  startup_stm32f40_41xxx.o(.text)
    TIM7_IRQHandler                          0x08000243   Thumb Code     0  startup_stm32f40_41xxx.o(.text)
    TIM8_BRK_TIM12_IRQHandler                0x08000243   Thumb Code     0  startup_stm32f40_41xxx.o(.text)
    TIM8_CC_IRQHandler                       0x08000243   Thumb Code     0  startup_stm32f40_41xxx.o(.text)
    TIM8_TRG_COM_TIM14_IRQHandler            0x08000243   Thumb Code     0  startup_stm32f40_41xxx.o(.text)
    TIM8_UP_TIM13_IRQHandler                 0x08000243   Thumb Code     0  startup_stm32f40_41xxx.o(.text)
    UART4_IRQHandler                         0x08000243   Thumb Code     0  startup_stm32f40_41xxx.o(.text)
    UART5_IRQHandler                         0x08000243   Thumb Code     0  startup_stm32f40_41xxx.o(.text)
    USART2_IRQHandler                        0x08000243   Thumb Code     0  startup_stm32f40_41xxx.o(.text)
    USART3_IRQHandler                        0x08000243   Thumb Code     0  startup_stm32f40_41xxx.o(.text)
    USART6_IRQHandler                        0x08000243   Thumb Code     0  startup_stm32f40_41xxx.o(.text)
    WWDG_IRQHandler                          0x08000243   Thumb Code     0  startup_stm32f40_41xxx.o(.text)
    __user_initial_stackheap                 0x08000245   Thumb Code     0  startup_stm32f40_41xxx.o(.text)
    CPU_IntDis                               0x08000269   Thumb Code     0  cpu_a.o(.text)
    CPU_IntEn                                0x0800026d   Thumb Code     0  cpu_a.o(.text)
    CPU_SR_Save                              0x08000271   Thumb Code     0  cpu_a.o(.text)
    CPU_SR_Restore                           0x08000279   Thumb Code     0  cpu_a.o(.text)
    CPU_WaitForInt                           0x0800027f   Thumb Code     0  cpu_a.o(.text)
    CPU_WaitForExcept                        0x08000283   Thumb Code     0  cpu_a.o(.text)
    CPU_CntLeadZeros                         0x08000287   Thumb Code     0  cpu_a.o(.text)
    CPU_CntTrailZeros                        0x0800028d   Thumb Code     0  cpu_a.o(.text)
    CPU_RevBits                              0x08000297   Thumb Code     0  cpu_a.o(.text)
    __use_no_semihosting                     0x0800029d   Thumb Code     2  use_no_semi_2.o(.text)
    __2printf                                0x080002a1   Thumb Code    20  noretval__2printf.o(.text)
    __use_two_region_memory                  0x080002b9   Thumb Code     2  heapauxi.o(.text)
    __rt_heap_escrow$2region                 0x080002bb   Thumb Code     2  heapauxi.o(.text)
    __rt_heap_expand$2region                 0x080002bd   Thumb Code     2  heapauxi.o(.text)
    __I$use$semihosting                      0x080002bf   Thumb Code     0  use_no_semi.o(.text)
    __use_no_semihosting_swi                 0x080002bf   Thumb Code     2  use_no_semi.o(.text)
    _printf_char_file                        0x080002c1   Thumb Code    32  _printf_char_file.o(.text)
    _printf_char_common                      0x080002ef   Thumb Code    32  _printf_char_common.o(.text)
    ferror                                   0x08000315   Thumb Code     8  ferror.o(.text)
    __user_setup_stackheap                   0x0800031d   Thumb Code    74  sys_stackheap_outer.o(.text)
    __printf                                 0x08000367   Thumb Code    40  __printf_nopercent.o(.text)
    exit                                     0x0800038f   Thumb Code    18  exit.o(.text)
    __user_libspace                          0x080003a1   Thumb Code     8  libspace.o(.text)
    __user_perproc_libspace                  0x080003a1   Thumb Code     0  libspace.o(.text)
    __user_perthread_libspace                0x080003a1   Thumb Code     0  libspace.o(.text)
    OSStartHighRdy                           0x080003a9   Thumb Code     0  os_cpu_a.o(CODE)
    OSCtxSw                                  0x080003cb   Thumb Code     0  os_cpu_a.o(CODE)
    OSIntCtxSw                               0x080003d5   Thumb Code     0  os_cpu_a.o(CODE)
    PendSV_Handler                           0x080003df   Thumb Code     0  os_cpu_a.o(CODE)
    BSP_CPU_ClkFreq                          0x08000455   Thumb Code    14  bsp.o(i.BSP_CPU_ClkFreq)
    BSP_Init                                 0x08000463   Thumb Code    30  task.o(i.BSP_Init)
    BusFault_Handler                         0x08000481   Thumb Code     4  stm32f4xx_it.o(i.BusFault_Handler)
    CPU_Init                                 0x08000485   Thumb Code    12  cpu_core.o(i.CPU_Init)
    CPU_NameClr                              0x08000491   Thumb Code    42  cpu_core.o(i.CPU_NameClr)
    CPU_TS_TmrFreqSet                        0x080004dd   Thumb Code     6  cpu_core.o(i.CPU_TS_TmrFreqSet)
    CPU_TS_TmrInit                           0x080004e9   Thumb Code    44  bsp.o(i.CPU_TS_TmrInit)
    CPU_TS_TmrRd                             0x0800051d   Thumb Code     6  bsp.o(i.CPU_TS_TmrRd)
    DebugMon_Handler                         0x08000529   Thumb Code     2  stm32f4xx_it.o(i.DebugMon_Handler)
    GPIO_Init                                0x0800052b   Thumb Code   144  stm32f4xx_gpio.o(i.GPIO_Init)
    GPIO_PinAFConfig                         0x080005bb   Thumb Code    70  stm32f4xx_gpio.o(i.GPIO_PinAFConfig)
    GPIO_SetBits                             0x08000601   Thumb Code     4  stm32f4xx_gpio.o(i.GPIO_SetBits)
    HardFault_Handler                        0x08000605   Thumb Code     4  stm32f4xx_it.o(i.HardFault_Handler)
    LED_Init                                 0x08000609   Thumb Code    60  led.o(i.LED_Init)
    MemManage_Handler                        0x08000649   Thumb Code     4  stm32f4xx_it.o(i.MemManage_Handler)
    Mem_Clr                                  0x0800064d   Thumb Code    18  lib_mem.o(i.Mem_Clr)
    Mem_Set                                  0x0800065f   Thumb Code    84  lib_mem.o(i.Mem_Set)
    NMI_Handler                              0x080006b3   Thumb Code     2  stm32f4xx_it.o(i.NMI_Handler)
    NVIC_Init                                0x080006b5   Thumb Code   106  misc.o(i.NVIC_Init)
    NVIC_PriorityGroupConfig                 0x0800072d   Thumb Code    10  misc.o(i.NVIC_PriorityGroupConfig)
    OSCfg_Init                               0x08000741   Thumb Code    86  os_cfg_app.o(i.OSCfg_Init)
    OSIdleTaskHook                           0x0800083d   Thumb Code    16  os_cpu_c.o(i.OSIdleTaskHook)
    OSInit                                   0x08000851   Thumb Code   300  os_core.o(i.OSInit)
    OSInitHook                               0x080009dd   Thumb Code    28  os_cpu_c.o(i.OSInitHook)
    OSIntEnter                               0x08000a05   Thumb Code    34  os_core.o(i.OSIntEnter)
    OSIntExit                                0x08000a31   Thumb Code   188  os_core.o(i.OSIntExit)
    OSSched                                  0x08000b0d   Thumb Code   130  os_core.o(i.OSSched)
    OSSchedLock                              0x08000bad   Thumb Code   104  os_core.o(i.OSSchedLock)
    OSSchedRoundRobinCfg                     0x08000c21   Thumb Code    88  os_core.o(i.OSSchedRoundRobinCfg)
    OSSchedUnlock                            0x08000c85   Thumb Code   136  os_core.o(i.OSSchedUnlock)
    OSStart                                  0x08000d19   Thumb Code    78  os_core.o(i.OSStart)
    OSStatReset                              0x08000d81   Thumb Code   270  os_stat.o(i.OSStatReset)
    OSStatTaskCPUUsageInit                   0x08000eb9   Thumb Code   212  os_stat.o(i.OSStatTaskCPUUsageInit)
    OSStatTaskHook                           0x08000fa9   Thumb Code    16  os_cpu_c.o(i.OSStatTaskHook)
    OSTaskCreate                             0x08000fbd   Thumb Code   566  os_task.o(i.OSTaskCreate)
    OSTaskCreateHook                         0x08001219   Thumb Code    20  os_cpu_c.o(i.OSTaskCreateHook)
    OSTaskDel                                0x08001231   Thumb Code   424  os_task.o(i.OSTaskDel)
    OSTaskDelHook                            0x080013f5   Thumb Code    20  os_cpu_c.o(i.OSTaskDelHook)
    OSTaskResume                             0x0800140d   Thumb Code   112  os_task.o(i.OSTaskResume)
    OSTaskReturnHook                         0x08001489   Thumb Code    20  os_cpu_c.o(i.OSTaskReturnHook)
    OSTaskSemPend                            0x080014a1   Thumb Code   520  os_task.o(i.OSTaskSemPend)
    OSTaskStkChk                             0x080016b5   Thumb Code   204  os_task.o(i.OSTaskStkChk)
    OSTaskStkInit                            0x08001789   Thumb Code   600  os_cpu_c.o(i.OSTaskStkInit)
    OSTaskSuspend                            0x080019e5   Thumb Code    78  os_task.o(i.OSTaskSuspend)
    OSTaskSwHook                             0x08001a45   Thumb Code   120  os_cpu_c.o(i.OSTaskSwHook)
    OSTimeDly                                0x08001acd   Thumb Code   266  os_time.o(i.OSTimeDly)
    OSTimeDlyHMSM                            0x08001be5   Thumb Code   480  os_time.o(i.OSTimeDlyHMSM)
    OSTimeTick                               0x08001dd5   Thumb Code    54  os_time.o(i.OSTimeTick)
    OSTimeTickHook                           0x08001e19   Thumb Code    16  os_cpu_c.o(i.OSTimeTickHook)
    OS_Dbg_Init                              0x08001e2d   Thumb Code   146  os_dbg.o(i.OS_Dbg_Init)
    OS_FlagInit                              0x08001fdd   Thumb Code    14  os_flag.o(i.OS_FlagInit)
    OS_FlagPost                              0x08001ff5   Thumb Code   552  os_flag.o(i.OS_FlagPost)
    OS_FlagTaskRdy                           0x08002225   Thumb Code    86  os_flag.o(i.OS_FlagTaskRdy)
    OS_IdleTask                              0x0800227d   Thumb Code    60  os_core.o(i.OS_IdleTask)
    OS_IdleTaskInit                          0x080022c1   Thumb Code    66  os_core.o(i.OS_IdleTaskInit)
    OS_IntQPost                              0x08002331   Thumb Code   216  os_int.o(i.OS_IntQPost)
    OS_IntQRePost                            0x0800242d   Thumb Code   360  os_int.o(i.OS_IntQRePost)
    OS_IntQTask                              0x080025d1   Thumb Code   162  os_int.o(i.OS_IntQTask)
    OS_IntQTaskInit                          0x08002685   Thumb Code   206  os_int.o(i.OS_IntQTaskInit)
    OS_MemInit                               0x080027ad   Thumb Code    14  os_mem.o(i.OS_MemInit)
    OS_MsgPoolCreate                         0x080027c5   Thumb Code    54  os_msg.o(i.OS_MsgPoolCreate)
    OS_MsgPoolInit                           0x080027fd   Thumb Code    70  os_msg.o(i.OS_MsgPoolInit)
    OS_MsgQFreeAll                           0x08002851   Thumb Code    62  os_msg.o(i.OS_MsgQFreeAll)
    OS_MsgQInit                              0x08002895   Thumb Code    14  os_msg.o(i.OS_MsgQInit)
    OS_MsgQPut                               0x080028a5   Thumb Code   246  os_msg.o(i.OS_MsgQPut)
    OS_MutexInit                             0x080029a1   Thumb Code    14  os_mutex.o(i.OS_MutexInit)
    OS_Pend                                  0x080029b9   Thumb Code    98  os_core.o(i.OS_Pend)
    OS_PendDataInit                          0x08002a21   Thumb Code    38  os_core.o(i.OS_PendDataInit)
    OS_PendDbgNameAdd                        0x08002a49   Thumb Code    66  os_core.o(i.OS_PendDbgNameAdd)
    OS_PendDbgNameRemove                     0x08002aa5   Thumb Code    30  os_core.o(i.OS_PendDbgNameRemove)
    OS_PendListInsertPrio                    0x08002ac9   Thumb Code   102  os_core.o(i.OS_PendListInsertPrio)
    OS_PendListRemove                        0x08002b2f   Thumb Code    48  os_core.o(i.OS_PendListRemove)
    OS_PendListRemove1                       0x08002b5f   Thumb Code    66  os_core.o(i.OS_PendListRemove1)
    OS_Post                                  0x08002ba1   Thumb Code   192  os_core.o(i.OS_Post)
    OS_Post1                                 0x08002c61   Thumb Code    42  os_core.o(i.OS_Post1)
    OS_PrioGetHighest                        0x08002c8d   Thumb Code    36  os_prio.o(i.OS_PrioGetHighest)
    OS_PrioInit                              0x08002cb5   Thumb Code    20  os_prio.o(i.OS_PrioInit)
    OS_PrioInsert                            0x08002ccd   Thumb Code    32  os_prio.o(i.OS_PrioInsert)
    OS_PrioRemove                            0x08002cf1   Thumb Code    32  os_prio.o(i.OS_PrioRemove)
    OS_QInit                                 0x08002d15   Thumb Code    14  os_q.o(i.OS_QInit)
    OS_QPost                                 0x08002d2d   Thumb Code   324  os_q.o(i.OS_QPost)
    OS_RdyListInit                           0x08002e79   Thumb Code    32  os_core.o(i.OS_RdyListInit)
    OS_RdyListInsert                         0x08002e9d   Thumb Code    40  os_core.o(i.OS_RdyListInsert)
    OS_RdyListInsertHead                     0x08002ec9   Thumb Code    58  os_core.o(i.OS_RdyListInsertHead)
    OS_RdyListInsertTail                     0x08002f09   Thumb Code    56  os_core.o(i.OS_RdyListInsertTail)
    OS_RdyListMoveHeadToTail                 0x08002f45   Thumb Code    68  os_core.o(i.OS_RdyListMoveHeadToTail)
    OS_RdyListRemove                         0x08002f89   Thumb Code    86  os_core.o(i.OS_RdyListRemove)
    OS_Sched0                                0x08002fe5   Thumb Code    68  os_core.o(i.OS_Sched0)
    OS_SchedLockTimeMeasStart                0x08003039   Thumb Code    20  os_core.o(i.OS_SchedLockTimeMeasStart)
    OS_SchedLockTimeMeasStop                 0x08003055   Thumb Code    44  os_core.o(i.OS_SchedLockTimeMeasStop)
    OS_SchedRoundRobin                       0x08003091   Thumb Code   190  os_core.o(i.OS_SchedRoundRobin)
    OS_SemInit                               0x08003161   Thumb Code    14  os_sem.o(i.OS_SemInit)
    OS_SemPost                               0x08003179   Thumb Code   350  os_sem.o(i.OS_SemPost)
    OS_StatTask                              0x080032dd   Thumb Code   790  os_stat.o(i.OS_StatTask)
    OS_StatTaskInit                          0x08003639   Thumb Code   136  os_stat.o(i.OS_StatTaskInit)
    OS_TaskBlock                             0x08003705   Thumb Code    56  os_core.o(i.OS_TaskBlock)
    OS_TaskDbgListAdd                        0x0800373d   Thumb Code    42  os_task.o(i.OS_TaskDbgListAdd)
    OS_TaskDbgListRemove                     0x0800376d   Thumb Code    64  os_task.o(i.OS_TaskDbgListRemove)
    OS_TaskInit                              0x080037b1   Thumb Code    18  os_task.o(i.OS_TaskInit)
    OS_TaskInitTCB                           0x080037d1   Thumb Code   186  os_task.o(i.OS_TaskInitTCB)
    OS_TaskQPost                             0x08003899   Thumb Code   510  os_task.o(i.OS_TaskQPost)
    OS_TaskRdy                               0x08003aa5   Thumb Code    28  os_core.o(i.OS_TaskRdy)
    OS_TaskResume                            0x08003ac1   Thumb Code   314  os_task.o(i.OS_TaskResume)
    OS_TaskReturn                            0x08003c01   Thumb Code    20  os_task.o(i.OS_TaskReturn)
    OS_TaskSemPost                           0x08003c19   Thumb Code  1210  os_task.o(i.OS_TaskSemPost)
    OS_TaskSuspend                           0x080040dd   Thumb Code   328  os_task.o(i.OS_TaskSuspend)
    OS_TickListInit                          0x0800422d   Thumb Code    32  os_tick.o(i.OS_TickListInit)
    OS_TickListInsert                        0x08004255   Thumb Code   430  os_tick.o(i.OS_TickListInsert)
    OS_TickListRemove                        0x08004411   Thumb Code    56  os_tick.o(i.OS_TickListRemove)
    OS_TickListResetPeak                     0x08004449   Thumb Code    28  os_tick.o(i.OS_TickListResetPeak)
    OS_TickListUpdate                        0x0800446d   Thumb Code   480  os_tick.o(i.OS_TickListUpdate)
    OS_TickTask                              0x08004665   Thumb Code    38  os_tick.o(i.OS_TickTask)
    OS_TickTaskInit                          0x08004691   Thumb Code   128  os_tick.o(i.OS_TickTaskInit)
    OS_TmrInit                               0x08004749   Thumb Code   206  os_tmr.o(i.OS_TmrInit)
    OS_TmrLink                               0x08004871   Thumb Code   196  os_tmr.o(i.OS_TmrLink)
    OS_TmrResetPeak                          0x08004941   Thumb Code    28  os_tmr.o(i.OS_TmrResetPeak)
    OS_TmrTask                               0x08004965   Thumb Code   176  os_tmr.o(i.OS_TmrTask)
    OS_TmrUnlink                             0x08004a25   Thumb Code    72  os_tmr.o(i.OS_TmrUnlink)
    RCC_AHB1PeriphClockCmd                   0x08004a75   Thumb Code    26  stm32f4xx_rcc.o(i.RCC_AHB1PeriphClockCmd)
    RCC_APB2PeriphClockCmd                   0x08004a95   Thumb Code    26  stm32f4xx_rcc.o(i.RCC_APB2PeriphClockCmd)
    RCC_GetClocksFreq                        0x08004ab5   Thumb Code   214  stm32f4xx_rcc.o(i.RCC_GetClocksFreq)
    SVC_Handler                              0x08004b9d   Thumb Code     2  stm32f4xx_it.o(i.SVC_Handler)
    SysTick_CLKSourceConfig                  0x08004c8d   Thumb Code    40  misc.o(i.SysTick_CLKSourceConfig)
    SysTick_Handler                          0x08004cb5   Thumb Code    24  delay.o(i.SysTick_Handler)
    SystemInit                               0x08004cd1   Thumb Code    88  system_stm32f4xx.o(i.SystemInit)
    USART1_IRQHandler                        0x08004d39   Thumb Code   130  usart.o(i.USART1_IRQHandler)
    USART_ClearFlag                          0x08004dc9   Thumb Code    18  stm32f4xx_usart.o(i.USART_ClearFlag)
    USART_Cmd                                0x08004ddb   Thumb Code    24  stm32f4xx_usart.o(i.USART_Cmd)
    USART_GetITStatus                        0x08004df3   Thumb Code    84  stm32f4xx_usart.o(i.USART_GetITStatus)
    USART_ITConfig                           0x08004e47   Thumb Code    74  stm32f4xx_usart.o(i.USART_ITConfig)
    USART_Init                               0x08004e91   Thumb Code   204  stm32f4xx_usart.o(i.USART_Init)
    USART_ReceiveData                        0x08004f65   Thumb Code    10  stm32f4xx_usart.o(i.USART_ReceiveData)
    UsageFault_Handler                       0x08004f6f   Thumb Code     4  stm32f4xx_it.o(i.UsageFault_Handler)
    _sys_exit                                0x08004f73   Thumb Code     4  usart.o(i._sys_exit)
    delay_init                               0x08004f79   Thumb Code    94  delay.o(i.delay_init)
    fputc                                    0x08004fe9   Thumb Code    22  usart.o(i.fputc)
    led_task                                 0x08005005   Thumb Code   184  led_task.o(i.led_task)
    led_task_create                          0x080050dd   Thumb Code    54  led_task.o(i.led_task_create)
    main                                     0x0800512d   Thumb Code   160  main.o(i.main)
    start_Task_create                        0x080051d5   Thumb Code    56  task.o(i.start_Task_create)
    start_task                               0x08005225   Thumb Code   174  task.o(i.start_task)
    uart_init                                0x080052e1   Thumb Code   172  usart.o(i.uart_init)
    _fp_init                                 0x08005395   Thumb Code    10  fpinit.o(x$fpl$fpinit)
    __fplib_config_fpu_vfp                   0x0800539d   Thumb Code     0  fpinit.o(x$fpl$fpinit)
    __fplib_config_pureend_doubles           0x0800539d   Thumb Code     0  fpinit.o(x$fpl$fpinit)
    OSCfg_IdleTaskStkBasePtr                 0x080053a0   Data           4  os_cfg_app.o(.constdata)
    OSCfg_IdleTaskStkLimit                   0x080053a4   Data           4  os_cfg_app.o(.constdata)
    OSCfg_IdleTaskStkSize                    0x080053a8   Data           4  os_cfg_app.o(.constdata)
    OSCfg_IdleTaskStkSizeRAM                 0x080053ac   Data           4  os_cfg_app.o(.constdata)
    OSCfg_IntQBasePtr                        0x080053b0   Data           4  os_cfg_app.o(.constdata)
    OSCfg_IntQSize                           0x080053b4   Data           2  os_cfg_app.o(.constdata)
    OSCfg_IntQSizeRAM                        0x080053b8   Data           4  os_cfg_app.o(.constdata)
    OSCfg_IntQTaskStkBasePtr                 0x080053bc   Data           4  os_cfg_app.o(.constdata)
    OSCfg_IntQTaskStkLimit                   0x080053c0   Data           4  os_cfg_app.o(.constdata)
    OSCfg_IntQTaskStkSize                    0x080053c4   Data           4  os_cfg_app.o(.constdata)
    OSCfg_IntQTaskStkSizeRAM                 0x080053c8   Data           4  os_cfg_app.o(.constdata)
    OSCfg_ISRStkBasePtr                      0x080053cc   Data           4  os_cfg_app.o(.constdata)
    OSCfg_ISRStkSize                         0x080053d0   Data           4  os_cfg_app.o(.constdata)
    OSCfg_ISRStkSizeRAM                      0x080053d4   Data           4  os_cfg_app.o(.constdata)
    OSCfg_MsgPoolSize                        0x080053d8   Data           2  os_cfg_app.o(.constdata)
    OSCfg_MsgPoolSizeRAM                     0x080053dc   Data           4  os_cfg_app.o(.constdata)
    OSCfg_MsgPoolBasePtr                     0x080053e0   Data           4  os_cfg_app.o(.constdata)
    OSCfg_StatTaskPrio                       0x080053e4   Data           1  os_cfg_app.o(.constdata)
    OSCfg_StatTaskRate_Hz                    0x080053e8   Data           4  os_cfg_app.o(.constdata)
    OSCfg_StatTaskStkBasePtr                 0x080053ec   Data           4  os_cfg_app.o(.constdata)
    OSCfg_StatTaskStkLimit                   0x080053f0   Data           4  os_cfg_app.o(.constdata)
    OSCfg_StatTaskStkSize                    0x080053f4   Data           4  os_cfg_app.o(.constdata)
    OSCfg_StatTaskStkSizeRAM                 0x080053f8   Data           4  os_cfg_app.o(.constdata)
    OSCfg_StkSizeMin                         0x080053fc   Data           4  os_cfg_app.o(.constdata)
    OSCfg_TickRate_Hz                        0x08005400   Data           4  os_cfg_app.o(.constdata)
    OSCfg_TickTaskPrio                       0x08005404   Data           1  os_cfg_app.o(.constdata)
    OSCfg_TickTaskStkBasePtr                 0x08005408   Data           4  os_cfg_app.o(.constdata)
    OSCfg_TickTaskStkLimit                   0x0800540c   Data           4  os_cfg_app.o(.constdata)
    OSCfg_TickTaskStkSize                    0x08005410   Data           4  os_cfg_app.o(.constdata)
    OSCfg_TickTaskStkSizeRAM                 0x08005414   Data           4  os_cfg_app.o(.constdata)
    OSCfg_TickWheelSize                      0x08005418   Data           2  os_cfg_app.o(.constdata)
    OSCfg_TickWheelSizeRAM                   0x0800541c   Data           4  os_cfg_app.o(.constdata)
    OSCfg_TmrTaskPrio                        0x08005420   Data           1  os_cfg_app.o(.constdata)
    OSCfg_TmrTaskRate_Hz                     0x08005424   Data           4  os_cfg_app.o(.constdata)
    OSCfg_TmrTaskStkBasePtr                  0x08005428   Data           4  os_cfg_app.o(.constdata)
    OSCfg_TmrTaskStkLimit                    0x0800542c   Data           4  os_cfg_app.o(.constdata)
    OSCfg_TmrTaskStkSize                     0x08005430   Data           4  os_cfg_app.o(.constdata)
    OSCfg_TmrTaskStkSizeRAM                  0x08005434   Data           4  os_cfg_app.o(.constdata)
    OSCfg_TmrWheelSize                       0x08005438   Data           2  os_cfg_app.o(.constdata)
    OSCfg_TmrWheelSizeRAM                    0x0800543c   Data           4  os_cfg_app.o(.constdata)
    OSCfg_DataSizeRAM                        0x08005440   Data           4  os_cfg_app.o(.constdata)
    OSDbg_DbgEn                              0x08005444   Data           2  os_dbg.o(.constdata)
    OSDbg_ArgChkEn                           0x08005446   Data           1  os_dbg.o(.constdata)
    OSDbg_AppHooksEn                         0x08005447   Data           1  os_dbg.o(.constdata)
    OSDbg_EndiannessTest                     0x08005448   Data           4  os_dbg.o(.constdata)
    OSDbg_CalledFromISRChkEn                 0x0800544c   Data           1  os_dbg.o(.constdata)
    OSDbg_FlagEn                             0x0800544d   Data           1  os_dbg.o(.constdata)
    OSDbg_FlagGrp                            0x08005450   Data          40  os_dbg.o(.constdata)
    OSDbg_FlagDelEn                          0x08005478   Data           1  os_dbg.o(.constdata)
    OSDbg_FlagModeClrEn                      0x08005479   Data           1  os_dbg.o(.constdata)
    OSDbg_FlagPendAbortEn                    0x0800547a   Data           1  os_dbg.o(.constdata)
    OSDbg_FlagGrpSize                        0x0800547c   Data           2  os_dbg.o(.constdata)
    OSDbg_FlagWidth                          0x0800547e   Data           2  os_dbg.o(.constdata)
    OSDbg_IntQ                               0x08005480   Data           2  os_dbg.o(.constdata)
    OSDbg_ISRPostDeferredEn                  0x08005482   Data           1  os_dbg.o(.constdata)
    OSDbg_Mem                                0x08005484   Data          32  os_dbg.o(.constdata)
    OSDbg_MemEn                              0x080054a4   Data           1  os_dbg.o(.constdata)
    OSDbg_MemSize                            0x080054a6   Data           2  os_dbg.o(.constdata)
    OSDbg_MsgEn                              0x080054a8   Data           1  os_dbg.o(.constdata)
    OSDbg_MsgSize                            0x080054aa   Data           2  os_dbg.o(.constdata)
    OSDbg_MsgPoolSize                        0x080054ac   Data           2  os_dbg.o(.constdata)
    OSDbg_MsgQSize                           0x080054ae   Data           2  os_dbg.o(.constdata)
    OSDbg_Mutex                              0x080054b0   Data          44  os_dbg.o(.constdata)
    OSDbg_MutexEn                            0x080054dc   Data           1  os_dbg.o(.constdata)
    OSDbg_MutexDelEn                         0x080054dd   Data           1  os_dbg.o(.constdata)
    OSDbg_MutexPendAbortEn                   0x080054de   Data           1  os_dbg.o(.constdata)
    OSDbg_MutexSize                          0x080054e0   Data           2  os_dbg.o(.constdata)
    OSDbg_ObjTypeChkEn                       0x080054e2   Data           1  os_dbg.o(.constdata)
    OSDbg_PendMultiEn                        0x080054e3   Data           1  os_dbg.o(.constdata)
    OSDbg_PendDataSize                       0x080054e4   Data           2  os_dbg.o(.constdata)
    OSDbg_PendListSize                       0x080054e6   Data           2  os_dbg.o(.constdata)
    OSDbg_PendObjSize                        0x080054e8   Data           2  os_dbg.o(.constdata)
    OSDbg_PrioMax                            0x080054ea   Data           2  os_dbg.o(.constdata)
    OSDbg_PrioTblSize                        0x080054ec   Data           2  os_dbg.o(.constdata)
    OSDbg_PtrSize                            0x080054ee   Data           2  os_dbg.o(.constdata)
    OSDbg_Q                                  0x080054f0   Data          48  os_dbg.o(.constdata)
    OSDbg_QEn                                0x08005520   Data           1  os_dbg.o(.constdata)
    OSDbg_QDelEn                             0x08005521   Data           1  os_dbg.o(.constdata)
    OSDbg_QFlushEn                           0x08005522   Data           1  os_dbg.o(.constdata)
    OSDbg_QPendAbortEn                       0x08005523   Data           1  os_dbg.o(.constdata)
    OSDbg_QSize                              0x08005524   Data           2  os_dbg.o(.constdata)
    OSDbg_SchedRoundRobinEn                  0x08005526   Data           1  os_dbg.o(.constdata)
    OSDbg_Sem                                0x08005528   Data          40  os_dbg.o(.constdata)
    OSDbg_SemEn                              0x08005550   Data           1  os_dbg.o(.constdata)
    OSDbg_SemDelEn                           0x08005551   Data           1  os_dbg.o(.constdata)
    OSDbg_SemPendAbortEn                     0x08005552   Data           1  os_dbg.o(.constdata)
    OSDbg_SemSetEn                           0x08005553   Data           1  os_dbg.o(.constdata)
    OSDbg_SemSize                            0x08005554   Data           2  os_dbg.o(.constdata)
    OSDbg_RdyList                            0x08005556   Data           2  os_dbg.o(.constdata)
    OSDbg_RdyListSize                        0x08005558   Data           4  os_dbg.o(.constdata)
    OSDbg_StkWidth                           0x0800555c   Data           1  os_dbg.o(.constdata)
    OSDbg_StatTaskEn                         0x0800555d   Data           1  os_dbg.o(.constdata)
    OSDbg_StatTaskStkChkEn                   0x0800555e   Data           1  os_dbg.o(.constdata)
    OSDbg_TaskChangePrioEn                   0x0800555f   Data           1  os_dbg.o(.constdata)
    OSDbg_TaskDelEn                          0x08005560   Data           1  os_dbg.o(.constdata)
    OSDbg_TaskQEn                            0x08005561   Data           1  os_dbg.o(.constdata)
    OSDbg_TaskQPendAbortEn                   0x08005562   Data           1  os_dbg.o(.constdata)
    OSDbg_TaskProfileEn                      0x08005563   Data           1  os_dbg.o(.constdata)
    OSDbg_TaskRegTblSize                     0x08005564   Data           2  os_dbg.o(.constdata)
    OSDbg_TaskSemPendAbortEn                 0x08005566   Data           1  os_dbg.o(.constdata)
    OSDbg_TaskSuspendEn                      0x08005567   Data           1  os_dbg.o(.constdata)
    OSDbg_TCBSize                            0x08005568   Data           2  os_dbg.o(.constdata)
    OSDbg_TickSpokeSize                      0x0800556a   Data           2  os_dbg.o(.constdata)
    OSDbg_TimeDlyHMSMEn                      0x0800556c   Data           1  os_dbg.o(.constdata)
    OSDbg_TimeDlyResumeEn                    0x0800556d   Data           1  os_dbg.o(.constdata)
    OSDbg_TLS_TblSize                        0x0800556e   Data           2  os_dbg.o(.constdata)
    OSDbg_Tmr                                0x08005570   Data          52  os_dbg.o(.constdata)
    OSDbg_TmrEn                              0x080055a4   Data           1  os_dbg.o(.constdata)
    OSDbg_TmrDelEn                           0x080055a5   Data           1  os_dbg.o(.constdata)
    OSDbg_TmrSize                            0x080055a6   Data           2  os_dbg.o(.constdata)
    OSDbg_TmrSpokeSize                       0x080055a8   Data           2  os_dbg.o(.constdata)
    OSDbg_VersionNbr                         0x080055aa   Data           2  os_dbg.o(.constdata)
    OSDbg_DataSize                           0x080055ac   Data           4  os_dbg.o(.constdata)
    Region$$Table$$Base                      0x080055b0   Number         0  anon$$obj.o(Region$$Table)
    Region$$Table$$Limit                     0x080055d0   Number         0  anon$$obj.o(Region$$Table)
    __stdout                                 0x20000004   Data           4  usart.o(.data)
    USART_RX_STA                             0x20000008   Data           2  usart.o(.data)
    CPU_TS_TmrFreq_Hz                        0x2000001c   Data           4  cpu_core.o(.data)
    OSPrioTbl                                0x20000020   Data           8  os_prio.o(.data)
    OS_AppTaskCreateHookPtr                  0x20000028   Data           4  os_var.o(.data)
    OS_AppTaskDelHookPtr                     0x2000002c   Data           4  os_var.o(.data)
    OS_AppTaskReturnHookPtr                  0x20000030   Data           4  os_var.o(.data)
    OS_AppIdleTaskHookPtr                    0x20000034   Data           4  os_var.o(.data)
    OS_AppStatTaskHookPtr                    0x20000038   Data           4  os_var.o(.data)
    OS_AppTaskSwHookPtr                      0x2000003c   Data           4  os_var.o(.data)
    OS_AppTimeTickHookPtr                    0x20000040   Data           4  os_var.o(.data)
    OSIdleTaskCtr                            0x20000044   Data           4  os_var.o(.data)
    OSIntNestingCtr                          0x20000048   Data           1  os_var.o(.data)
    OSRunning                                0x20000049   Data           1  os_var.o(.data)
    OSIntQInPtr                              0x2000004c   Data           4  os_var.o(.data)
    OSIntQOutPtr                             0x20000050   Data           4  os_var.o(.data)
    OSIntQNbrEntries                         0x20000054   Data           2  os_var.o(.data)
    OSIntQNbrEntriesMax                      0x20000056   Data           2  os_var.o(.data)
    OSIntQOvfCtr                             0x20000058   Data           2  os_var.o(.data)
    OSIntQTaskTimeMax                        0x2000005c   Data           4  os_var.o(.data)
    OSFlagDbgListPtr                         0x20000060   Data           4  os_var.o(.data)
    OSFlagQty                                0x20000064   Data           2  os_var.o(.data)
    OSMemDbgListPtr                          0x20000068   Data           4  os_var.o(.data)
    OSMemQty                                 0x2000006c   Data           2  os_var.o(.data)
    OSMutexDbgListPtr                        0x20000070   Data           4  os_var.o(.data)
    OSMutexQty                               0x20000074   Data           2  os_var.o(.data)
    OSPrioCur                                0x20000076   Data           1  os_var.o(.data)
    OSPrioHighRdy                            0x20000077   Data           1  os_var.o(.data)
    OSPrioSaved                              0x20000078   Data           1  os_var.o(.data)
    OSQDbgListPtr                            0x2000007c   Data           4  os_var.o(.data)
    OSQQty                                   0x20000080   Data           2  os_var.o(.data)
    OSSchedLockTimeBegin                     0x20000084   Data           4  os_var.o(.data)
    OSSchedLockTimeMax                       0x20000088   Data           4  os_var.o(.data)
    OSSchedLockTimeMaxCur                    0x2000008c   Data           4  os_var.o(.data)
    OSSchedLockNestingCtr                    0x20000090   Data           1  os_var.o(.data)
    OSSchedRoundRobinDfltTimeQuanta          0x20000094   Data           4  os_var.o(.data)
    OSSchedRoundRobinEn                      0x20000098   Data           1  os_var.o(.data)
    OSSemDbgListPtr                          0x2000009c   Data           4  os_var.o(.data)
    OSSemQty                                 0x200000a0   Data           2  os_var.o(.data)
    OSStatResetFlag                          0x200000a2   Data           1  os_var.o(.data)
    OSStatTaskCPUUsage                       0x200000a4   Data           2  os_var.o(.data)
    OSStatTaskCPUUsageMax                    0x200000a6   Data           2  os_var.o(.data)
    OSStatTaskCtr                            0x200000a8   Data           4  os_var.o(.data)
    OSStatTaskCtrMax                         0x200000ac   Data           4  os_var.o(.data)
    OSStatTaskCtrRun                         0x200000b0   Data           4  os_var.o(.data)
    OSStatTaskRdy                            0x200000b4   Data           1  os_var.o(.data)
    OSStatTaskTimeMax                        0x200000b8   Data           4  os_var.o(.data)
    OSTaskCtxSwCtr                           0x200000bc   Data           4  os_var.o(.data)
    OSTaskDbgListPtr                         0x200000c0   Data           4  os_var.o(.data)
    OSTaskQty                                0x200000c4   Data           2  os_var.o(.data)
    OSTaskRegNextAvailID                     0x200000c6   Data           1  os_var.o(.data)
    OSTickCtr                                0x200000c8   Data           4  os_var.o(.data)
    OSTickTaskTimeMax                        0x200000cc   Data           4  os_var.o(.data)
    OSTmrDbgListPtr                          0x200000d0   Data           4  os_var.o(.data)
    OSTmrQty                                 0x200000d4   Data           2  os_var.o(.data)
    OSTmrTaskTimeMax                         0x200000d8   Data           4  os_var.o(.data)
    OSTmrTickCtr                             0x200000dc   Data           4  os_var.o(.data)
    OSTmrUpdateCnt                           0x200000e0   Data           4  os_var.o(.data)
    OSTmrUpdateCtr                           0x200000e4   Data           4  os_var.o(.data)
    OSTCBCurPtr                              0x200000e8   Data           4  os_var.o(.data)
    OSTCBHighRdyPtr                          0x200000ec   Data           4  os_var.o(.data)
    OS_CPU_ExceptStkBase                     0x200000f0   Data           4  os_cpu_c.o(.data)
    USART_RX_BUF                             0x200000f4   Data         200  usart.o(.bss)
    StartTaskTCB                             0x200001bc   Data         196  task.o(.bss)
    START_TASK_STK                           0x20000280   Data        2048  task.o(.bss)
    LedTaskTCB                               0x20000a80   Data         196  led_task.o(.bss)
    LED_TASK_STK                             0x20000b44   Data         512  led_task.o(.bss)
    CPU_Name                                 0x20000d44   Data          16  cpu_core.o(.bss)
    OSCfg_IdleTaskStk                        0x20000d54   Data         512  os_cfg_app.o(.bss)
    OSCfg_IntQ                               0x20000f54   Data         320  os_cfg_app.o(.bss)
    OSCfg_IntQTaskStk                        0x20001094   Data         512  os_cfg_app.o(.bss)
    OSCfg_ISRStk                             0x20001294   Data         512  os_cfg_app.o(.bss)
    OSCfg_MsgPool                            0x20001494   Data        1600  os_cfg_app.o(.bss)
    OSCfg_StatTaskStk                        0x20001ad4   Data         512  os_cfg_app.o(.bss)
    OSCfg_TickTaskStk                        0x20001cd4   Data         512  os_cfg_app.o(.bss)
    OSCfg_TickWheel                          0x20001ed4   Data         136  os_cfg_app.o(.bss)
    OSCfg_TmrTaskStk                         0x20001f5c   Data         512  os_cfg_app.o(.bss)
    OSCfg_TmrWheel                           0x2000215c   Data         136  os_cfg_app.o(.bss)
    OSIdleTaskTCB                            0x200021e4   Data         196  os_var.o(.bss)
    OSIntQTaskTCB                            0x200022a8   Data         196  os_var.o(.bss)
    OSMsgPool                                0x2000236c   Data          12  os_var.o(.bss)
    OSRdyList                                0x20002378   Data         768  os_var.o(.bss)
    OSStatTaskTCB                            0x20002678   Data         196  os_var.o(.bss)
    OSTickTaskTCB                            0x2000273c   Data         196  os_var.o(.bss)
    OSTmrTaskTCB                             0x20002800   Data         196  os_var.o(.bss)
    __libspace_start                         0x200028c4   Data          96  libspace.o(.bss)
    __temporary_stack_top$libspace           0x20002924   Data           0  libspace.o(.bss)



==============================================================================

Memory Map of the image

  Image Entry point : 0x08000189

  Load Region LR_IROM1 (Base: 0x08000000, Size: 0x000056c4, Max: 0x00100000, ABSOLUTE)

    Execution Region ER_IROM1 (Exec base: 0x08000000, Load base: 0x08000000, Size: 0x000055d0, Max: 0x00100000, ABSOLUTE)

    Exec Addr    Load Addr    Size         Type   Attr      Idx    E Section Name        Object

    0x08000000   0x08000000   0x00000188   Data   RO          488    RESET               startup_stm32f40_41xxx.o
    0x08000188   0x08000188   0x00000008   Code   RO         3207  * !!!main             c_w.l(__main.o)
    0x08000190   0x08000190   0x00000034   Code   RO         3382    !!!scatter          c_w.l(__scatter.o)
    0x080001c4   0x080001c4   0x0000001a   Code   RO         3384    !!handler_copy      c_w.l(__scatter_copy.o)
    0x080001de   0x080001de   0x00000002   PAD
    0x080001e0   0x080001e0   0x0000001c   Code   RO         3386    !!handler_zi        c_w.l(__scatter_zi.o)
    0x080001fc   0x080001fc   0x00000002   Code   RO         3256    .ARM.Collect$$libinit$$00000000  c_w.l(libinit.o)
    0x080001fe   0x080001fe   0x00000004   Code   RO         3268    .ARM.Collect$$libinit$$00000001  c_w.l(libinit2.o)
    0x08000202   0x08000202   0x00000000   Code   RO         3271    .ARM.Collect$$libinit$$00000004  c_w.l(libinit2.o)
    0x08000202   0x08000202   0x00000000   Code   RO         3274    .ARM.Collect$$libinit$$0000000A  c_w.l(libinit2.o)
    0x08000202   0x08000202   0x00000000   Code   RO         3276    .ARM.Collect$$libinit$$0000000C  c_w.l(libinit2.o)
    0x08000202   0x08000202   0x00000000   Code   RO         3278    .ARM.Collect$$libinit$$0000000E  c_w.l(libinit2.o)
    0x08000202   0x08000202   0x00000000   Code   RO         3281    .ARM.Collect$$libinit$$00000011  c_w.l(libinit2.o)
    0x08000202   0x08000202   0x00000000   Code   RO         3283    .ARM.Collect$$libinit$$00000013  c_w.l(libinit2.o)
    0x08000202   0x08000202   0x00000000   Code   RO         3285    .ARM.Collect$$libinit$$00000015  c_w.l(libinit2.o)
    0x08000202   0x08000202   0x00000000   Code   RO         3287    .ARM.Collect$$libinit$$00000017  c_w.l(libinit2.o)
    0x08000202   0x08000202   0x00000000   Code   RO         3289    .ARM.Collect$$libinit$$00000019  c_w.l(libinit2.o)
    0x08000202   0x08000202   0x00000000   Code   RO         3291    .ARM.Collect$$libinit$$0000001B  c_w.l(libinit2.o)
    0x08000202   0x08000202   0x00000000   Code   RO         3293    .ARM.Collect$$libinit$$0000001D  c_w.l(libinit2.o)
    0x08000202   0x08000202   0x00000000   Code   RO         3295    .ARM.Collect$$libinit$$0000001F  c_w.l(libinit2.o)
    0x08000202   0x08000202   0x00000000   Code   RO         3297    .ARM.Collect$$libinit$$00000021  c_w.l(libinit2.o)
    0x08000202   0x08000202   0x00000000   Code   RO         3299    .ARM.Collect$$libinit$$00000023  c_w.l(libinit2.o)
    0x08000202   0x08000202   0x00000000   Code   RO         3301    .ARM.Collect$$libinit$$00000025  c_w.l(libinit2.o)
    0x08000202   0x08000202   0x00000000   Code   RO         3305    .ARM.Collect$$libinit$$0000002C  c_w.l(libinit2.o)
    0x08000202   0x08000202   0x00000000   Code   RO         3307    .ARM.Collect$$libinit$$0000002E  c_w.l(libinit2.o)
    0x08000202   0x08000202   0x00000000   Code   RO         3309    .ARM.Collect$$libinit$$00000030  c_w.l(libinit2.o)
    0x08000202   0x08000202   0x00000000   Code   RO         3311    .ARM.Collect$$libinit$$00000032  c_w.l(libinit2.o)
    0x08000202   0x08000202   0x00000002   Code   RO         3312    .ARM.Collect$$libinit$$00000033  c_w.l(libinit2.o)
    0x08000204   0x08000204   0x00000002   Code   RO         3338    .ARM.Collect$$libshutdown$$00000000  c_w.l(libshutdown.o)
    0x08000206   0x08000206   0x00000000   Code   RO         3365    .ARM.Collect$$libshutdown$$00000002  c_w.l(libshutdown2.o)
    0x08000206   0x08000206   0x00000000   Code   RO         3367    .ARM.Collect$$libshutdown$$00000004  c_w.l(libshutdown2.o)
    0x08000206   0x08000206   0x00000000   Code   RO         3370    .ARM.Collect$$libshutdown$$00000007  c_w.l(libshutdown2.o)
    0x08000206   0x08000206   0x00000000   Code   RO         3373    .ARM.Collect$$libshutdown$$0000000A  c_w.l(libshutdown2.o)
    0x08000206   0x08000206   0x00000000   Code   RO         3375    .ARM.Collect$$libshutdown$$0000000C  c_w.l(libshutdown2.o)
    0x08000206   0x08000206   0x00000000   Code   RO         3378    .ARM.Collect$$libshutdown$$0000000F  c_w.l(libshutdown2.o)
    0x08000206   0x08000206   0x00000002   Code   RO         3379    .ARM.Collect$$libshutdown$$00000010  c_w.l(libshutdown2.o)
    0x08000208   0x08000208   0x00000000   Code   RO         3211    .ARM.Collect$$rtentry$$00000000  c_w.l(__rtentry.o)
    0x08000208   0x08000208   0x00000000   Code   RO         3219    .ARM.Collect$$rtentry$$00000002  c_w.l(__rtentry2.o)
    0x08000208   0x08000208   0x00000006   Code   RO         3231    .ARM.Collect$$rtentry$$00000004  c_w.l(__rtentry4.o)
    0x0800020e   0x0800020e   0x00000000   Code   RO         3221    .ARM.Collect$$rtentry$$00000009  c_w.l(__rtentry2.o)
    0x0800020e   0x0800020e   0x00000004   Code   RO         3222    .ARM.Collect$$rtentry$$0000000A  c_w.l(__rtentry2.o)
    0x08000212   0x08000212   0x00000000   Code   RO         3224    .ARM.Collect$$rtentry$$0000000C  c_w.l(__rtentry2.o)
    0x08000212   0x08000212   0x00000008   Code   RO         3225    .ARM.Collect$$rtentry$$0000000D  c_w.l(__rtentry2.o)
    0x0800021a   0x0800021a   0x00000002   Code   RO         3260    .ARM.Collect$$rtexit$$00000000  c_w.l(rtexit.o)
    0x0800021c   0x0800021c   0x00000000   Code   RO         3314    .ARM.Collect$$rtexit$$00000002  c_w.l(rtexit2.o)
    0x0800021c   0x0800021c   0x00000004   Code   RO         3315    .ARM.Collect$$rtexit$$00000003  c_w.l(rtexit2.o)
    0x08000220   0x08000220   0x00000006   Code   RO         3316    .ARM.Collect$$rtexit$$00000004  c_w.l(rtexit2.o)
    0x08000226   0x08000226   0x00000002   PAD
    0x08000228   0x08000228   0x00000040   Code   RO          489    .text               startup_stm32f40_41xxx.o
    0x08000268   0x08000268   0x00000034   Code   RO         1468    .text               cpu_a.o
    0x0800029c   0x0800029c   0x00000002   Code   RO         3197    .text               c_w.l(use_no_semi_2.o)
    0x0800029e   0x0800029e   0x00000002   PAD
    0x080002a0   0x080002a0   0x00000018   Code   RO         3203    .text               c_w.l(noretval__2printf.o)
    0x080002b8   0x080002b8   0x00000006   Code   RO         3205    .text               c_w.l(heapauxi.o)
    0x080002be   0x080002be   0x00000002   Code   RO         3209    .text               c_w.l(use_no_semi.o)
    0x080002c0   0x080002c0   0x00000024   Code   RO         3216    .text               c_w.l(_printf_char_file.o)
    0x080002e4   0x080002e4   0x00000030   Code   RO         3235    .text               c_w.l(_printf_char_common.o)
    0x08000314   0x08000314   0x00000008   Code   RO         3237    .text               c_w.l(ferror.o)
    0x0800031c   0x0800031c   0x0000004a   Code   RO         3241    .text               c_w.l(sys_stackheap_outer.o)
    0x08000366   0x08000366   0x00000028   Code   RO         3243    .text               c_w.l(__printf_nopercent.o)
    0x0800038e   0x0800038e   0x00000012   Code   RO         3245    .text               c_w.l(exit.o)
    0x080003a0   0x080003a0   0x00000008   Code   RO         3257    .text               c_w.l(libspace.o)
    0x080003a8   0x080003a8   0x000000ac   Code   RO         3037    CODE                os_cpu_a.o
    0x08000454   0x08000454   0x0000000e   Code   RO         1473    i.BSP_CPU_ClkFreq   bsp.o
    0x08000462   0x08000462   0x0000001e   Code   RO         1215    i.BSP_Init          task.o
    0x08000480   0x08000480   0x00000004   Code   RO          221    i.BusFault_Handler  stm32f4xx_it.o
    0x08000484   0x08000484   0x0000000c   Code   RO         1296    i.CPU_Init          cpu_core.o
    0x08000490   0x08000490   0x00000030   Code   RO         1297    i.CPU_NameClr       cpu_core.o
    0x080004c0   0x080004c0   0x00000008   Code   RO         1299    i.CPU_NameInit      cpu_core.o
    0x080004c8   0x080004c8   0x00000014   Code   RO         1303    i.CPU_TS_Init       cpu_core.o
    0x080004dc   0x080004dc   0x0000000c   Code   RO         1305    i.CPU_TS_TmrFreqSet  cpu_core.o
    0x080004e8   0x080004e8   0x00000034   Code   RO         1475    i.CPU_TS_TmrInit    bsp.o
    0x0800051c   0x0800051c   0x0000000c   Code   RO         1476    i.CPU_TS_TmrRd      bsp.o
    0x08000528   0x08000528   0x00000002   Code   RO          222    i.DebugMon_Handler  stm32f4xx_it.o
    0x0800052a   0x0800052a   0x00000090   Code   RO          540    i.GPIO_Init         stm32f4xx_gpio.o
    0x080005ba   0x080005ba   0x00000046   Code   RO          541    i.GPIO_PinAFConfig  stm32f4xx_gpio.o
    0x08000600   0x08000600   0x00000004   Code   RO          548    i.GPIO_SetBits      stm32f4xx_gpio.o
    0x08000604   0x08000604   0x00000004   Code   RO          223    i.HardFault_Handler  stm32f4xx_it.o
    0x08000608   0x08000608   0x00000040   Code   RO          343    i.LED_Init          led.o
    0x08000648   0x08000648   0x00000004   Code   RO          224    i.MemManage_Handler  stm32f4xx_it.o
    0x0800064c   0x0800064c   0x00000012   Code   RO         1653    i.Mem_Clr           lib_mem.o
    0x0800065e   0x0800065e   0x00000054   Code   RO         1669    i.Mem_Set           lib_mem.o
    0x080006b2   0x080006b2   0x00000002   Code   RO          225    i.NMI_Handler       stm32f4xx_it.o
    0x080006b4   0x080006b4   0x00000078   Code   RO          495    i.NVIC_Init         misc.o
    0x0800072c   0x0800072c   0x00000014   Code   RO          496    i.NVIC_PriorityGroupConfig  misc.o
    0x08000740   0x08000740   0x000000fc   Code   RO         1922    i.OSCfg_Init        os_cfg_app.o
    0x0800083c   0x0800083c   0x00000014   Code   RO         3042    i.OSIdleTaskHook    os_cpu_c.o
    0x08000850   0x08000850   0x0000018c   Code   RO         1945    i.OSInit            os_core.o
    0x080009dc   0x080009dc   0x00000028   Code   RO         3043    i.OSInitHook        os_cpu_c.o
    0x08000a04   0x08000a04   0x0000002c   Code   RO         1946    i.OSIntEnter        os_core.o
    0x08000a30   0x08000a30   0x000000dc   Code   RO         1947    i.OSIntExit         os_core.o
    0x08000b0c   0x08000b0c   0x000000a0   Code   RO         1948    i.OSSched           os_core.o
    0x08000bac   0x08000bac   0x00000074   Code   RO         1949    i.OSSchedLock       os_core.o
    0x08000c20   0x08000c20   0x00000064   Code   RO         1950    i.OSSchedRoundRobinCfg  os_core.o
    0x08000c84   0x08000c84   0x00000094   Code   RO         1952    i.OSSchedUnlock     os_core.o
    0x08000d18   0x08000d18   0x00000068   Code   RO         1953    i.OSStart           os_core.o
    0x08000d80   0x08000d80   0x00000138   Code   RO         2645    i.OSStatReset       os_stat.o
    0x08000eb8   0x08000eb8   0x000000f0   Code   RO         2646    i.OSStatTaskCPUUsageInit  os_stat.o
    0x08000fa8   0x08000fa8   0x00000014   Code   RO         3044    i.OSStatTaskHook    os_cpu_c.o
    0x08000fbc   0x08000fbc   0x0000025c   Code   RO         2676    i.OSTaskCreate      os_task.o
    0x08001218   0x08001218   0x00000018   Code   RO         3045    i.OSTaskCreateHook  os_cpu_c.o
    0x08001230   0x08001230   0x000001c4   Code   RO         2677    i.OSTaskDel         os_task.o
    0x080013f4   0x080013f4   0x00000018   Code   RO         3046    i.OSTaskDelHook     os_cpu_c.o
    0x0800140c   0x0800140c   0x0000007c   Code   RO         2685    i.OSTaskResume      os_task.o
    0x08001488   0x08001488   0x00000018   Code   RO         3047    i.OSTaskReturnHook  os_cpu_c.o
    0x080014a0   0x080014a0   0x00000214   Code   RO         2686    i.OSTaskSemPend     os_task.o
    0x080016b4   0x080016b4   0x000000d4   Code   RO         2690    i.OSTaskStkChk      os_task.o
    0x08001788   0x08001788   0x0000025c   Code   RO         3048    i.OSTaskStkInit     os_cpu_c.o
    0x080019e4   0x080019e4   0x00000060   Code   RO         2691    i.OSTaskSuspend     os_task.o
    0x08001a44   0x08001a44   0x00000088   Code   RO         3049    i.OSTaskSwHook      os_cpu_c.o
    0x08001acc   0x08001acc   0x00000118   Code   RO         2891    i.OSTimeDly         os_time.o
    0x08001be4   0x08001be4   0x000001f0   Code   RO         2892    i.OSTimeDlyHMSM     os_time.o
    0x08001dd4   0x08001dd4   0x00000044   Code   RO         2896    i.OSTimeTick        os_time.o
    0x08001e18   0x08001e18   0x00000014   Code   RO         3050    i.OSTimeTickHook    os_cpu_c.o
    0x08001e2c   0x08001e2c   0x000001b0   Code   RO         2191    i.OS_Dbg_Init       os_dbg.o
    0x08001fdc   0x08001fdc   0x00000018   Code   RO         2216    i.OS_FlagInit       os_flag.o
    0x08001ff4   0x08001ff4   0x00000230   Code   RO         2217    i.OS_FlagPost       os_flag.o
    0x08002224   0x08002224   0x00000056   Code   RO         2218    i.OS_FlagTaskRdy    os_flag.o
    0x0800227a   0x0800227a   0x00000002   PAD
    0x0800227c   0x0800227c   0x00000044   Code   RO         1955    i.OS_IdleTask       os_core.o
    0x080022c0   0x080022c0   0x00000070   Code   RO         1956    i.OS_IdleTaskInit   os_core.o
    0x08002330   0x08002330   0x000000fc   Code   RO         2290    i.OS_IntQPost       os_int.o
    0x0800242c   0x0800242c   0x000001a4   Code   RO         2291    i.OS_IntQRePost     os_int.o
    0x080025d0   0x080025d0   0x000000b4   Code   RO         2292    i.OS_IntQTask       os_int.o
    0x08002684   0x08002684   0x00000128   Code   RO         2293    i.OS_IntQTaskInit   os_int.o
    0x080027ac   0x080027ac   0x00000018   Code   RO         2324    i.OS_MemInit        os_mem.o
    0x080027c4   0x080027c4   0x00000036   Code   RO         2356    i.OS_MsgPoolCreate  os_msg.o
    0x080027fa   0x080027fa   0x00000002   PAD
    0x080027fc   0x080027fc   0x00000054   Code   RO         2357    i.OS_MsgPoolInit    os_msg.o
    0x08002850   0x08002850   0x00000044   Code   RO         2358    i.OS_MsgQFreeAll    os_msg.o
    0x08002894   0x08002894   0x0000000e   Code   RO         2360    i.OS_MsgQInit       os_msg.o
    0x080028a2   0x080028a2   0x00000002   PAD
    0x080028a4   0x080028a4   0x000000fc   Code   RO         2361    i.OS_MsgQPut        os_msg.o
    0x080029a0   0x080029a0   0x00000018   Code   RO         2406    i.OS_MutexInit      os_mutex.o
    0x080029b8   0x080029b8   0x00000068   Code   RO         1957    i.OS_Pend           os_core.o
    0x08002a20   0x08002a20   0x00000026   Code   RO         1960    i.OS_PendDataInit   os_core.o
    0x08002a46   0x08002a46   0x00000002   PAD
    0x08002a48   0x08002a48   0x0000005c   Code   RO         1961    i.OS_PendDbgNameAdd  os_core.o
    0x08002aa4   0x08002aa4   0x00000024   Code   RO         1962    i.OS_PendDbgNameRemove  os_core.o
    0x08002ac8   0x08002ac8   0x00000066   Code   RO         1966    i.OS_PendListInsertPrio  os_core.o
    0x08002b2e   0x08002b2e   0x00000030   Code   RO         1967    i.OS_PendListRemove  os_core.o
    0x08002b5e   0x08002b5e   0x00000042   Code   RO         1968    i.OS_PendListRemove1  os_core.o
    0x08002ba0   0x08002ba0   0x000000c0   Code   RO         1971    i.OS_Post           os_core.o
    0x08002c60   0x08002c60   0x0000002a   Code   RO         1972    i.OS_Post1          os_core.o
    0x08002c8a   0x08002c8a   0x00000002   PAD
    0x08002c8c   0x08002c8c   0x00000028   Code   RO         2464    i.OS_PrioGetHighest  os_prio.o
    0x08002cb4   0x08002cb4   0x00000018   Code   RO         2465    i.OS_PrioInit       os_prio.o
    0x08002ccc   0x08002ccc   0x00000024   Code   RO         2466    i.OS_PrioInsert     os_prio.o
    0x08002cf0   0x08002cf0   0x00000024   Code   RO         2467    i.OS_PrioRemove     os_prio.o
    0x08002d14   0x08002d14   0x00000018   Code   RO         2510    i.OS_QInit          os_q.o
    0x08002d2c   0x08002d2c   0x0000014c   Code   RO         2511    i.OS_QPost          os_q.o
    0x08002e78   0x08002e78   0x00000024   Code   RO         1973    i.OS_RdyListInit    os_core.o
    0x08002e9c   0x08002e9c   0x0000002c   Code   RO         1974    i.OS_RdyListInsert  os_core.o
    0x08002ec8   0x08002ec8   0x00000040   Code   RO         1975    i.OS_RdyListInsertHead  os_core.o
    0x08002f08   0x08002f08   0x0000003c   Code   RO         1976    i.OS_RdyListInsertTail  os_core.o
    0x08002f44   0x08002f44   0x00000044   Code   RO         1977    i.OS_RdyListMoveHeadToTail  os_core.o
    0x08002f88   0x08002f88   0x0000005c   Code   RO         1978    i.OS_RdyListRemove  os_core.o
    0x08002fe4   0x08002fe4   0x00000054   Code   RO         1979    i.OS_Sched0         os_core.o
    0x08003038   0x08003038   0x0000001c   Code   RO         1980    i.OS_SchedLockTimeMeasStart  os_core.o
    0x08003054   0x08003054   0x0000003c   Code   RO         1981    i.OS_SchedLockTimeMeasStop  os_core.o
    0x08003090   0x08003090   0x000000d0   Code   RO         1982    i.OS_SchedRoundRobin  os_core.o
    0x08003160   0x08003160   0x00000018   Code   RO         2582    i.OS_SemInit        os_sem.o
    0x08003178   0x08003178   0x00000164   Code   RO         2583    i.OS_SemPost        os_sem.o
    0x080032dc   0x080032dc   0x0000035c   Code   RO         2647    i.OS_StatTask       os_stat.o
    0x08003638   0x08003638   0x000000cc   Code   RO         2648    i.OS_StatTaskInit   os_stat.o
    0x08003704   0x08003704   0x00000038   Code   RO         1983    i.OS_TaskBlock      os_core.o
    0x0800373c   0x0800373c   0x00000030   Code   RO         2693    i.OS_TaskDbgListAdd  os_task.o
    0x0800376c   0x0800376c   0x00000044   Code   RO         2694    i.OS_TaskDbgListRemove  os_task.o
    0x080037b0   0x080037b0   0x00000020   Code   RO         2695    i.OS_TaskInit       os_task.o
    0x080037d0   0x080037d0   0x000000c8   Code   RO         2696    i.OS_TaskInitTCB    os_task.o
    0x08003898   0x08003898   0x0000020c   Code   RO         2697    i.OS_TaskQPost      os_task.o
    0x08003aa4   0x08003aa4   0x0000001c   Code   RO         1984    i.OS_TaskRdy        os_core.o
    0x08003ac0   0x08003ac0   0x00000140   Code   RO         2698    i.OS_TaskResume     os_task.o
    0x08003c00   0x08003c00   0x00000018   Code   RO         2699    i.OS_TaskReturn     os_task.o
    0x08003c18   0x08003c18   0x000004c4   Code   RO         2700    i.OS_TaskSemPost    os_task.o
    0x080040dc   0x080040dc   0x00000150   Code   RO         2701    i.OS_TaskSuspend    os_task.o
    0x0800422c   0x0800422c   0x00000028   Code   RO         2843    i.OS_TickListInit   os_tick.o
    0x08004254   0x08004254   0x000001bc   Code   RO         2844    i.OS_TickListInsert  os_tick.o
    0x08004410   0x08004410   0x00000038   Code   RO         2845    i.OS_TickListRemove  os_tick.o
    0x08004448   0x08004448   0x00000024   Code   RO         2846    i.OS_TickListResetPeak  os_tick.o
    0x0800446c   0x0800446c   0x000001f8   Code   RO         2847    i.OS_TickListUpdate  os_tick.o
    0x08004664   0x08004664   0x0000002c   Code   RO         2848    i.OS_TickTask       os_tick.o
    0x08004690   0x08004690   0x000000b8   Code   RO         2849    i.OS_TickTaskInit   os_tick.o
    0x08004748   0x08004748   0x00000128   Code   RO         2942    i.OS_TmrInit        os_tmr.o
    0x08004870   0x08004870   0x000000d0   Code   RO         2943    i.OS_TmrLink        os_tmr.o
    0x08004940   0x08004940   0x00000024   Code   RO         2944    i.OS_TmrResetPeak   os_tmr.o
    0x08004964   0x08004964   0x000000c0   Code   RO         2945    i.OS_TmrTask        os_tmr.o
    0x08004a24   0x08004a24   0x00000050   Code   RO         2946    i.OS_TmrUnlink      os_tmr.o
    0x08004a74   0x08004a74   0x00000020   Code   RO          637    i.RCC_AHB1PeriphClockCmd  stm32f4xx_rcc.o
    0x08004a94   0x08004a94   0x00000020   Code   RO          649    i.RCC_APB2PeriphClockCmd  stm32f4xx_rcc.o
    0x08004ab4   0x08004ab4   0x000000e8   Code   RO          658    i.RCC_GetClocksFreq  stm32f4xx_rcc.o
    0x08004b9c   0x08004b9c   0x00000002   Code   RO          226    i.SVC_Handler       stm32f4xx_it.o
    0x08004b9e   0x08004b9e   0x00000002   PAD
    0x08004ba0   0x08004ba0   0x000000ec   Code   RO          306    i.SetSysClock       system_stm32f4xx.o
    0x08004c8c   0x08004c8c   0x00000028   Code   RO          499    i.SysTick_CLKSourceConfig  misc.o
    0x08004cb4   0x08004cb4   0x0000001c   Code   RO          363    i.SysTick_Handler   delay.o
    0x08004cd0   0x08004cd0   0x00000068   Code   RO          308    i.SystemInit        system_stm32f4xx.o
    0x08004d38   0x08004d38   0x00000090   Code   RO          439    i.USART1_IRQHandler  usart.o
    0x08004dc8   0x08004dc8   0x00000012   Code   RO         1027    i.USART_ClearFlag   stm32f4xx_usart.o
    0x08004dda   0x08004dda   0x00000018   Code   RO         1031    i.USART_Cmd         stm32f4xx_usart.o
    0x08004df2   0x08004df2   0x00000054   Code   RO         1035    i.USART_GetITStatus  stm32f4xx_usart.o
    0x08004e46   0x08004e46   0x0000004a   Code   RO         1037    i.USART_ITConfig    stm32f4xx_usart.o
    0x08004e90   0x08004e90   0x000000d4   Code   RO         1038    i.USART_Init        stm32f4xx_usart.o
    0x08004f64   0x08004f64   0x0000000a   Code   RO         1045    i.USART_ReceiveData  stm32f4xx_usart.o
    0x08004f6e   0x08004f6e   0x00000004   Code   RO          227    i.UsageFault_Handler  stm32f4xx_it.o
    0x08004f72   0x08004f72   0x00000004   Code   RO          440    i._sys_exit         usart.o
    0x08004f76   0x08004f76   0x00000002   PAD
    0x08004f78   0x08004f78   0x00000070   Code   RO          364    i.delay_init        delay.o
    0x08004fe8   0x08004fe8   0x0000001c   Code   RO          441    i.fputc             usart.o
    0x08005004   0x08005004   0x000000d8   Code   RO         1254    i.led_task          led_task.o
    0x080050dc   0x080050dc   0x00000050   Code   RO         1255    i.led_task_create   led_task.o
    0x0800512c   0x0800512c   0x000000a8   Code   RO            3    i.main              main.o
    0x080051d4   0x080051d4   0x00000050   Code   RO         1216    i.start_Task_create  task.o
    0x08005224   0x08005224   0x000000bc   Code   RO         1217    i.start_task        task.o
    0x080052e0   0x080052e0   0x000000b4   Code   RO          442    i.uart_init         usart.o
    0x08005394   0x08005394   0x0000000a   Code   RO         3326    x$fpl$fpinit        fz_wm.l(fpinit.o)
    0x0800539e   0x0800539e   0x00000002   PAD
    0x080053a0   0x080053a0   0x000000a4   Data   RO         1924    .constdata          os_cfg_app.o
    0x08005444   0x08005444   0x0000016c   Data   RO         2192    .constdata          os_dbg.o
    0x080055b0   0x080055b0   0x00000020   Data   RO         3380    Region$$Table       anon$$obj.o


    Execution Region RW_IRAM1 (Exec base: 0x20000000, Load base: 0x080055d0, Size: 0x00002f28, Max: 0x00020000, ABSOLUTE)

    Exec Addr    Load Addr    Size         Type   Attr      Idx    E Section Name        Object

    0x20000000   0x080055d0   0x00000004   Data   RW          370    .data               delay.o
    0x20000004   0x080055d4   0x00000006   Data   RW          444    .data               usart.o
    0x2000000a   0x080055da   0x00000010   Data   RW          690    .data               stm32f4xx_rcc.o
    0x2000001a   0x080055ea   0x00000002   PAD
    0x2000001c   0x080055ec   0x00000004   Data   RW         1309    .data               cpu_core.o
    0x20000020   0x080055f0   0x00000008   Data   RW         2468    .data               os_prio.o
    0x20000028   0x080055f8   0x000000c8   Data   RW         3024    .data               os_var.o
    0x200000f0   0x080056c0   0x00000004   Data   RW         3053    .data               os_cpu_c.o
    0x200000f4        -       0x000000c8   Zero   RW          443    .bss                usart.o
    0x200001bc        -       0x000008c4   Zero   RW         1218    .bss                task.o
    0x20000a80        -       0x000002c4   Zero   RW         1256    .bss                led_task.o
    0x20000d44        -       0x00000010   Zero   RW         1307    .bss                cpu_core.o
    0x20000d54        -       0x00001490   Zero   RW         1923    .bss                os_cfg_app.o
    0x200021e4        -       0x000006e0   Zero   RW         3023    .bss                os_var.o
    0x200028c4        -       0x00000060   Zero   RW         3258    .bss                c_w.l(libspace.o)
    0x20002924   0x080056c4   0x00000004   PAD
    0x20002928        -       0x00000200   Zero   RW          487    HEAP                startup_stm32f40_41xxx.o
    0x20002b28        -       0x00000400   Zero   RW          486    STACK               startup_stm32f40_41xxx.o


==============================================================================

Image component sizes


      Code (inc. data)   RO Data    RW Data    ZI Data      Debug   Object Name

        78         14          0          0          0       1594   bsp.o
        52          0          0          0          0        328   cpu_a.o
       100         18          0          4         16      12225   cpu_core.o
       140         22          0          4          0       1291   delay.o
        64          4          0          0          0        531   led.o
       296         58          0          0        708       1799   led_task.o
       102          0          0          0          0       1836   lib_mem.o
       168          8          0          0          0     302303   main.o
       180         24          0          0          0       2049   misc.o
       252        166        164          0       5264      20914   os_cfg_app.o
      3016        412          0          0          0      21440   os_core.o
       172         32          0          0          0        396   os_cpu_a.o
       912         56          0          4          0       7184   os_cpu_c.o
       432        286        364          0          0       4773   os_dbg.o
       670         26          0          0          0       3093   os_flag.o
      1148        204          0          0          0       3558   os_int.o
        24         10          0          0          0        881   os_mem.o
       472         26          0          0          0       3848   os_msg.o
        24         10          0          0          0        883   os_mutex.o
       136         16          0          8          0       2898   os_prio.o
       356         18          0          0          0       2194   os_q.o
       380         16          0          0          0       2218   os_sem.o
      1616        208          0          0          0       4019   os_stat.o
      4792        256          0          0          0      13636   os_task.o
      1308        124          0          0          0       5605   os_tick.o
       844         44          0          0          0       3089   os_time.o
       812        134          0          0          0       4260   os_tmr.o
         0          0          0        200       1760      19341   os_var.o
        64         26        392          0       1536        836   startup_stm32f40_41xxx.o
       218          0          0          0          0       2298   stm32f4xx_gpio.o
        22          0          0          0          0       3131   stm32f4xx_it.o
       296         30          0         16          0       3998   stm32f4xx_rcc.o
       422          8          0          0          0       4800   stm32f4xx_usart.o
       340         32          0          0          0       1465   system_stm32f4xx.o
       298         38          0          0       2244       2234   task.o
       356         28          0          6        200       4252   usart.o

    ----------------------------------------------------------------------
     20576       2354        952        244      11728     471200   Object Totals
         0          0         32          0          0          0   (incl. Generated)
        14          0          0          2          0          0   (incl. Padding)

    ----------------------------------------------------------------------

      Code (inc. data)   RO Data    RW Data    ZI Data      Debug   Library Member Name

         8          0          0          0          0         68   __main.o
        40          0          0          0          0         84   __printf_nopercent.o
         0          0          0          0          0          0   __rtentry.o
        12          0          0          0          0          0   __rtentry2.o
         6          0          0          0          0          0   __rtentry4.o
        52          8          0          0          0          0   __scatter.o
        26          0          0          0          0          0   __scatter_copy.o
        28          0          0          0          0          0   __scatter_zi.o
        48          6          0          0          0         96   _printf_char_common.o
        36          4          0          0          0         80   _printf_char_file.o
        18          0          0          0          0         80   exit.o
         8          0          0          0          0         68   ferror.o
         6          0          0          0          0        152   heapauxi.o
         2          0          0          0          0          0   libinit.o
         6          0          0          0          0          0   libinit2.o
         2          0          0          0          0          0   libshutdown.o
         2          0          0          0          0          0   libshutdown2.o
         8          4          0          0         96         68   libspace.o
        24          4          0          0          0         84   noretval__2printf.o
         2          0          0          0          0          0   rtexit.o
        10          0          0          0          0          0   rtexit2.o
        74          0          0          0          0         80   sys_stackheap_outer.o
         2          0          0          0          0         68   use_no_semi.o
         2          0          0          0          0         68   use_no_semi_2.o
        10          0          0          0          0        116   fpinit.o

    ----------------------------------------------------------------------
       440         26          0          0        100       1112   Library Totals
         8          0          0          0          4          0   (incl. Padding)

    ----------------------------------------------------------------------

      Code (inc. data)   RO Data    RW Data    ZI Data      Debug   Library Name

       422         26          0          0         96        996   c_w.l
        10          0          0          0          0        116   fz_wm.l

    ----------------------------------------------------------------------
       440         26          0          0        100       1112   Library Totals

    ----------------------------------------------------------------------

==============================================================================


      Code (inc. data)   RO Data    RW Data    ZI Data      Debug   

     21016       2380        952        244      11828     457996   Grand Totals
     21016       2380        952        244      11828     457996   ELF Image Totals
     21016       2380        952        244          0          0   ROM Totals

==============================================================================

    Total RO  Size (Code + RO Data)                21968 (  21.45kB)
    Total RW  Size (RW Data + ZI Data)             12072 (  11.79kB)
    Total ROM Size (Code + RO Data + RW Data)      22212 (  21.69kB)

==============================================================================

