<html>
<body>
<pre>
<h1>µVision Build Log</h1>
<h2>Tool Versions:</h2>
IDE-Version: ¦ÌVision V5.14.0.0
Copyright (C) 2015 ARM Ltd and ARM Germany GmbH. All rights reserved.
License Information: Berkeley Blue, Microsoft, LIC=UB4EV-PQTJ8-245SS-LMS09-P41UN-6NSAN
 
Tool Versions:
Toolchain:       MDK-ARM Professional  Version: 5.14.0.0
Toolchain Path:  G:\MDK5\ARM\ARMCC\Bin
C Compiler:      Armcc.exe V5.05 update 1 (build 106)
Assembler:       Armasm.exe V5.05 update 1 (build 106)
Linker/Locator:  ArmLink.exe V5.05 update 1 (build 106)
Library Manager: ArmAr.exe V5.05 update 1 (build 106)
Hex Converter:   FromElf.exe V5.05 update 1 (build 106)
CPU DLL:         SARMCM3.DLL V5.14.0.0
Dialog DLL:      DCM.DLL V1.13.1.0
Target DLL:      Segger\JL2CM3.dll V2.99.13.0
Dialog DLL:      TCM.DLL V1.14.4.0
 
<h2>Project:</h2>
C:\Users\Administrator\Desktop\RC522\USER\Template.uvprojx
Project File Date:  08/31/2017

<h2>Output:</h2>
Build target 'Template'
compiling main.c...
main.c(12): warning:  #177-D: variable "data1" was declared but never referenced
                unsigned char data1[16] = {0x12,0x34,0x56,0x78,0xED,0xCB,0xA9,0x87,0x12,0x34,0x56,0x78,0x01,0xFE,0x01,0xFE};
main.c(15): warning:  #177-D: variable "data2" was declared but never referenced
  unsigned char data2[4]  = {0,0,0,0x01};
main.c: 2 warnings, 0 errors
linking...
Program Size: Code=4748 RO-data=376 RW-data=52 ZI-data=1836  
FromELF: creating hex file...
"..\OBJ\Template.axf" - 0 Error(s), 2 Warning(s).

<h2>Collection of Component include folders:</h2>
  C:\Users\Administrator\Desktop\RC522\USER\RTE
  G:\MDK5\ARM\PACK\Keil\STM32F1xx_DFP\1.0.5\Device\Include

<h2>Collection of Component Files used:</h2>
</pre>
</body>
</html>
