<html>
<body>
<pre>
<h1>礦ision Build Log</h1>
<h2>Tool Versions:</h2>
IDE-Version: μVision V5.14.0.0
Copyright (C) 2015 ARM Ltd and ARM Germany GmbH. All rights reserved.
License Information: LGY Dell, LGY, LIC=HF856-DZZXS-VJQ6J-U3ST5-SI4FU-BN541
 
Tool Versions:
Toolchain:       MDK-ARM Professional  Version: 5.14.0.0
Toolchain Path:  C:\Keil_v5\ARM\ARMCC\Bin
C Compiler:      Armcc.exe V5.05 update 1 (build 106)
Assembler:       Armasm.exe V5.05 update 1 (build 106)
Linker/Locator:  ArmLink.exe V5.05 update 1 (build 106)
Library Manager: ArmAr.exe V5.05 update 1 (build 106)
Hex Converter:   FromElf.exe V5.05 update 1 (build 106)
CPU DLL:         SARMCM3.DLL V5.14.0.0
Dialog DLL:      DCM.DLL V1.13.1.0
Target DLL:      STLink\ST-LINKIII-KEIL_SWO.dll V2.0.14.0_KEIL
Dialog DLL:      TCM.DLL V1.14.4.0
 
<h2>Project:</h2>
D:\单片机学习\STM32Cube\HMI 迪文屏\STM32的评估板与DGUSII屏交互，几行C代码轻松实现一些简单的功能\MCU_STM32F103RCT6程序\STM32F103RCT6_HMI\MDK-ARM\STM32F103RCT6_HMI.uvprojx
Project File Date:  08/03/2018

<h2>Output:</h2>
Build target 'STM32F103RCT6_HMI'
assembling startup_stm32f103xe.s...
compiling main.c...
compiling stm32f1xx_it.c...
compiling stm32f1xx_hal_msp.c...
compiling stm32f1xx_hal_gpio_ex.c...
compiling stm32f1xx_hal_tim.c...
compiling stm32f1xx_hal_tim_ex.c...
compiling stm32f1xx_hal_uart.c...
compiling stm32f1xx_hal.c...
compiling stm32f1xx_hal_rcc.c...
compiling stm32f1xx_hal_rcc_ex.c...
compiling stm32f1xx_hal_gpio.c...
compiling stm32f1xx_hal_dma.c...
compiling stm32f1xx_hal_cortex.c...
compiling stm32f1xx_hal_pwr.c...
compiling stm32f1xx_hal_flash.c...
compiling stm32f1xx_hal_flash_ex.c...
compiling system_stm32f1xx.c...
linking...
Program Size: Code=7976 RO-data=360 RW-data=36 ZI-data=1212  
FromELF: creating hex file...
"STM32F103RCT6_HMI\STM32F103RCT6_HMI.axf" - 0 Error(s), 0 Warning(s).

<h2>Software Packages used:</h2>

Package Vendor: ARM
                http://www.keil.com/pack/ARM.CMSIS.4.2.0.pack
                ARM::CMSIS:CORE:3.40.0
                CMSIS (Cortex Microcontroller Software Interface Standard)
   * Component: CORE Version: 3.40.0

<h2>Collection of Component include folders:</h2>
  D:\单片机学习\STM32Cube\HMI 迪文屏\STM32的评估板与DGUSII屏交互，几行C代码轻松实现一些简单的功能\MCU_STM32F103RCT6程序\STM32F103RCT6_HMI\MDK-ARM\RTE
  C:\Keil_v5\ARM\PACK\ARM\CMSIS\4.2.0\CMSIS\Include
  C:\Keil_v5\ARM\PACK\Keil\STM32F1xx_DFP\1.0.5\Device\Include

<h2>Collection of Component Files used:</h2>

   * Component: ARM::CMSIS:CORE:3.40.0
      Source file:   CMSIS\UserCodeTemplates\ARM\ITM_Retarget.c
</pre>
</body>
</html>
