<html>
<body>
<pre>
<h1>礦ision Build Log</h1>
<h2>Tool Versions:</h2>
IDE-Version: μVision V5.14.0.0
Copyright (C) 2015 ARM Ltd and ARM Germany GmbH. All rights reserved.
License Information: LGY Dell, LGY, LIC=HF856-DZZXS-VJQ6J-U3ST5-SI4FU-BN541
 
Tool Versions:
Toolchain:       MDK-ARM Professional  Version: 5.14.0.0
Toolchain Path:  C:\Keil_v5\ARM\ARMCC\Bin
C Compiler:      Armcc.exe V5.05 update 1 (build 106)
Assembler:       Armasm.exe V5.05 update 1 (build 106)
Linker/Locator:  ArmLink.exe V5.05 update 1 (build 106)
Library Manager: ArmAr.exe V5.05 update 1 (build 106)
Hex Converter:   FromElf.exe V5.05 update 1 (build 106)
CPU DLL:         SARMCM3.DLL V5.14.0.0
Dialog DLL:      DARMSTM.DLL V1.65.0.0
Target DLL:      Segger\JL2CM3.dll V2.99.13.0
Dialog DLL:      TARMSTM.DLL V1.64.0.0
 
<h2>Project:</h2>
D:\单片机学习\STM32F1\RFID_RC522\RC522_Project\USER\TEST.uvprojx
Project File Date:  01/22/2019

<h2>Output:</h2>
Build target 'Target 1'
compiling rc522.C...
..\FWLIB\RC522\rc522.C(286): warning:  #550-D: variable "status" was set but never used
      uint8_t   status;
..\FWLIB\RC522\rc522.C: 1 warning, 0 errors
linking...
Program Size: Code=6598 RO-data=3366 RW-data=156 ZI-data=1852  
FromELF: creating hex file...
"..\OBJ\TEST.axf" - 0 Error(s), 1 Warning(s).

<h2>Collection of Component include folders:</h2>
  D:\单片机学习\STM32F1\RFID_RC522\RC522_Project\USER\RTE
  C:\Keil_v5\ARM\PACK\Keil\STM32F1xx_DFP\1.0.5\Device\Include

<h2>Collection of Component Files used:</h2>
</pre>
</body>
</html>
