<html>
<body>
<pre>
<h1>礦ision Build Log</h1>
<h2>Tool Versions:</h2>
IDE-Version: μVision V5.14.0.0
Copyright (C) 2015 ARM Ltd and ARM Germany GmbH. All rights reserved.
License Information: LGY Dell, LGY, LIC=HF856-DZZXS-VJQ6J-U3ST5-SI4FU-BN541
 
Tool Versions:
Toolchain:       MDK-ARM Professional  Version: 5.14.0.0
Toolchain Path:  C:\Keil_v5\ARM\ARMCC\Bin
C Compiler:      Armcc.exe V5.05 update 1 (build 106)
Assembler:       Armasm.exe V5.05 update 1 (build 106)
Linker/Locator:  ArmLink.exe V5.05 update 1 (build 106)
Library Manager: ArmAr.exe V5.05 update 1 (build 106)
Hex Converter:   FromElf.exe V5.05 update 1 (build 106)
CPU DLL:         SARMCM3.DLL V5.14.0.0
Dialog DLL:      DCM.DLL V1.13.1.0
Target DLL:      Segger\JL2CM3.dll V2.99.13.0
Dialog DLL:      TCM.DLL V1.14.4.0
 
<h2>Project:</h2>
C:\Users\Dell\Desktop\STM32F1\GY-53资料v1\STM32\STM32_USART\user\STM32_USART.uvprojx
Project File Date:  09/19/2018

<h2>Output:</h2>
Build target 'STM32_USART'
compiling main.c...
main.c(46): warning:  #177-D: variable "data" was declared but never referenced
        int16_t data=0;
main.c(47): warning:  #550-D: variable "distance" was set but never used
        uint16_t distance=0;
main.c: 2 warnings, 0 errors
linking...
Program Size: Code=5184 RO-data=268 RW-data=56 ZI-data=1656  
"..\Output\STM32_USART.axf" - 0 Error(s), 2 Warning(s).

<h2>Collection of Component include folders:</h2>
  C:\Users\Dell\Desktop\STM32F1\GY-53资料v1\STM32\STM32_USART\user\RTE
  C:\Keil_v5\ARM\PACK\Keil\STM32F1xx_DFP\1.0.5\Device\Include

<h2>Collection of Component Files used:</h2>
</pre>
</body>
</html>
